{"synthetic": false,
 "schemaVersion": "2025-09-10",
 "outputs":
 {"o": ["5817209003ddd39f.olean"],
  "m": false,
  "i": "60e88eaecd284160.ilean",
  "c": "24ea08a323ef50d0.c"},
 "log":
 [{"message":
   ".> LEAN_PATH=/Users/moqian/LeanSort/.lake/packages/Cli/.lake/build/lib/lean:/Users/moqian/LeanSort/.lake/packages/batteries/.lake/build/lib/lean:/Users/moqian/LeanSort/.lake/packages/Qq/.lake/build/lib/lean:/Users/moqian/LeanSort/.lake/packages/aesop/.lake/build/lib/lean:/Users/moqian/LeanSort/.lake/packages/proofwidgets/.lake/build/lib/lean:/Users/moqian/LeanSort/.lake/packages/importGraph/.lake/build/lib/lean:/Users/moqian/LeanSort/.lake/packages/LeanSearchClient/.lake/build/lib/lean:/Users/moqian/LeanSort/.lake/packages/plausible/.lake/build/lib/lean:/Users/moqian/LeanSort/.lake/packages/mathlib/.lake/build/lib/lean:/Users/moqian/LeanSort/.lake/packages/cslib/.lake/build/lib/lean:/Users/moqian/LeanSort/.lake/build/lib/lean /Users/moqian/.elan/toolchains/leanprover--lean4---v4.34.0-rc2/bin/lean /Users/moqian/LeanSort/LeanSort/Verification/Shell/Permutation.lean -o /Users/moqian/LeanSort/.lake/build/lib/lean/LeanSort/Verification/Shell/Permutation.olean -i /Users/moqian/LeanSort/.lake/build/lib/lean/LeanSort/Verification/Shell/Permutation.ilean -c /Users/moqian/LeanSort/.lake/build/ir/LeanSort/Verification/Shell/Permutation.c --setup /Users/moqian/LeanSort/.lake/build/ir/LeanSort/Verification/Shell/Permutation.setup.json --json",
   "level": "trace"}],
 "inputs":
 [["deps",
   [["leansort/LeanSort:extraDep",
     [["@leansort:extraDep", "00000000000006bb"]]],
    ["imports",
     [["LeanSort.Algorithm.Shell transitive imports (legacy)",
       "b3d7a295e7ee80c6"],
      ["LeanSort.Algorithm.Shell:importAllArts", "c871a8da5c88ca2a"]]]]],
  ["libs",
   [["import dynlibs", "00000000000006bb"],
    ["package external libraries", "00000000000006bb"],
    ["module dynlibs", "00000000000006bb"],
    ["module plugins", "00000000000006bb"]]],
  ["Lean 4.34.0, commit 6a10ac8c22beadecabdbb0919c2b50214762f91d",
   "365244c167ac8c1d"],
  ["/Users/moqian/LeanSort/LeanSort/Verification/Shell/Permutation.lean",
   "49abfd65c6cbd590"],
  ["options", "00000000000006bb"],
  ["isModule: false", "feefd2a0d3a1847e"],
  ["Module.name: LeanSort.Verification.Shell.Permutation", "a0309d7029d1ca32"],
  ["Package.id?: (some leansort)", "c099074cf6e8ec59"],
  ["Module.leanArgs: #[]", "00000000000006bb"]],
 "depHash": "42ee4bf9a98d3460"}