{"synthetic": false,
 "schemaVersion": "2025-09-10",
 "outputs":
 {"o": ["7df2e0ddb1066723.olean"],
  "m": false,
  "i": "8d8391e2c6e6ffa3.ilean",
  "c": "395da0c0b7c8654a.c"},
 "log":
 [{"message":
   ".> LEAN_PATH=/Users/moqian/LeanSort/.lake/packages/Cli/.lake/build/lib/lean:/Users/moqian/LeanSort/.lake/packages/batteries/.lake/build/lib/lean:/Users/moqian/LeanSort/.lake/packages/Qq/.lake/build/lib/lean:/Users/moqian/LeanSort/.lake/packages/aesop/.lake/build/lib/lean:/Users/moqian/LeanSort/.lake/packages/proofwidgets/.lake/build/lib/lean:/Users/moqian/LeanSort/.lake/packages/importGraph/.lake/build/lib/lean:/Users/moqian/LeanSort/.lake/packages/LeanSearchClient/.lake/build/lib/lean:/Users/moqian/LeanSort/.lake/packages/plausible/.lake/build/lib/lean:/Users/moqian/LeanSort/.lake/packages/mathlib/.lake/build/lib/lean:/Users/moqian/LeanSort/.lake/build/lib/lean /Users/moqian/.elan/toolchains/leanprover--lean4---v4.34.0-rc2/bin/lean /Users/moqian/LeanSort/LeanSort/InsertionSort/Algorithm.lean -o /Users/moqian/LeanSort/.lake/build/lib/lean/LeanSort/InsertionSort/Algorithm.olean -i /Users/moqian/LeanSort/.lake/build/lib/lean/LeanSort/InsertionSort/Algorithm.ilean -c /Users/moqian/LeanSort/.lake/build/ir/LeanSort/InsertionSort/Algorithm.c --setup /Users/moqian/LeanSort/.lake/build/ir/LeanSort/InsertionSort/Algorithm.setup.json --json",
   "level": "trace"}],
 "inputs":
 [["deps",
   [["leansort/LeanSort:extraDep",
     [["@leansort:extraDep", "00000000000006bb"]]],
    ["imports",
     [["Mathlib.Data.List.Sort transitive imports (legacy)",
       "2890bd9c41a8b9f3"],
      ["Mathlib.Data.List.Sort:importAllArts", "bbcd35d42382f512"],
      ["LeanSort.Inversions transitive imports (legacy)", "0503d73798a5b558"],
      ["LeanSort.Inversions:importAllArts", "f789dbc2030a5d54"]]]]],
  ["libs",
   [["import dynlibs", "00000000000006bb"],
    ["package external libraries", "00000000000006bb"],
    ["module dynlibs", "00000000000006bb"],
    ["module plugins", "00000000000006bb"]]],
  ["Lean 4.34.0, commit 6a10ac8c22beadecabdbb0919c2b50214762f91d",
   "365244c167ac8c1d"],
  ["/Users/moqian/LeanSort/LeanSort/InsertionSort/Algorithm.lean",
   "6428bf174ce64ecf"],
  ["options", "00000000000006bb"],
  ["isModule: false", "feefd2a0d3a1847e"],
  ["Module.name: LeanSort.InsertionSort.Algorithm", "ece04716a12e6156"],
  ["Package.id?: (some leansort)", "c099074cf6e8ec59"],
  ["Module.leanArgs: #[]", "00000000000006bb"]],
 "depHash": "d1f6e8e86b6c3f98"}