{"synthetic": false,
 "schemaVersion": "2025-09-10",
 "outputs":
 {"o": ["fcf67918e2c9a08e.olean"],
  "m": false,
  "i": "6971aed2b5703339.ilean",
  "c": "d66898d3cbab2659.c"},
 "log":
 [{"message":
   ".> LEAN_PATH=/Users/moqian/LeanSort/.lake/packages/Cli/.lake/build/lib/lean:/Users/moqian/LeanSort/.lake/packages/batteries/.lake/build/lib/lean:/Users/moqian/LeanSort/.lake/packages/Qq/.lake/build/lib/lean:/Users/moqian/LeanSort/.lake/packages/aesop/.lake/build/lib/lean:/Users/moqian/LeanSort/.lake/packages/proofwidgets/.lake/build/lib/lean:/Users/moqian/LeanSort/.lake/packages/importGraph/.lake/build/lib/lean:/Users/moqian/LeanSort/.lake/packages/LeanSearchClient/.lake/build/lib/lean:/Users/moqian/LeanSort/.lake/packages/plausible/.lake/build/lib/lean:/Users/moqian/LeanSort/.lake/packages/mathlib/.lake/build/lib/lean:/Users/moqian/LeanSort/.lake/build/lib/lean /Users/moqian/.elan/toolchains/leanprover--lean4---v4.34.0-rc2/bin/lean /Users/moqian/LeanSort/LeanSort/Verification/Selection.lean -o /Users/moqian/LeanSort/.lake/build/lib/lean/LeanSort/Verification/Selection.olean -i /Users/moqian/LeanSort/.lake/build/lib/lean/LeanSort/Verification/Selection.ilean -c /Users/moqian/LeanSort/.lake/build/ir/LeanSort/Verification/Selection.c --setup /Users/moqian/LeanSort/.lake/build/ir/LeanSort/Verification/Selection.setup.json --json",
   "level": "trace"}],
 "inputs":
 [["deps",
   [["leansort/LeanSort:extraDep",
     [["@leansort:extraDep", "00000000000006bb"]]],
    ["imports",
     [["LeanSort.Algorithm.Selection transitive imports (legacy)",
       "5e9a0ab1445b5162"],
      ["LeanSort.Algorithm.Selection:importAllArts", "21acde12a007a083"],
      ["LeanSort.Verification.Rearrangement transitive imports (legacy)",
       "5e9a0ab1445b5162"],
      ["LeanSort.Verification.Rearrangement:importAllArts", "79784219e0f99653"],
      ["LeanSort.SortSpec transitive imports (legacy)", "b3d7a295e7ee80c6"],
      ["LeanSort.SortSpec:importAllArts", "4aece1b88d683e2b"]]]]],
  ["libs",
   [["import dynlibs", "00000000000006bb"],
    ["package external libraries", "00000000000006bb"],
    ["module dynlibs", "00000000000006bb"],
    ["module plugins", "00000000000006bb"]]],
  ["Lean 4.34.0, commit 6a10ac8c22beadecabdbb0919c2b50214762f91d",
   "365244c167ac8c1d"],
  ["/Users/moqian/LeanSort/LeanSort/Verification/Selection.lean",
   "3e9d54820545a88f"],
  ["options", "00000000000006bb"],
  ["isModule: false", "feefd2a0d3a1847e"],
  ["Module.name: LeanSort.Verification.Selection", "f00f73c431632717"],
  ["Package.id?: (some leansort)", "c099074cf6e8ec59"],
  ["Module.leanArgs: #[]", "00000000000006bb"]],
 "depHash": "18a735d3bc452883"}