{"synthetic": false,
 "schemaVersion": "2025-09-10",
 "outputs":
 {"o": ["6deb653d967ef34b.olean"],
  "m": false,
  "i": "1dde4548d3003e21.ilean",
  "c": "556214f15f0d6f83.c"},
 "log":
 [{"message":
   ".> LEAN_PATH=/Users/moqian/LeanSort/.lake/packages/Cli/.lake/build/lib/lean:/Users/moqian/LeanSort/.lake/packages/batteries/.lake/build/lib/lean:/Users/moqian/LeanSort/.lake/packages/Qq/.lake/build/lib/lean:/Users/moqian/LeanSort/.lake/packages/aesop/.lake/build/lib/lean:/Users/moqian/LeanSort/.lake/packages/proofwidgets/.lake/build/lib/lean:/Users/moqian/LeanSort/.lake/packages/importGraph/.lake/build/lib/lean:/Users/moqian/LeanSort/.lake/packages/LeanSearchClient/.lake/build/lib/lean:/Users/moqian/LeanSort/.lake/packages/plausible/.lake/build/lib/lean:/Users/moqian/LeanSort/.lake/packages/mathlib/.lake/build/lib/lean:/Users/moqian/LeanSort/.lake/packages/cslib/.lake/build/lib/lean:/Users/moqian/LeanSort/.lake/build/lib/lean /Users/moqian/.elan/toolchains/leanprover--lean4---v4.34.0-rc2/bin/lean /Users/moqian/LeanSort/LeanSort/Search/Bounds.lean -o /Users/moqian/LeanSort/.lake/build/lib/lean/LeanSort/Search/Bounds.olean -i /Users/moqian/LeanSort/.lake/build/lib/lean/LeanSort/Search/Bounds.ilean -c /Users/moqian/LeanSort/.lake/build/ir/LeanSort/Search/Bounds.c --setup /Users/moqian/LeanSort/.lake/build/ir/LeanSort/Search/Bounds.setup.json --json",
   "level": "trace"}],
 "inputs":
 [["deps",
   [["leansort/LeanSort:extraDep",
     [["@leansort:extraDep", "00000000000006bb"]]],
    ["imports",
     [["Mathlib.Data.Nat.Log transitive imports (legacy)", "4a3416efca4d6d76"],
      ["Mathlib.Data.Nat.Log:importAllArts", "437c7d1aa8718565"],
      ["Mathlib.Analysis.Asymptotics.Lemmas transitive imports (legacy)",
       "8337c7c07cbe69e2"],
      ["Mathlib.Analysis.Asymptotics.Lemmas:importAllArts",
       "653b3e367e072e60"]]]]],
  ["libs",
   [["import dynlibs", "00000000000006bb"],
    ["package external libraries", "00000000000006bb"],
    ["module dynlibs", "00000000000006bb"],
    ["module plugins", "00000000000006bb"]]],
  ["Lean 4.34.0, commit 6a10ac8c22beadecabdbb0919c2b50214762f91d",
   "365244c167ac8c1d"],
  ["/Users/moqian/LeanSort/LeanSort/Search/Bounds.lean", "f69119d0341862f5"],
  ["options", "00000000000006bb"],
  ["isModule: false", "feefd2a0d3a1847e"],
  ["Module.name: LeanSort.Search.Bounds", "f0224f3ef94f311c"],
  ["Package.id?: (some leansort)", "c099074cf6e8ec59"],
  ["Module.leanArgs: #[]", "00000000000006bb"]],
 "depHash": "67d0c2c691dbfd38"}