{"synthetic": false,
 "schemaVersion": "2025-09-10",
 "outputs":
 {"o": ["4c93911c64730092.olean"],
  "m": false,
  "i": "c7ce6efbde54b679.ilean",
  "c": "58834a9460374461.c"},
 "log":
 [{"message":
   ".> LEAN_PATH=/Users/moqian/LeanSort/.lake/packages/Cli/.lake/build/lib/lean:/Users/moqian/LeanSort/.lake/packages/batteries/.lake/build/lib/lean:/Users/moqian/LeanSort/.lake/packages/Qq/.lake/build/lib/lean:/Users/moqian/LeanSort/.lake/packages/aesop/.lake/build/lib/lean:/Users/moqian/LeanSort/.lake/packages/proofwidgets/.lake/build/lib/lean:/Users/moqian/LeanSort/.lake/packages/importGraph/.lake/build/lib/lean:/Users/moqian/LeanSort/.lake/packages/LeanSearchClient/.lake/build/lib/lean:/Users/moqian/LeanSort/.lake/packages/plausible/.lake/build/lib/lean:/Users/moqian/LeanSort/.lake/packages/mathlib/.lake/build/lib/lean:/Users/moqian/LeanSort/.lake/packages/cslib/.lake/build/lib/lean:/Users/moqian/LeanSort/.lake/build/lib/lean /Users/moqian/.elan/toolchains/leanprover--lean4---v4.34.0-rc2/bin/lean /Users/moqian/LeanSort/LeanSort/Search/Catalog.lean -o /Users/moqian/LeanSort/.lake/build/lib/lean/LeanSort/Search/Catalog.olean -i /Users/moqian/LeanSort/.lake/build/lib/lean/LeanSort/Search/Catalog.ilean -c /Users/moqian/LeanSort/.lake/build/ir/LeanSort/Search/Catalog.c --setup /Users/moqian/LeanSort/.lake/build/ir/LeanSort/Search/Catalog.setup.json --json",
   "level": "trace"}],
 "inputs":
 [["deps",
   [["leansort/LeanSort:extraDep",
     [["@leansort:extraDep", "00000000000006bb"]]],
    ["imports",
     [["LeanSort.Search.Constraints transitive imports (legacy)",
       "0c7ba5fe32703e25"],
      ["LeanSort.Search.Constraints:importAllArts", "cd911df31f692775"],
      ["LeanSort.Verification.Insertion.Correctness transitive imports (legacy)",
       "9aafbf6db8a57aa4"],
      ["LeanSort.Verification.Insertion.Correctness:importAllArts",
       "c38ec0e2a063291f"],
      ["LeanSort.Verification.Bubble.Correctness transitive imports (legacy)",
       "1b0c47dca3115fd1"],
      ["LeanSort.Verification.Bubble.Correctness:importAllArts",
       "3cab02a6754cee5d"],
      ["LeanSort.Verification.Selection.Correctness transitive imports (legacy)",
       "428000d87fa0b584"],
      ["LeanSort.Verification.Selection.Correctness:importAllArts",
       "ce7fc270baa1e586"],
      ["LeanSort.Verification.Merge.Correctness transitive imports (legacy)",
       "632f623bd2010b80"],
      ["LeanSort.Verification.Merge.Correctness:importAllArts",
       "b3d2830478e3fdf5"],
      ["LeanSort.Verification.Pancake.Correctness transitive imports (legacy)",
       "6ca9e0137b1e2c28"],
      ["LeanSort.Verification.Pancake.Correctness:importAllArts",
       "4ec1f8af91b0a055"],
      ["LeanSort.Verification.Quick.Correctness transitive imports (legacy)",
       "033de5a4a0cccc66"],
      ["LeanSort.Verification.Quick.Correctness:importAllArts",
       "0242953d551f29dc"],
      ["LeanSort.Verification.Shell.Permutation transitive imports (legacy)",
       "3e4e3f3b50ae9116"],
      ["LeanSort.Verification.Shell.Permutation:importAllArts",
       "62341a81bbc38cbb"],
      ["LeanSort.Verification.Radix.Permutation transitive imports (legacy)",
       "9227072ae2e3cc76"],
      ["LeanSort.Verification.Radix.Permutation:importAllArts",
       "c8a221ddd0b6fb34"],
      ["LeanSort.Verification.Counting.Sortedness transitive imports (legacy)",
       "a69d99378cff56ef"],
      ["LeanSort.Verification.Counting.Sortedness:importAllArts",
       "c379a06294452baa"]]]]],
  ["libs",
   [["import dynlibs", "00000000000006bb"],
    ["package external libraries", "00000000000006bb"],
    ["module dynlibs", "00000000000006bb"],
    ["module plugins", "00000000000006bb"]]],
  ["Lean 4.34.0, commit 6a10ac8c22beadecabdbb0919c2b50214762f91d",
   "365244c167ac8c1d"],
  ["/Users/moqian/LeanSort/LeanSort/Search/Catalog.lean", "8861ef71c45f3596"],
  ["options", "00000000000006bb"],
  ["isModule: false", "feefd2a0d3a1847e"],
  ["Module.name: LeanSort.Search.Catalog", "edc966c644557c82"],
  ["Package.id?: (some leansort)", "c099074cf6e8ec59"],
  ["Module.leanArgs: #[]", "00000000000006bb"]],
 "depHash": "a685b8084222f17d"}