{"synthetic": false,
 "schemaVersion": "2025-09-10",
 "outputs":
 {"o": ["ad29d1c511d873b5.olean"],
  "m": false,
  "i": "f9cca04b1117f735.ilean",
  "c": "86bec7de8ab3e598.c"},
 "log":
 [{"message":
   ".> LEAN_PATH=/Users/moqian/LeanSort/.lake/packages/Cli/.lake/build/lib/lean:/Users/moqian/LeanSort/.lake/packages/batteries/.lake/build/lib/lean:/Users/moqian/LeanSort/.lake/packages/Qq/.lake/build/lib/lean:/Users/moqian/LeanSort/.lake/packages/aesop/.lake/build/lib/lean:/Users/moqian/LeanSort/.lake/packages/proofwidgets/.lake/build/lib/lean:/Users/moqian/LeanSort/.lake/packages/importGraph/.lake/build/lib/lean:/Users/moqian/LeanSort/.lake/packages/LeanSearchClient/.lake/build/lib/lean:/Users/moqian/LeanSort/.lake/packages/plausible/.lake/build/lib/lean:/Users/moqian/LeanSort/.lake/packages/mathlib/.lake/build/lib/lean:/Users/moqian/LeanSort/.lake/packages/cslib/.lake/build/lib/lean:/Users/moqian/LeanSort/.lake/build/lib/lean /Users/moqian/.elan/toolchains/leanprover--lean4---v4.34.0-rc2/bin/lean /Users/moqian/LeanSort/LeanSort/Search/Constraints.lean -o /Users/moqian/LeanSort/.lake/build/lib/lean/LeanSort/Search/Constraints.olean -i /Users/moqian/LeanSort/.lake/build/lib/lean/LeanSort/Search/Constraints.ilean -c /Users/moqian/LeanSort/.lake/build/ir/LeanSort/Search/Constraints.c --setup /Users/moqian/LeanSort/.lake/build/ir/LeanSort/Search/Constraints.setup.json --json",
   "level": "trace"}],
 "inputs":
 [["deps",
   [["leansort/LeanSort:extraDep",
     [["@leansort:extraDep", "00000000000006bb"]]],
    ["imports",
     [["LeanSort.Algorithm.Insertion transitive imports (legacy)",
       "d7ed03c9a15d7c22"],
      ["LeanSort.Algorithm.Insertion:importAllArts", "5a86e93ab0b1a495"],
      ["LeanSort.Algorithm.Bubble transitive imports (legacy)",
       "d7ed03c9a15d7c22"],
      ["LeanSort.Algorithm.Bubble:importAllArts", "fcdd9207e0ed97c6"],
      ["LeanSort.Algorithm.Selection transitive imports (legacy)",
       "d7ed03c9a15d7c22"],
      ["LeanSort.Algorithm.Selection:importAllArts", "9c1244d42344ebd1"],
      ["LeanSort.Algorithm.Merge transitive imports (legacy)",
       "4616ec585cd42bf7"],
      ["LeanSort.Algorithm.Merge:importAllArts", "9f411099faa07c74"],
      ["LeanSort.Algorithm.Pancake transitive imports (legacy)",
       "d7ed03c9a15d7c22"],
      ["LeanSort.Algorithm.Pancake:importAllArts", "8540d091d90692f3"],
      ["LeanSort.Algorithm.Quick transitive imports (legacy)",
       "b3d7a295e7ee80c6"],
      ["LeanSort.Algorithm.Quick:importAllArts", "0300fcdab062e78a"],
      ["LeanSort.Algorithm.Heap transitive imports (legacy)",
       "82e0d67070a0b381"],
      ["LeanSort.Algorithm.Heap:importAllArts", "7c1a128b40bb1cde"],
      ["LeanSort.Algorithm.Shell transitive imports (legacy)",
       "b3d7a295e7ee80c6"],
      ["LeanSort.Algorithm.Shell:importAllArts", "c871a8da5c88ca2a"],
      ["LeanSort.Algorithm.Counting transitive imports (legacy)",
       "b3d7a295e7ee80c6"],
      ["LeanSort.Algorithm.Counting:importAllArts", "3b86125d3b419b39"],
      ["LeanSort.Algorithm.Radix transitive imports (legacy)",
       "31c75600bf435aff"],
      ["LeanSort.Algorithm.Radix:importAllArts", "22874c2ac7c31f02"],
      ["LeanSort.Property.Sorting transitive imports (legacy)",
       "4ab3ad42ec5cda47"],
      ["LeanSort.Property.Sorting:importAllArts", "1d67d94339f6b663"],
      ["LeanSort.Verification.Merge.Cost transitive imports (legacy)",
       "545dd3c3dd067e7c"],
      ["LeanSort.Verification.Merge.Cost:importAllArts", "664d68c9a709dc1a"],
      ["LeanSort.Verification.Selection.Cost transitive imports (legacy)",
       "eed1b1cba2851b88"],
      ["LeanSort.Verification.Selection.Cost:importAllArts",
       "00235a6b82165863"],
      ["LeanSort.Verification.Insertion.Cost transitive imports (legacy)",
       "564449d46dd28eb8"],
      ["LeanSort.Verification.Insertion.Cost:importAllArts",
       "84d1afb89c2bb9b2"],
      ["LeanSort.Verification.Bubble.Cost transitive imports (legacy)",
       "c5f5ad7377767117"],
      ["LeanSort.Verification.Bubble.Cost:importAllArts", "2d670410a53f232a"],
      ["LeanSort.Verification.Pancake.Cost transitive imports (legacy)",
       "670de8e543ca79fc"],
      ["LeanSort.Verification.Pancake.Cost:importAllArts", "aff6a64389c9b5da"],
      ["LeanSort.Search.Bounds transitive imports (legacy)",
       "78b20b6ef5b36471"],
      ["LeanSort.Search.Bounds:importAllArts", "8f50b4cb3a710b4a"],
      ["LeanSort.Semantics.Adapters transitive imports (legacy)",
       "51c7c9c9d263cc6b"],
      ["LeanSort.Semantics.Adapters:importAllArts", "4c7a51a5afe40796"],
      ["LeanSort.Model.Inversions transitive imports (legacy)",
       "b3d7a295e7ee80c6"],
      ["LeanSort.Model.Inversions:importAllArts", "77af1f33b2826f74"]]]]],
  ["libs",
   [["import dynlibs", "00000000000006bb"],
    ["package external libraries", "00000000000006bb"],
    ["module dynlibs", "00000000000006bb"],
    ["module plugins", "00000000000006bb"]]],
  ["Lean 4.34.0, commit 6a10ac8c22beadecabdbb0919c2b50214762f91d",
   "365244c167ac8c1d"],
  ["/Users/moqian/LeanSort/LeanSort/Search/Constraints.lean",
   "14623fdf2e7c3b5e"],
  ["options", "00000000000006bb"],
  ["isModule: false", "feefd2a0d3a1847e"],
  ["Module.name: LeanSort.Search.Constraints", "4a096e87029bcd5d"],
  ["Package.id?: (some leansort)", "c099074cf6e8ec59"],
  ["Module.leanArgs: #[]", "00000000000006bb"]],
 "depHash": "1da58a3cd6dd7e0e"}