{"synthetic": false,
 "schemaVersion": "2025-09-10",
 "outputs":
 {"o": ["efac0df9a985da13.olean"],
  "m": false,
  "i": "e095449f25ee9ef1.ilean",
  "c": "ac73577847cee281.c"},
 "log":
 [{"message":
   ".> LEAN_PATH=/Users/moqian/LeanSort/.lake/packages/Cli/.lake/build/lib/lean:/Users/moqian/LeanSort/.lake/packages/batteries/.lake/build/lib/lean:/Users/moqian/LeanSort/.lake/packages/Qq/.lake/build/lib/lean:/Users/moqian/LeanSort/.lake/packages/aesop/.lake/build/lib/lean:/Users/moqian/LeanSort/.lake/packages/proofwidgets/.lake/build/lib/lean:/Users/moqian/LeanSort/.lake/packages/importGraph/.lake/build/lib/lean:/Users/moqian/LeanSort/.lake/packages/LeanSearchClient/.lake/build/lib/lean:/Users/moqian/LeanSort/.lake/packages/plausible/.lake/build/lib/lean:/Users/moqian/LeanSort/.lake/packages/mathlib/.lake/build/lib/lean:/Users/moqian/LeanSort/.lake/build/lib/lean /Users/moqian/.elan/toolchains/leanprover--lean4---v4.34.0-rc2/bin/lean /Users/moqian/LeanSort/LeanSort/Sequence/Move/PrefixReversal.lean -o /Users/moqian/LeanSort/.lake/build/lib/lean/LeanSort/Sequence/Move/PrefixReversal.olean -i /Users/moqian/LeanSort/.lake/build/lib/lean/LeanSort/Sequence/Move/PrefixReversal.ilean -c /Users/moqian/LeanSort/.lake/build/ir/LeanSort/Sequence/Move/PrefixReversal.c --setup /Users/moqian/LeanSort/.lake/build/ir/LeanSort/Sequence/Move/PrefixReversal.setup.json --json",
   "level": "trace"}],
 "inputs":
 [["deps",
   [["leansort/LeanSort:extraDep",
     [["@leansort:extraDep", "00000000000006bb"]]],
    ["imports",
     [["LeanSort.Core.MoveSystem transitive imports (legacy)",
       "00000000000006bb"],
      ["LeanSort.Core.MoveSystem:importAllArts", "286e8357e052b751"]]]]],
  ["libs",
   [["import dynlibs", "00000000000006bb"],
    ["package external libraries", "00000000000006bb"],
    ["module dynlibs", "00000000000006bb"],
    ["module plugins", "00000000000006bb"]]],
  ["Lean 4.34.0, commit 6a10ac8c22beadecabdbb0919c2b50214762f91d",
   "365244c167ac8c1d"],
  ["/Users/moqian/LeanSort/LeanSort/Sequence/Move/PrefixReversal.lean",
   "0b65339ac2a1ee7f"],
  ["options", "00000000000006bb"],
  ["isModule: false", "feefd2a0d3a1847e"],
  ["Module.name: LeanSort.Sequence.Move.PrefixReversal", "8cf01951727d3188"],
  ["Package.id?: (some leansort)", "c099074cf6e8ec59"],
  ["Module.leanArgs: #[]", "00000000000006bb"]],
 "depHash": "7e985b49f049c611"}