{"synthetic": false,
 "schemaVersion": "2025-09-10",
 "outputs":
 {"o": ["d0fcf398856dbad2.olean"],
  "m": false,
  "i": "b379a825f3db0a99.ilean",
  "c": "be14c198500fb94f.c"},
 "log":
 [{"message":
   ".> LEAN_PATH=/Users/moqian/LeanSort/.lake/packages/Cli/.lake/build/lib/lean:/Users/moqian/LeanSort/.lake/packages/batteries/.lake/build/lib/lean:/Users/moqian/LeanSort/.lake/packages/Qq/.lake/build/lib/lean:/Users/moqian/LeanSort/.lake/packages/aesop/.lake/build/lib/lean:/Users/moqian/LeanSort/.lake/packages/proofwidgets/.lake/build/lib/lean:/Users/moqian/LeanSort/.lake/packages/importGraph/.lake/build/lib/lean:/Users/moqian/LeanSort/.lake/packages/LeanSearchClient/.lake/build/lib/lean:/Users/moqian/LeanSort/.lake/packages/plausible/.lake/build/lib/lean:/Users/moqian/LeanSort/.lake/packages/mathlib/.lake/build/lib/lean:/Users/moqian/LeanSort/.lake/packages/cslib/.lake/build/lib/lean:/Users/moqian/LeanSort/.lake/build/lib/lean /Users/moqian/.elan/toolchains/leanprover--lean4---v4.34.0-rc2/bin/lean /Users/moqian/LeanSort/LeanSort/Verification/Properties/Bounds.lean -o /Users/moqian/LeanSort/.lake/build/lib/lean/LeanSort/Verification/Properties/Bounds.olean -i /Users/moqian/LeanSort/.lake/build/lib/lean/LeanSort/Verification/Properties/Bounds.ilean -c /Users/moqian/LeanSort/.lake/build/ir/LeanSort/Verification/Properties/Bounds.c --setup /Users/moqian/LeanSort/.lake/build/ir/LeanSort/Verification/Properties/Bounds.setup.json --json",
   "level": "trace"}],
 "inputs":
 [["deps",
   [["leansort/LeanSort:extraDep",
     [["@leansort:extraDep", "00000000000006bb"]]],
    ["imports",
     [["LeanSort.Search.Bounds transitive imports (legacy)",
       "78b20b6ef5b36471"],
      ["LeanSort.Search.Bounds:importAllArts", "8f50b4cb3a710b4a"]]]]],
  ["libs",
   [["import dynlibs", "00000000000006bb"],
    ["package external libraries", "00000000000006bb"],
    ["module dynlibs", "00000000000006bb"],
    ["module plugins", "00000000000006bb"]]],
  ["Lean 4.34.0, commit 6a10ac8c22beadecabdbb0919c2b50214762f91d",
   "365244c167ac8c1d"],
  ["/Users/moqian/LeanSort/LeanSort/Verification/Properties/Bounds.lean",
   "00b966da54a14e51"],
  ["options", "00000000000006bb"],
  ["isModule: false", "feefd2a0d3a1847e"],
  ["Module.name: LeanSort.Verification.Properties.Bounds", "11de03ada5ccce32"],
  ["Package.id?: (some leansort)", "c099074cf6e8ec59"],
  ["Module.leanArgs: #[]", "00000000000006bb"]],
 "depHash": "a64df4fc9447cca5"}