{"synthetic": false,
 "schemaVersion": "2025-09-10",
 "outputs":
 {"o": ["245b6173a2fa2552.olean"],
  "m": false,
  "i": "3bf76853b31bd209.ilean",
  "c": "6e2d96f2d6299a62.c"},
 "log":
 [{"message":
   ".> LEAN_PATH=/Users/moqian/LeanSort/.lake/packages/Cli/.lake/build/lib/lean:/Users/moqian/LeanSort/.lake/packages/batteries/.lake/build/lib/lean:/Users/moqian/LeanSort/.lake/packages/Qq/.lake/build/lib/lean:/Users/moqian/LeanSort/.lake/packages/aesop/.lake/build/lib/lean:/Users/moqian/LeanSort/.lake/packages/proofwidgets/.lake/build/lib/lean:/Users/moqian/LeanSort/.lake/packages/importGraph/.lake/build/lib/lean:/Users/moqian/LeanSort/.lake/packages/LeanSearchClient/.lake/build/lib/lean:/Users/moqian/LeanSort/.lake/packages/plausible/.lake/build/lib/lean:/Users/moqian/LeanSort/.lake/packages/mathlib/.lake/build/lib/lean:/Users/moqian/LeanSort/.lake/packages/cslib/.lake/build/lib/lean:/Users/moqian/LeanSort/.lake/build/lib/lean /Users/moqian/.elan/toolchains/leanprover--lean4---v4.34.0-rc2/bin/lean /Users/moqian/LeanSort/LeanSort/Verification/Properties/Samples.lean -o /Users/moqian/LeanSort/.lake/build/lib/lean/LeanSort/Verification/Properties/Samples.olean -i /Users/moqian/LeanSort/.lake/build/lib/lean/LeanSort/Verification/Properties/Samples.ilean -c /Users/moqian/LeanSort/.lake/build/ir/LeanSort/Verification/Properties/Samples.c --setup /Users/moqian/LeanSort/.lake/build/ir/LeanSort/Verification/Properties/Samples.setup.json --json",
   "level": "trace"}],
 "inputs":
 [["deps",
   [["leansort/LeanSort:extraDep",
     [["@leansort:extraDep", "00000000000006bb"]]],
    ["imports",
     [["LeanSort.Search.Constraints transitive imports (legacy)",
       "302f1ae8512e1ff7"],
      ["LeanSort.Search.Constraints:importAllArts", "197f1c1353948b13"]]]]],
  ["libs",
   [["import dynlibs", "00000000000006bb"],
    ["package external libraries", "00000000000006bb"],
    ["module dynlibs", "00000000000006bb"],
    ["module plugins", "00000000000006bb"]]],
  ["Lean 4.34.0, commit 6a10ac8c22beadecabdbb0919c2b50214762f91d",
   "365244c167ac8c1d"],
  ["/Users/moqian/LeanSort/LeanSort/Verification/Properties/Samples.lean",
   "72f455451d9dcf84"],
  ["options", "00000000000006bb"],
  ["isModule: false", "feefd2a0d3a1847e"],
  ["Module.name: LeanSort.Verification.Properties.Samples", "7db501e2d3d47d9a"],
  ["Package.id?: (some leansort)", "c099074cf6e8ec59"],
  ["Module.leanArgs: #[]", "00000000000006bb"]],
 "depHash": "bab3e72beed84263"}