{"synthetic": false,
 "schemaVersion": "2025-09-10",
 "outputs":
 {"o": ["c91f0363a0cd7f30.olean"],
  "m": false,
  "i": "885e95395ad96176.ilean",
  "c": "9aa9107fd32eb682.c"},
 "log":
 [{"message":
   ".> LEAN_PATH=/Users/moqian/LeanSort/.lake/packages/Cli/.lake/build/lib/lean:/Users/moqian/LeanSort/.lake/packages/batteries/.lake/build/lib/lean:/Users/moqian/LeanSort/.lake/packages/Qq/.lake/build/lib/lean:/Users/moqian/LeanSort/.lake/packages/aesop/.lake/build/lib/lean:/Users/moqian/LeanSort/.lake/packages/proofwidgets/.lake/build/lib/lean:/Users/moqian/LeanSort/.lake/packages/importGraph/.lake/build/lib/lean:/Users/moqian/LeanSort/.lake/packages/LeanSearchClient/.lake/build/lib/lean:/Users/moqian/LeanSort/.lake/packages/plausible/.lake/build/lib/lean:/Users/moqian/LeanSort/.lake/packages/mathlib/.lake/build/lib/lean:/Users/moqian/LeanSort/.lake/build/lib/lean /Users/moqian/.elan/toolchains/leanprover--lean4---v4.34.0-rc2/bin/lean /Users/moqian/LeanSort/LeanSort/Insertion/Property/ReducedWord.lean -o /Users/moqian/LeanSort/.lake/build/lib/lean/LeanSort/Insertion/Property/ReducedWord.olean -i /Users/moqian/LeanSort/.lake/build/lib/lean/LeanSort/Insertion/Property/ReducedWord.ilean -c /Users/moqian/LeanSort/.lake/build/ir/LeanSort/Insertion/Property/ReducedWord.c --setup /Users/moqian/LeanSort/.lake/build/ir/LeanSort/Insertion/Property/ReducedWord.setup.json --json",
   "level": "trace"}],
 "inputs":
 [["deps",
   [["leansort/LeanSort:extraDep",
     [["@leansort:extraDep", "00000000000006bb"]]],
    ["imports",
     [["LeanSort.Insertion.Property.Correctness transitive imports (legacy)",
       "df5426de89b07fba"],
      ["LeanSort.Insertion.Property.Correctness:importAllArts",
       "dd30c88f1fae2850"],
      ["LeanSort.Inversions transitive imports (legacy)", "b3d7a295e7ee80c6"],
      ["LeanSort.Inversions:importAllArts", "1de4189eb066dc31"]]]]],
  ["libs",
   [["import dynlibs", "00000000000006bb"],
    ["package external libraries", "00000000000006bb"],
    ["module dynlibs", "00000000000006bb"],
    ["module plugins", "00000000000006bb"]]],
  ["Lean 4.34.0, commit 6a10ac8c22beadecabdbb0919c2b50214762f91d",
   "365244c167ac8c1d"],
  ["/Users/moqian/LeanSort/LeanSort/Insertion/Property/ReducedWord.lean",
   "ec2273cdcc27e3b5"],
  ["options", "00000000000006bb"],
  ["isModule: false", "feefd2a0d3a1847e"],
  ["Module.name: LeanSort.Insertion.Property.ReducedWord", "3124d842cde13739"],
  ["Package.id?: (some leansort)", "c099074cf6e8ec59"],
  ["Module.leanArgs: #[]", "00000000000006bb"]],
 "depHash": "036f2937633f7667"}