{"synthetic": false,
 "schemaVersion": "2025-09-10",
 "outputs":
 {"o": ["13a8f12c38094c29.olean"],
  "m": false,
  "i": "ab04819978ac49fd.ilean",
  "c": "900ca595d7aecf7b.c"},
 "log":
 [{"message":
   ".> LEAN_PATH=/Users/moqian/LeanSort/.lake/packages/Cli/.lake/build/lib/lean:/Users/moqian/LeanSort/.lake/packages/batteries/.lake/build/lib/lean:/Users/moqian/LeanSort/.lake/packages/Qq/.lake/build/lib/lean:/Users/moqian/LeanSort/.lake/packages/aesop/.lake/build/lib/lean:/Users/moqian/LeanSort/.lake/packages/proofwidgets/.lake/build/lib/lean:/Users/moqian/LeanSort/.lake/packages/importGraph/.lake/build/lib/lean:/Users/moqian/LeanSort/.lake/packages/LeanSearchClient/.lake/build/lib/lean:/Users/moqian/LeanSort/.lake/packages/plausible/.lake/build/lib/lean:/Users/moqian/LeanSort/.lake/packages/mathlib/.lake/build/lib/lean:/Users/moqian/LeanSort/.lake/build/lib/lean /Users/moqian/.elan/toolchains/leanprover--lean4---v4.34.0-rc2/bin/lean /Users/moqian/LeanSort/LeanSort/Insertion/Property/Trace.lean -o /Users/moqian/LeanSort/.lake/build/lib/lean/LeanSort/Insertion/Property/Trace.olean -i /Users/moqian/LeanSort/.lake/build/lib/lean/LeanSort/Insertion/Property/Trace.ilean -c /Users/moqian/LeanSort/.lake/build/ir/LeanSort/Insertion/Property/Trace.c --setup /Users/moqian/LeanSort/.lake/build/ir/LeanSort/Insertion/Property/Trace.setup.json --json",
   "level": "trace"}],
 "inputs":
 [["deps",
   [["leansort/LeanSort:extraDep",
     [["@leansort:extraDep", "00000000000006bb"]]],
    ["imports",
     [["LeanSort.Insertion.Algorithm transitive imports (legacy)",
       "88ca6f5da73003d5"],
      ["LeanSort.Insertion.Algorithm:importAllArts", "57a932d8ff6ce383"]]]]],
  ["libs",
   [["import dynlibs", "00000000000006bb"],
    ["package external libraries", "00000000000006bb"],
    ["module dynlibs", "00000000000006bb"],
    ["module plugins", "00000000000006bb"]]],
  ["Lean 4.34.0, commit 6a10ac8c22beadecabdbb0919c2b50214762f91d",
   "365244c167ac8c1d"],
  ["/Users/moqian/LeanSort/LeanSort/Insertion/Property/Trace.lean",
   "a29699bb1ce72f4e"],
  ["options", "00000000000006bb"],
  ["isModule: false", "feefd2a0d3a1847e"],
  ["Module.name: LeanSort.Insertion.Property.Trace", "1f2a4b3a24ecf3ac"],
  ["Package.id?: (some leansort)", "c099074cf6e8ec59"],
  ["Module.leanArgs: #[]", "00000000000006bb"]],
 "depHash": "e2d57e89a61c2a91"}