{"synthetic": false,
 "schemaVersion": "2025-09-10",
 "outputs":
 {"o": ["f5017032ce283297.olean"],
  "m": false,
  "i": "3cf6c64631c8fbec.ilean",
  "c": "36a6081d873cbccf.c"},
 "log":
 [{"message":
   ".> LEAN_PATH=/Users/moqian/LeanSort/.lake/packages/Cli/.lake/build/lib/lean:/Users/moqian/LeanSort/.lake/packages/batteries/.lake/build/lib/lean:/Users/moqian/LeanSort/.lake/packages/Qq/.lake/build/lib/lean:/Users/moqian/LeanSort/.lake/packages/aesop/.lake/build/lib/lean:/Users/moqian/LeanSort/.lake/packages/proofwidgets/.lake/build/lib/lean:/Users/moqian/LeanSort/.lake/packages/importGraph/.lake/build/lib/lean:/Users/moqian/LeanSort/.lake/packages/LeanSearchClient/.lake/build/lib/lean:/Users/moqian/LeanSort/.lake/packages/plausible/.lake/build/lib/lean:/Users/moqian/LeanSort/.lake/packages/mathlib/.lake/build/lib/lean:/Users/moqian/LeanSort/.lake/build/lib/lean /Users/moqian/.elan/toolchains/leanprover--lean4---v4.34.0-rc2/bin/lean /Users/moqian/LeanSort/LeanSort/InsertionSort/Property/Correctness.lean -o /Users/moqian/LeanSort/.lake/build/lib/lean/LeanSort/InsertionSort/Property/Correctness.olean -i /Users/moqian/LeanSort/.lake/build/lib/lean/LeanSort/InsertionSort/Property/Correctness.ilean -c /Users/moqian/LeanSort/.lake/build/ir/LeanSort/InsertionSort/Property/Correctness.c --setup /Users/moqian/LeanSort/.lake/build/ir/LeanSort/InsertionSort/Property/Correctness.setup.json --json",
   "level": "trace"}],
 "inputs":
 [["deps",
   [["leansort/LeanSort:extraDep",
     [["@leansort:extraDep", "00000000000006bb"]]],
    ["imports",
     [["LeanSort.InsertionSort.Algorithm transitive imports (legacy)",
       "b46d0531706e4af7"],
      ["LeanSort.InsertionSort.Algorithm:importAllArts",
       "f21aa1066ffa3064"]]]]],
  ["libs",
   [["import dynlibs", "00000000000006bb"],
    ["package external libraries", "00000000000006bb"],
    ["module dynlibs", "00000000000006bb"],
    ["module plugins", "00000000000006bb"]]],
  ["Lean 4.34.0, commit 6a10ac8c22beadecabdbb0919c2b50214762f91d",
   "365244c167ac8c1d"],
  ["/Users/moqian/LeanSort/LeanSort/InsertionSort/Property/Correctness.lean",
   "ed5e415cf6dd65a9"],
  ["options", "00000000000006bb"],
  ["isModule: false", "feefd2a0d3a1847e"],
  ["Module.name: LeanSort.InsertionSort.Property.Correctness",
   "895f1b6ab82a535d"],
  ["Package.id?: (some leansort)", "c099074cf6e8ec59"],
  ["Module.leanArgs: #[]", "00000000000006bb"]],
 "depHash": "0bf132df61e6c572"}