{"synthetic": false,
 "schemaVersion": "2025-09-10",
 "outputs":
 {"o": ["3cb8360cbe7dcdbb.olean"],
  "m": false,
  "i": "459c9d4794818ace.ilean",
  "c": "6c99196c6b98082d.c"},
 "log":
 [{"message":
   ".> LEAN_PATH=/Users/moqian/LeanSort/.lake/packages/Cli/.lake/build/lib/lean:/Users/moqian/LeanSort/.lake/packages/batteries/.lake/build/lib/lean:/Users/moqian/LeanSort/.lake/packages/Qq/.lake/build/lib/lean:/Users/moqian/LeanSort/.lake/packages/aesop/.lake/build/lib/lean:/Users/moqian/LeanSort/.lake/packages/proofwidgets/.lake/build/lib/lean:/Users/moqian/LeanSort/.lake/packages/importGraph/.lake/build/lib/lean:/Users/moqian/LeanSort/.lake/packages/LeanSearchClient/.lake/build/lib/lean:/Users/moqian/LeanSort/.lake/packages/plausible/.lake/build/lib/lean:/Users/moqian/LeanSort/.lake/packages/mathlib/.lake/build/lib/lean:/Users/moqian/LeanSort/.lake/packages/cslib/.lake/build/lib/lean:/Users/moqian/LeanSort/.lake/build/lib/lean /Users/moqian/.elan/toolchains/leanprover--lean4---v4.34.0-rc2/bin/lean /Users/moqian/LeanSort/LeanSort/Verification/Adaptive/Correctness.lean -o /Users/moqian/LeanSort/.lake/build/lib/lean/LeanSort/Verification/Adaptive/Correctness.olean -i /Users/moqian/LeanSort/.lake/build/lib/lean/LeanSort/Verification/Adaptive/Correctness.ilean -c /Users/moqian/LeanSort/.lake/build/ir/LeanSort/Verification/Adaptive/Correctness.c --setup /Users/moqian/LeanSort/.lake/build/ir/LeanSort/Verification/Adaptive/Correctness.setup.json --json",
   "level": "trace"}],
 "inputs":
 [["deps",
   [["leansort/LeanSort:extraDep",
     [["@leansort:extraDep", "00000000000006bb"]]],
    ["imports",
     [["LeanSort.Algorithm.Adaptive transitive imports (legacy)",
       "0ec247f35d1f7f14"],
      ["LeanSort.Algorithm.Adaptive:importAllArts", "6ee9c925f1a61a80"],
      ["LeanSort.Verification.HybridMerge.Correctness transitive imports (legacy)",
       "2af49284debe84ca"],
      ["LeanSort.Verification.HybridMerge.Correctness:importAllArts",
       "d654b7867e1134f7"],
      ["LeanSort.Verification.Merge.Correctness transitive imports (legacy)",
       "632f623bd2010b80"],
      ["LeanSort.Verification.Merge.Correctness:importAllArts",
       "b3d2830478e3fdf5"]]]]],
  ["libs",
   [["import dynlibs", "00000000000006bb"],
    ["package external libraries", "00000000000006bb"],
    ["module dynlibs", "00000000000006bb"],
    ["module plugins", "00000000000006bb"]]],
  ["Lean 4.34.0, commit 6a10ac8c22beadecabdbb0919c2b50214762f91d",
   "365244c167ac8c1d"],
  ["/Users/moqian/LeanSort/LeanSort/Verification/Adaptive/Correctness.lean",
   "f3401d2ad4311452"],
  ["options", "00000000000006bb"],
  ["isModule: false", "feefd2a0d3a1847e"],
  ["Module.name: LeanSort.Verification.Adaptive.Correctness",
   "dbca1d38f76a3613"],
  ["Package.id?: (some leansort)", "c099074cf6e8ec59"],
  ["Module.leanArgs: #[]", "00000000000006bb"]],
 "depHash": "184b371cc7b6321e"}