{"synthetic": false,
 "schemaVersion": "2025-09-10",
 "outputs":
 {"o": ["83223e4fbd8d208d.olean"],
  "m": false,
  "i": "a0e8da59d1d89174.ilean",
  "c": "3e3d4a134104212b.c"},
 "log":
 [{"message":
   ".> LEAN_PATH=/Users/moqian/LeanSort/.lake/packages/Cli/.lake/build/lib/lean:/Users/moqian/LeanSort/.lake/packages/batteries/.lake/build/lib/lean:/Users/moqian/LeanSort/.lake/packages/Qq/.lake/build/lib/lean:/Users/moqian/LeanSort/.lake/packages/aesop/.lake/build/lib/lean:/Users/moqian/LeanSort/.lake/packages/proofwidgets/.lake/build/lib/lean:/Users/moqian/LeanSort/.lake/packages/importGraph/.lake/build/lib/lean:/Users/moqian/LeanSort/.lake/packages/LeanSearchClient/.lake/build/lib/lean:/Users/moqian/LeanSort/.lake/packages/plausible/.lake/build/lib/lean:/Users/moqian/LeanSort/.lake/packages/mathlib/.lake/build/lib/lean:/Users/moqian/LeanSort/.lake/packages/cslib/.lake/build/lib/lean:/Users/moqian/LeanSort/.lake/build/lib/lean /Users/moqian/.elan/toolchains/leanprover--lean4---v4.34.0-rc2/bin/lean /Users/moqian/LeanSort/LeanSort/Model/ComparisonBounds.lean -o /Users/moqian/LeanSort/.lake/build/lib/lean/LeanSort/Model/ComparisonBounds.olean -i /Users/moqian/LeanSort/.lake/build/lib/lean/LeanSort/Model/ComparisonBounds.ilean -c /Users/moqian/LeanSort/.lake/build/ir/LeanSort/Model/ComparisonBounds.c --setup /Users/moqian/LeanSort/.lake/build/ir/LeanSort/Model/ComparisonBounds.setup.json --json",
   "level": "trace"}],
 "inputs":
 [["deps",
   [["leansort/LeanSort:extraDep",
     [["@leansort:extraDep", "00000000000006bb"]]],
    ["imports",
     [["Mathlib.Data.Nat.Choose.Basic transitive imports (legacy)",
       "465750f4eb9e499c"],
      ["Mathlib.Data.Nat.Choose.Basic:importAllArts", "8b3ce1297289ee46"],
      ["Mathlib.Data.Nat.Log transitive imports (legacy)", "4a3416efca4d6d76"],
      ["Mathlib.Data.Nat.Log:importAllArts", "437c7d1aa8718565"]]]]],
  ["libs",
   [["import dynlibs", "00000000000006bb"],
    ["package external libraries", "00000000000006bb"],
    ["module dynlibs", "00000000000006bb"],
    ["module plugins", "00000000000006bb"]]],
  ["Lean 4.34.0, commit 6a10ac8c22beadecabdbb0919c2b50214762f91d",
   "365244c167ac8c1d"],
  ["/Users/moqian/LeanSort/LeanSort/Model/ComparisonBounds.lean",
   "8862d4ffe7d89deb"],
  ["options", "00000000000006bb"],
  ["isModule: false", "feefd2a0d3a1847e"],
  ["Module.name: LeanSort.Model.ComparisonBounds", "32b1a8a18c4877cd"],
  ["Package.id?: (some leansort)", "c099074cf6e8ec59"],
  ["Module.leanArgs: #[]", "00000000000006bb"]],
 "depHash": "d740037afef1844c"}