{"synthetic": false,
 "schemaVersion": "2025-09-10",
 "outputs":
 {"o": ["b92038863d4ce4b9.olean"],
  "m": false,
  "i": "5c8c177beee5480f.ilean",
  "c": "d41c00537b906d57.c"},
 "log":
 [{"message":
   ".> LEAN_PATH=/Users/moqian/LeanSort/.lake/packages/Cli/.lake/build/lib/lean:/Users/moqian/LeanSort/.lake/packages/batteries/.lake/build/lib/lean:/Users/moqian/LeanSort/.lake/packages/Qq/.lake/build/lib/lean:/Users/moqian/LeanSort/.lake/packages/aesop/.lake/build/lib/lean:/Users/moqian/LeanSort/.lake/packages/proofwidgets/.lake/build/lib/lean:/Users/moqian/LeanSort/.lake/packages/importGraph/.lake/build/lib/lean:/Users/moqian/LeanSort/.lake/packages/LeanSearchClient/.lake/build/lib/lean:/Users/moqian/LeanSort/.lake/packages/plausible/.lake/build/lib/lean:/Users/moqian/LeanSort/.lake/packages/mathlib/.lake/build/lib/lean:/Users/moqian/LeanSort/.lake/packages/cslib/.lake/build/lib/lean:/Users/moqian/LeanSort/.lake/build/lib/lean /Users/moqian/.elan/toolchains/leanprover--lean4---v4.34.0-rc2/bin/lean /Users/moqian/LeanSort/LeanSort/Model/SortingPlan.lean -o /Users/moqian/LeanSort/.lake/build/lib/lean/LeanSort/Model/SortingPlan.olean -i /Users/moqian/LeanSort/.lake/build/lib/lean/LeanSort/Model/SortingPlan.ilean -c /Users/moqian/LeanSort/.lake/build/ir/LeanSort/Model/SortingPlan.c --setup /Users/moqian/LeanSort/.lake/build/ir/LeanSort/Model/SortingPlan.setup.json --json",
   "level": "trace"}],
 "inputs":
 [["deps",
   [["leansort/LeanSort:extraDep",
     [["@leansort:extraDep", "00000000000006bb"]]],
    ["imports",
     [["LeanSort.Model.ComparisonBounds transitive imports (legacy)",
       "fca1468a8ec67ff2"],
      ["LeanSort.Model.ComparisonBounds:importAllArts", "c7af9e08976220d1"],
      ["LeanSort.Model.SortingResult transitive imports (legacy)",
       "b3d7a295e7ee80c6"],
      ["LeanSort.Model.SortingResult:importAllArts", "ba0c5035a6dc7f2e"]]]]],
  ["libs",
   [["import dynlibs", "00000000000006bb"],
    ["package external libraries", "00000000000006bb"],
    ["module dynlibs", "00000000000006bb"],
    ["module plugins", "00000000000006bb"]]],
  ["Lean 4.34.0, commit 6a10ac8c22beadecabdbb0919c2b50214762f91d",
   "365244c167ac8c1d"],
  ["/Users/moqian/LeanSort/LeanSort/Model/SortingPlan.lean",
   "88f574b34aec97f1"],
  ["options", "00000000000006bb"],
  ["isModule: false", "feefd2a0d3a1847e"],
  ["Module.name: LeanSort.Model.SortingPlan", "b388f3c403de5355"],
  ["Package.id?: (some leansort)", "c099074cf6e8ec59"],
  ["Module.leanArgs: #[]", "00000000000006bb"]],
 "depHash": "5d6ebeb85d782ea1"}