{"synthetic": false,
 "schemaVersion": "2025-09-10",
 "outputs":
 {"o": ["86db632c6b10873b.olean"],
  "m": false,
  "i": "1f268c8391521fd1.ilean",
  "c": "f51d20f3c761cc3d.c"},
 "log":
 [{"message":
   ".> LEAN_PATH=/Users/moqian/LeanSort/.lake/packages/Cli/.lake/build/lib/lean:/Users/moqian/LeanSort/.lake/packages/batteries/.lake/build/lib/lean:/Users/moqian/LeanSort/.lake/packages/Qq/.lake/build/lib/lean:/Users/moqian/LeanSort/.lake/packages/aesop/.lake/build/lib/lean:/Users/moqian/LeanSort/.lake/packages/proofwidgets/.lake/build/lib/lean:/Users/moqian/LeanSort/.lake/packages/importGraph/.lake/build/lib/lean:/Users/moqian/LeanSort/.lake/packages/LeanSearchClient/.lake/build/lib/lean:/Users/moqian/LeanSort/.lake/packages/plausible/.lake/build/lib/lean:/Users/moqian/LeanSort/.lake/packages/mathlib/.lake/build/lib/lean:/Users/moqian/LeanSort/.lake/build/lib/lean /Users/moqian/.elan/toolchains/leanprover--lean4---v4.34.0-rc2/bin/lean /Users/moqian/LeanSort/LeanSort/Model/SortingResult.lean -o /Users/moqian/LeanSort/.lake/build/lib/lean/LeanSort/Model/SortingResult.olean -i /Users/moqian/LeanSort/.lake/build/lib/lean/LeanSort/Model/SortingResult.ilean -c /Users/moqian/LeanSort/.lake/build/ir/LeanSort/Model/SortingResult.c --setup /Users/moqian/LeanSort/.lake/build/ir/LeanSort/Model/SortingResult.setup.json --json",
   "level": "trace"}],
 "inputs":
 [["deps",
   [["leansort/LeanSort:extraDep",
     [["@leansort:extraDep", "00000000000006bb"]]],
    ["imports",
     [["Mathlib.Data.List.Sort transitive imports (legacy)",
       "2890bd9c41a8b9f3"],
      ["Mathlib.Data.List.Sort:importAllArts", "bbcd35d42382f512"]]]]],
  ["libs",
   [["import dynlibs", "00000000000006bb"],
    ["package external libraries", "00000000000006bb"],
    ["module dynlibs", "00000000000006bb"],
    ["module plugins", "00000000000006bb"]]],
  ["Lean 4.34.0, commit 6a10ac8c22beadecabdbb0919c2b50214762f91d",
   "365244c167ac8c1d"],
  ["/Users/moqian/LeanSort/LeanSort/Model/SortingResult.lean",
   "d1dd90441fd902d4"],
  ["options", "00000000000006bb"],
  ["isModule: false", "feefd2a0d3a1847e"],
  ["Module.name: LeanSort.Model.SortingResult", "4be82356b467e39a"],
  ["Package.id?: (some leansort)", "c099074cf6e8ec59"],
  ["Module.leanArgs: #[]", "00000000000006bb"]],
 "depHash": "0867fb394b2c7120"}