{"synthetic": false,
 "schemaVersion": "2025-09-10",
 "outputs":
 {"o": ["3f95d3a7001907c8.olean"],
  "m": false,
  "i": "4ed00eeb7dd579c5.ilean",
  "c": "1c6dd6a7dc12fefe.c"},
 "log":
 [{"message":
   ".> LEAN_PATH=/Users/moqian/LeanSort/.lake/packages/Cli/.lake/build/lib/lean:/Users/moqian/LeanSort/.lake/packages/batteries/.lake/build/lib/lean:/Users/moqian/LeanSort/.lake/packages/Qq/.lake/build/lib/lean:/Users/moqian/LeanSort/.lake/packages/aesop/.lake/build/lib/lean:/Users/moqian/LeanSort/.lake/packages/proofwidgets/.lake/build/lib/lean:/Users/moqian/LeanSort/.lake/packages/importGraph/.lake/build/lib/lean:/Users/moqian/LeanSort/.lake/packages/LeanSearchClient/.lake/build/lib/lean:/Users/moqian/LeanSort/.lake/packages/plausible/.lake/build/lib/lean:/Users/moqian/LeanSort/.lake/packages/mathlib/.lake/build/lib/lean:/Users/moqian/LeanSort/.lake/build/lib/lean /Users/moqian/.elan/toolchains/leanprover--lean4---v4.34.0-rc2/bin/lean /Users/moqian/LeanSort/LeanSort/Examples/Color.lean -o /Users/moqian/LeanSort/.lake/build/lib/lean/LeanSort/Examples/Color.olean -i /Users/moqian/LeanSort/.lake/build/lib/lean/LeanSort/Examples/Color.ilean -c /Users/moqian/LeanSort/.lake/build/ir/LeanSort/Examples/Color.c --setup /Users/moqian/LeanSort/.lake/build/ir/LeanSort/Examples/Color.setup.json --json",
   "level": "trace"}],
 "inputs":
 [["deps",
   [["leansort/LeanSort:extraDep",
     [["@leansort:extraDep", "00000000000006bb"]]],
    ["imports",
     [["LeanSort.Insertion.Algorithm transitive imports (legacy)",
       "487a42c0e905d96c"],
      ["LeanSort.Insertion.Algorithm:importAllArts", "1749af40dab9ae70"],
      ["Mathlib.Data.Prod.Lex transitive imports (legacy)", "79202a80d204947d"],
      ["Mathlib.Data.Prod.Lex:importAllArts", "6fd22ef94e8193a0"]]]]],
  ["libs",
   [["import dynlibs", "00000000000006bb"],
    ["package external libraries", "00000000000006bb"],
    ["module dynlibs", "00000000000006bb"],
    ["module plugins", "00000000000006bb"]]],
  ["Lean 4.34.0, commit 6a10ac8c22beadecabdbb0919c2b50214762f91d",
   "365244c167ac8c1d"],
  ["/Users/moqian/LeanSort/LeanSort/Examples/Color.lean", "421a382a37b5185e"],
  ["options", "00000000000006bb"],
  ["isModule: false", "feefd2a0d3a1847e"],
  ["Module.name: LeanSort.Examples.Color", "882e1026d07337ff"],
  ["Package.id?: (some leansort)", "c099074cf6e8ec59"],
  ["Module.leanArgs: #[]", "00000000000006bb"]],
 "depHash": "04b2e6b881b3a45e"}