{"synthetic": false,
 "schemaVersion": "2025-09-10",
 "outputs":
 {"o": ["2a122ddf97c14b72.olean"],
  "m": false,
  "i": "b42e4033588b95e5.ilean",
  "c": "d1f8ac4c1470c7bd.c"},
 "log":
 [{"message":
   ".> LEAN_PATH=/Users/moqian/LeanSort/.lake/packages/Cli/.lake/build/lib/lean:/Users/moqian/LeanSort/.lake/packages/batteries/.lake/build/lib/lean:/Users/moqian/LeanSort/.lake/packages/Qq/.lake/build/lib/lean:/Users/moqian/LeanSort/.lake/packages/aesop/.lake/build/lib/lean:/Users/moqian/LeanSort/.lake/packages/proofwidgets/.lake/build/lib/lean:/Users/moqian/LeanSort/.lake/packages/importGraph/.lake/build/lib/lean:/Users/moqian/LeanSort/.lake/packages/LeanSearchClient/.lake/build/lib/lean:/Users/moqian/LeanSort/.lake/packages/plausible/.lake/build/lib/lean:/Users/moqian/LeanSort/.lake/packages/mathlib/.lake/build/lib/lean:/Users/moqian/LeanSort/.lake/packages/cslib/.lake/build/lib/lean:/Users/moqian/LeanSort/.lake/build/lib/lean /Users/moqian/.elan/toolchains/leanprover--lean4---v4.34.0-rc2/bin/lean /Users/moqian/LeanSort/LeanSort/Verification/Counting/Cost.lean -o /Users/moqian/LeanSort/.lake/build/lib/lean/LeanSort/Verification/Counting/Cost.olean -i /Users/moqian/LeanSort/.lake/build/lib/lean/LeanSort/Verification/Counting/Cost.ilean -c /Users/moqian/LeanSort/.lake/build/ir/LeanSort/Verification/Counting/Cost.c --setup /Users/moqian/LeanSort/.lake/build/ir/LeanSort/Verification/Counting/Cost.setup.json --json",
   "level": "trace"}],
 "inputs":
 [["deps",
   [["leansort/LeanSort:extraDep",
     [["@leansort:extraDep", "00000000000006bb"]]],
    ["imports",
     [["LeanSort.Verification.Counting.Trace transitive imports (legacy)",
       "0968b3b678d78602"],
      ["LeanSort.Verification.Counting.Trace:importAllArts",
       "8888d6e1cff6ea32"]]]]],
  ["libs",
   [["import dynlibs", "00000000000006bb"],
    ["package external libraries", "00000000000006bb"],
    ["module dynlibs", "00000000000006bb"],
    ["module plugins", "00000000000006bb"]]],
  ["Lean 4.34.0, commit 6a10ac8c22beadecabdbb0919c2b50214762f91d",
   "365244c167ac8c1d"],
  ["/Users/moqian/LeanSort/LeanSort/Verification/Counting/Cost.lean",
   "7b7d525dfebcf7dc"],
  ["options", "00000000000006bb"],
  ["isModule: false", "feefd2a0d3a1847e"],
  ["Module.name: LeanSort.Verification.Counting.Cost", "4dd357ca6242a829"],
  ["Package.id?: (some leansort)", "c099074cf6e8ec59"],
  ["Module.leanArgs: #[]", "00000000000006bb"]],
 "depHash": "44346f1c7cb80ca4"}