{"synthetic": false,
 "schemaVersion": "2025-09-10",
 "outputs":
 {"o": ["cec58424e46e3139.olean"],
  "m": false,
  "i": "6621b2628b848ee2.ilean",
  "c": "717e582f85d29658.c"},
 "log":
 [{"message":
   ".> LEAN_PATH=/Users/moqian/LeanSort/.lake/packages/Cli/.lake/build/lib/lean:/Users/moqian/LeanSort/.lake/packages/batteries/.lake/build/lib/lean:/Users/moqian/LeanSort/.lake/packages/Qq/.lake/build/lib/lean:/Users/moqian/LeanSort/.lake/packages/aesop/.lake/build/lib/lean:/Users/moqian/LeanSort/.lake/packages/proofwidgets/.lake/build/lib/lean:/Users/moqian/LeanSort/.lake/packages/importGraph/.lake/build/lib/lean:/Users/moqian/LeanSort/.lake/packages/LeanSearchClient/.lake/build/lib/lean:/Users/moqian/LeanSort/.lake/packages/plausible/.lake/build/lib/lean:/Users/moqian/LeanSort/.lake/packages/mathlib/.lake/build/lib/lean:/Users/moqian/LeanSort/.lake/build/lib/lean /Users/moqian/.elan/toolchains/leanprover--lean4---v4.34.0-rc2/bin/lean /Users/moqian/LeanSort/LeanSort/Property/InsertionSort/ReducedWord.lean -o /Users/moqian/LeanSort/.lake/build/lib/lean/LeanSort/Property/InsertionSort/ReducedWord.olean -i /Users/moqian/LeanSort/.lake/build/lib/lean/LeanSort/Property/InsertionSort/ReducedWord.ilean -c /Users/moqian/LeanSort/.lake/build/ir/LeanSort/Property/InsertionSort/ReducedWord.c --setup /Users/moqian/LeanSort/.lake/build/ir/LeanSort/Property/InsertionSort/ReducedWord.setup.json --json",
   "level": "trace"}],
 "inputs":
 [["deps",
   [["leansort/LeanSort:extraDep",
     [["@leansort:extraDep", "00000000000006bb"]]],
    ["imports",
     [["LeanSort.Property.InsertionSort.Correctness transitive imports (legacy)",
       "c3b84b1fcca6d32c"],
      ["LeanSort.Property.InsertionSort.Correctness:importAllArts",
       "95709ebc6de6bddd"]]]]],
  ["libs",
   [["import dynlibs", "00000000000006bb"],
    ["package external libraries", "00000000000006bb"],
    ["module dynlibs", "00000000000006bb"],
    ["module plugins", "00000000000006bb"]]],
  ["Lean 4.34.0, commit 6a10ac8c22beadecabdbb0919c2b50214762f91d",
   "365244c167ac8c1d"],
  ["/Users/moqian/LeanSort/LeanSort/Property/InsertionSort/ReducedWord.lean",
   "1db246ee75e49997"],
  ["options", "00000000000006bb"],
  ["isModule: false", "feefd2a0d3a1847e"],
  ["Module.name: LeanSort.Property.InsertionSort.ReducedWord",
   "5be6c1560aeaec8e"],
  ["Package.id?: (some leansort)", "c099074cf6e8ec59"],
  ["Module.leanArgs: #[]", "00000000000006bb"]],
 "depHash": "1c4bb3d8672e1741"}