{"synthetic": false,
 "schemaVersion": "2025-09-10",
 "outputs":
 {"o": ["58d76dfb5e65bdc2.olean"],
  "m": false,
  "i": "c330b787595ed90f.ilean",
  "c": "a327b2ce899ac5a3.c"},
 "log":
 [{"message":
   ".> LEAN_PATH=/Users/moqian/LeanSort/.lake/packages/Cli/.lake/build/lib/lean:/Users/moqian/LeanSort/.lake/packages/batteries/.lake/build/lib/lean:/Users/moqian/LeanSort/.lake/packages/Qq/.lake/build/lib/lean:/Users/moqian/LeanSort/.lake/packages/aesop/.lake/build/lib/lean:/Users/moqian/LeanSort/.lake/packages/proofwidgets/.lake/build/lib/lean:/Users/moqian/LeanSort/.lake/packages/importGraph/.lake/build/lib/lean:/Users/moqian/LeanSort/.lake/packages/LeanSearchClient/.lake/build/lib/lean:/Users/moqian/LeanSort/.lake/packages/plausible/.lake/build/lib/lean:/Users/moqian/LeanSort/.lake/packages/mathlib/.lake/build/lib/lean:/Users/moqian/LeanSort/.lake/packages/cslib/.lake/build/lib/lean:/Users/moqian/LeanSort/.lake/build/lib/lean /Users/moqian/.elan/toolchains/leanprover--lean4---v4.34.0-rc2/bin/lean /Users/moqian/LeanSort/LeanSort/Verification/Semantics/Construction.lean -o /Users/moqian/LeanSort/.lake/build/lib/lean/LeanSort/Verification/Semantics/Construction.olean -i /Users/moqian/LeanSort/.lake/build/lib/lean/LeanSort/Verification/Semantics/Construction.ilean -c /Users/moqian/LeanSort/.lake/build/ir/LeanSort/Verification/Semantics/Construction.c --setup /Users/moqian/LeanSort/.lake/build/ir/LeanSort/Verification/Semantics/Construction.setup.json --json",
   "level": "trace"}],
 "inputs":
 [["deps",
   [["leansort/LeanSort:extraDep",
     [["@leansort:extraDep", "00000000000006bb"]]],
    ["imports",
     [["LeanSort.Semantics.Construction transitive imports (legacy)",
       "5d36ce21a8ec0582"],
      ["LeanSort.Semantics.Construction:importAllArts", "51506bf8b1863f98"],
      ["LeanSort.Verification.Shared.RearrangementLemmas transitive imports (legacy)",
       "d7ed03c9a15d7c22"],
      ["LeanSort.Verification.Shared.RearrangementLemmas:importAllArts",
       "6f622c80dc11b0f3"]]]]],
  ["libs",
   [["import dynlibs", "00000000000006bb"],
    ["package external libraries", "00000000000006bb"],
    ["module dynlibs", "00000000000006bb"],
    ["module plugins", "00000000000006bb"]]],
  ["Lean 4.34.0, commit 6a10ac8c22beadecabdbb0919c2b50214762f91d",
   "365244c167ac8c1d"],
  ["/Users/moqian/LeanSort/LeanSort/Verification/Semantics/Construction.lean",
   "fbc5748c208cf8e3"],
  ["options", "00000000000006bb"],
  ["isModule: false", "feefd2a0d3a1847e"],
  ["Module.name: LeanSort.Verification.Semantics.Construction",
   "f545f254c8254524"],
  ["Package.id?: (some leansort)", "c099074cf6e8ec59"],
  ["Module.leanArgs: #[]", "00000000000006bb"]],
 "depHash": "bdc43587bbc55636"}