{"synthetic": false,
 "schemaVersion": "2025-09-10",
 "outputs":
 {"o": ["c3ba8f91103b9701.olean"],
  "m": false,
  "i": "4d0bb5f79847b6b8.ilean",
  "c": "d30e9309dd263145.c"},
 "log":
 [{"message":
   ".> LEAN_PATH=/Users/moqian/LeanSort/.lake/packages/Cli/.lake/build/lib/lean:/Users/moqian/LeanSort/.lake/packages/batteries/.lake/build/lib/lean:/Users/moqian/LeanSort/.lake/packages/Qq/.lake/build/lib/lean:/Users/moqian/LeanSort/.lake/packages/aesop/.lake/build/lib/lean:/Users/moqian/LeanSort/.lake/packages/proofwidgets/.lake/build/lib/lean:/Users/moqian/LeanSort/.lake/packages/importGraph/.lake/build/lib/lean:/Users/moqian/LeanSort/.lake/packages/LeanSearchClient/.lake/build/lib/lean:/Users/moqian/LeanSort/.lake/packages/plausible/.lake/build/lib/lean:/Users/moqian/LeanSort/.lake/packages/mathlib/.lake/build/lib/lean:/Users/moqian/LeanSort/.lake/packages/cslib/.lake/build/lib/lean:/Users/moqian/LeanSort/.lake/build/lib/lean /Users/moqian/.elan/toolchains/leanprover--lean4---v4.34.0-rc2/bin/lean /Users/moqian/LeanSort/LeanSort/Algorithm/CostedPlan.lean -o /Users/moqian/LeanSort/.lake/build/lib/lean/LeanSort/Algorithm/CostedPlan.olean -i /Users/moqian/LeanSort/.lake/build/lib/lean/LeanSort/Algorithm/CostedPlan.ilean -c /Users/moqian/LeanSort/.lake/build/ir/LeanSort/Algorithm/CostedPlan.c --setup /Users/moqian/LeanSort/.lake/build/ir/LeanSort/Algorithm/CostedPlan.setup.json --json",
   "level": "trace"}],
 "inputs":
 [["deps",
   [["leansort/LeanSort:extraDep",
     [["@leansort:extraDep", "00000000000006bb"]]],
    ["imports",
     [["LeanSort.Model.SortingPlan transitive imports (legacy)",
       "6bd254f164ce3655"],
      ["LeanSort.Model.SortingPlan:importAllArts", "526322627aa9cf1d"],
      ["LeanSort.Algorithm.ComparisonSort transitive imports (legacy)",
       "9d17e57a5ace2267"],
      ["LeanSort.Algorithm.ComparisonSort:importAllArts", "fddb3258627c0f94"],
      ["LeanSort.Algorithm.Adaptive transitive imports (legacy)",
       "0ec247f35d1f7f14"],
      ["LeanSort.Algorithm.Adaptive:importAllArts", "6ee9c925f1a61a80"]]]]],
  ["libs",
   [["import dynlibs", "00000000000006bb"],
    ["package external libraries", "00000000000006bb"],
    ["module dynlibs", "00000000000006bb"],
    ["module plugins", "00000000000006bb"]]],
  ["Lean 4.34.0, commit 6a10ac8c22beadecabdbb0919c2b50214762f91d",
   "365244c167ac8c1d"],
  ["/Users/moqian/LeanSort/LeanSort/Algorithm/CostedPlan.lean",
   "3087a120b6384f76"],
  ["options", "00000000000006bb"],
  ["isModule: false", "feefd2a0d3a1847e"],
  ["Module.name: LeanSort.Algorithm.CostedPlan", "d612d29adbddff3a"],
  ["Package.id?: (some leansort)", "c099074cf6e8ec59"],
  ["Module.leanArgs: #[]", "00000000000006bb"]],
 "depHash": "752f82ff05c7ea4d"}