{"synthetic": false,
 "schemaVersion": "2025-09-10",
 "outputs":
 {"o": ["cd0109cecb9ecbcc.olean"],
  "m": false,
  "i": "2f91db5e8b6e4abd.ilean",
  "c": "8307c4fe11722a8d.c"},
 "log":
 [{"message":
   ".> LEAN_PATH=/Users/moqian/LeanSort/.lake/packages/Cli/.lake/build/lib/lean:/Users/moqian/LeanSort/.lake/packages/batteries/.lake/build/lib/lean:/Users/moqian/LeanSort/.lake/packages/Qq/.lake/build/lib/lean:/Users/moqian/LeanSort/.lake/packages/aesop/.lake/build/lib/lean:/Users/moqian/LeanSort/.lake/packages/proofwidgets/.lake/build/lib/lean:/Users/moqian/LeanSort/.lake/packages/importGraph/.lake/build/lib/lean:/Users/moqian/LeanSort/.lake/packages/LeanSearchClient/.lake/build/lib/lean:/Users/moqian/LeanSort/.lake/packages/plausible/.lake/build/lib/lean:/Users/moqian/LeanSort/.lake/packages/mathlib/.lake/build/lib/lean:/Users/moqian/LeanSort/.lake/packages/cslib/.lake/build/lib/lean:/Users/moqian/LeanSort/.lake/build/lib/lean /Users/moqian/.elan/toolchains/leanprover--lean4---v4.34.0-rc2/bin/lean /Users/moqian/LeanSort/LeanSort/Algorithm/HybridMerge.lean -o /Users/moqian/LeanSort/.lake/build/lib/lean/LeanSort/Algorithm/HybridMerge.olean -i /Users/moqian/LeanSort/.lake/build/lib/lean/LeanSort/Algorithm/HybridMerge.ilean -c /Users/moqian/LeanSort/.lake/build/ir/LeanSort/Algorithm/HybridMerge.c --setup /Users/moqian/LeanSort/.lake/build/ir/LeanSort/Algorithm/HybridMerge.setup.json --json",
   "level": "trace"}],
 "inputs":
 [["deps",
   [["leansort/LeanSort:extraDep",
     [["@leansort:extraDep", "00000000000006bb"]]],
    ["imports",
     [["LeanSort.Algorithm.Insertion transitive imports (legacy)",
       "d7ed03c9a15d7c22"],
      ["LeanSort.Algorithm.Insertion:importAllArts", "5a86e93ab0b1a495"],
      ["LeanSort.Algorithm.Merge transitive imports (legacy)",
       "4616ec585cd42bf7"],
      ["LeanSort.Algorithm.Merge:importAllArts", "9f411099faa07c74"]]]]],
  ["libs",
   [["import dynlibs", "00000000000006bb"],
    ["package external libraries", "00000000000006bb"],
    ["module dynlibs", "00000000000006bb"],
    ["module plugins", "00000000000006bb"]]],
  ["Lean 4.34.0, commit 6a10ac8c22beadecabdbb0919c2b50214762f91d",
   "365244c167ac8c1d"],
  ["/Users/moqian/LeanSort/LeanSort/Algorithm/HybridMerge.lean",
   "1fcd6b0716997ce0"],
  ["options", "00000000000006bb"],
  ["isModule: false", "feefd2a0d3a1847e"],
  ["Module.name: LeanSort.Algorithm.HybridMerge", "4fd95ffac4135239"],
  ["Package.id?: (some leansort)", "c099074cf6e8ec59"],
  ["Module.leanArgs: #[]", "00000000000006bb"]],
 "depHash": "fc2c59a235c3155f"}