{"synthetic": false,
 "schemaVersion": "2025-09-10",
 "outputs":
 {"o": ["edf6f9715d536fcf.olean"],
  "m": false,
  "i": "e9087279df28a2ec.ilean",
  "c": "6c6a9957b66939e4.c"},
 "log":
 [{"message":
   ".> LEAN_PATH=/Users/moqian/LeanSort/.lake/packages/Cli/.lake/build/lib/lean:/Users/moqian/LeanSort/.lake/packages/batteries/.lake/build/lib/lean:/Users/moqian/LeanSort/.lake/packages/Qq/.lake/build/lib/lean:/Users/moqian/LeanSort/.lake/packages/aesop/.lake/build/lib/lean:/Users/moqian/LeanSort/.lake/packages/proofwidgets/.lake/build/lib/lean:/Users/moqian/LeanSort/.lake/packages/importGraph/.lake/build/lib/lean:/Users/moqian/LeanSort/.lake/packages/LeanSearchClient/.lake/build/lib/lean:/Users/moqian/LeanSort/.lake/packages/plausible/.lake/build/lib/lean:/Users/moqian/LeanSort/.lake/packages/mathlib/.lake/build/lib/lean:/Users/moqian/LeanSort/.lake/build/lib/lean /Users/moqian/.elan/toolchains/leanprover--lean4---v4.34.0-rc2/bin/lean /Users/moqian/LeanSort/LeanSort/Sequence/Move/AdjacentSwap.lean -o /Users/moqian/LeanSort/.lake/build/lib/lean/LeanSort/Sequence/Move/AdjacentSwap.olean -i /Users/moqian/LeanSort/.lake/build/lib/lean/LeanSort/Sequence/Move/AdjacentSwap.ilean -c /Users/moqian/LeanSort/.lake/build/ir/LeanSort/Sequence/Move/AdjacentSwap.c --setup /Users/moqian/LeanSort/.lake/build/ir/LeanSort/Sequence/Move/AdjacentSwap.setup.json --json",
   "level": "trace"}],
 "inputs":
 [["deps",
   [["leansort/LeanSort:extraDep",
     [["@leansort:extraDep", "00000000000006bb"]]],
    ["imports",
     [["LeanSort.Core.MoveSystem transitive imports (legacy)",
       "00000000000006bb"],
      ["LeanSort.Core.MoveSystem:importAllArts", "286e8357e052b751"],
      ["Mathlib.Data.List.Basic transitive imports (legacy)",
       "cbf73b7cca893a55"],
      ["Mathlib.Data.List.Basic:importAllArts", "1a4d1d2bcb1cacfc"]]]]],
  ["libs",
   [["import dynlibs", "00000000000006bb"],
    ["package external libraries", "00000000000006bb"],
    ["module dynlibs", "00000000000006bb"],
    ["module plugins", "00000000000006bb"]]],
  ["Lean 4.34.0, commit 6a10ac8c22beadecabdbb0919c2b50214762f91d",
   "365244c167ac8c1d"],
  ["/Users/moqian/LeanSort/LeanSort/Sequence/Move/AdjacentSwap.lean",
   "1cbdc5fde22ae17b"],
  ["options", "00000000000006bb"],
  ["isModule: false", "feefd2a0d3a1847e"],
  ["Module.name: LeanSort.Sequence.Move.AdjacentSwap", "5aa1af50321a571d"],
  ["Package.id?: (some leansort)", "c099074cf6e8ec59"],
  ["Module.leanArgs: #[]", "00000000000006bb"]],
 "depHash": "ec8eeaa4a4dea067"}