{"synthetic": false,
 "schemaVersion": "2025-09-10",
 "outputs":
 {"o": ["5b8361ee162d26f3.olean"],
  "m": false,
  "i": "6a4202f92c316c43.ilean",
  "c": "de3be5635cde162d.c"},
 "log":
 [{"message":
   ".> LEAN_PATH=/Users/moqian/LeanSort/.lake/packages/Cli/.lake/build/lib/lean:/Users/moqian/LeanSort/.lake/packages/batteries/.lake/build/lib/lean:/Users/moqian/LeanSort/.lake/packages/Qq/.lake/build/lib/lean:/Users/moqian/LeanSort/.lake/packages/aesop/.lake/build/lib/lean:/Users/moqian/LeanSort/.lake/packages/proofwidgets/.lake/build/lib/lean:/Users/moqian/LeanSort/.lake/packages/importGraph/.lake/build/lib/lean:/Users/moqian/LeanSort/.lake/packages/LeanSearchClient/.lake/build/lib/lean:/Users/moqian/LeanSort/.lake/packages/plausible/.lake/build/lib/lean:/Users/moqian/LeanSort/.lake/packages/mathlib/.lake/build/lib/lean:/Users/moqian/LeanSort/.lake/packages/cslib/.lake/build/lib/lean:/Users/moqian/LeanSort/.lake/build/lib/lean /Users/moqian/.elan/toolchains/leanprover--lean4---v4.34.0-rc2/bin/lean /Users/moqian/LeanSort/LeanSort/Verification/HybridMerge/Checks.lean -o /Users/moqian/LeanSort/.lake/build/lib/lean/LeanSort/Verification/HybridMerge/Checks.olean -i /Users/moqian/LeanSort/.lake/build/lib/lean/LeanSort/Verification/HybridMerge/Checks.ilean -c /Users/moqian/LeanSort/.lake/build/ir/LeanSort/Verification/HybridMerge/Checks.c --setup /Users/moqian/LeanSort/.lake/build/ir/LeanSort/Verification/HybridMerge/Checks.setup.json --json",
   "level": "trace"}],
 "inputs":
 [["deps",
   [["leansort/LeanSort:extraDep",
     [["@leansort:extraDep", "00000000000006bb"]]],
    ["imports",
     [["LeanSort.Verification.HybridMerge.Correctness transitive imports (legacy)",
       "2af49284debe84ca"],
      ["LeanSort.Verification.HybridMerge.Correctness:importAllArts",
       "d654b7867e1134f7"]]]]],
  ["libs",
   [["import dynlibs", "00000000000006bb"],
    ["package external libraries", "00000000000006bb"],
    ["module dynlibs", "00000000000006bb"],
    ["module plugins", "00000000000006bb"]]],
  ["Lean 4.34.0, commit 6a10ac8c22beadecabdbb0919c2b50214762f91d",
   "365244c167ac8c1d"],
  ["/Users/moqian/LeanSort/LeanSort/Verification/HybridMerge/Checks.lean",
   "fa3970cbffb28aa3"],
  ["options", "00000000000006bb"],
  ["isModule: false", "feefd2a0d3a1847e"],
  ["Module.name: LeanSort.Verification.HybridMerge.Checks", "b657ff34f4bf8622"],
  ["Package.id?: (some leansort)", "c099074cf6e8ec59"],
  ["Module.leanArgs: #[]", "00000000000006bb"]],
 "depHash": "b7662090fe5f157c"}