{"synthetic": false,
 "schemaVersion": "2025-09-10",
 "outputs":
 {"o": ["719ba5f2014a7bcf.olean"],
  "m": false,
  "i": "fe10a8bc809309ee.ilean",
  "c": "efad4e1323476390.c"},
 "log":
 [{"message":
   ".> LEAN_PATH=/Users/moqian/LeanSort/.lake/packages/Cli/.lake/build/lib/lean:/Users/moqian/LeanSort/.lake/packages/batteries/.lake/build/lib/lean:/Users/moqian/LeanSort/.lake/packages/Qq/.lake/build/lib/lean:/Users/moqian/LeanSort/.lake/packages/aesop/.lake/build/lib/lean:/Users/moqian/LeanSort/.lake/packages/proofwidgets/.lake/build/lib/lean:/Users/moqian/LeanSort/.lake/packages/importGraph/.lake/build/lib/lean:/Users/moqian/LeanSort/.lake/packages/LeanSearchClient/.lake/build/lib/lean:/Users/moqian/LeanSort/.lake/packages/plausible/.lake/build/lib/lean:/Users/moqian/LeanSort/.lake/packages/mathlib/.lake/build/lib/lean:/Users/moqian/LeanSort/.lake/build/lib/lean /Users/moqian/.elan/toolchains/leanprover--lean4---v4.34.0-rc2/bin/lean /Users/moqian/LeanSort/LeanSort/Bubble/Property/Correctness.lean -o /Users/moqian/LeanSort/.lake/build/lib/lean/LeanSort/Bubble/Property/Correctness.olean -i /Users/moqian/LeanSort/.lake/build/lib/lean/LeanSort/Bubble/Property/Correctness.ilean -c /Users/moqian/LeanSort/.lake/build/ir/LeanSort/Bubble/Property/Correctness.c --setup /Users/moqian/LeanSort/.lake/build/ir/LeanSort/Bubble/Property/Correctness.setup.json --json",
   "level": "trace"}],
 "inputs":
 [["deps",
   [["leansort/LeanSort:extraDep",
     [["@leansort:extraDep", "00000000000006bb"]]],
    ["imports",
     [["LeanSort.Bubble.Algorithm transitive imports (legacy)",
       "88ca6f5da73003d5"],
      ["LeanSort.Bubble.Algorithm:importAllArts", "bc5d69a7b1cb8dda"]]]]],
  ["libs",
   [["import dynlibs", "00000000000006bb"],
    ["package external libraries", "00000000000006bb"],
    ["module dynlibs", "00000000000006bb"],
    ["module plugins", "00000000000006bb"]]],
  ["Lean 4.34.0, commit 6a10ac8c22beadecabdbb0919c2b50214762f91d",
   "365244c167ac8c1d"],
  ["/Users/moqian/LeanSort/LeanSort/Bubble/Property/Correctness.lean",
   "eb1195f87cdf62af"],
  ["options", "00000000000006bb"],
  ["isModule: false", "feefd2a0d3a1847e"],
  ["Module.name: LeanSort.Bubble.Property.Correctness", "7e9ab1d0c5de3d6c"],
  ["Package.id?: (some leansort)", "c099074cf6e8ec59"],
  ["Module.leanArgs: #[]", "00000000000006bb"]],
 "depHash": "7bbf3095a57bbbd5"}