{"synthetic": false,
 "schemaVersion": "2025-09-10",
 "outputs":
 {"o": ["7f438762a61b40c2.olean"],
  "m": false,
  "i": "38a84a8209eabf04.ilean",
  "c": "a23e2c206268ec07.c"},
 "log":
 [{"message":
   ".> LEAN_PATH=/Users/moqian/LeanSort/.lake/packages/Cli/.lake/build/lib/lean:/Users/moqian/LeanSort/.lake/packages/batteries/.lake/build/lib/lean:/Users/moqian/LeanSort/.lake/packages/Qq/.lake/build/lib/lean:/Users/moqian/LeanSort/.lake/packages/aesop/.lake/build/lib/lean:/Users/moqian/LeanSort/.lake/packages/proofwidgets/.lake/build/lib/lean:/Users/moqian/LeanSort/.lake/packages/importGraph/.lake/build/lib/lean:/Users/moqian/LeanSort/.lake/packages/LeanSearchClient/.lake/build/lib/lean:/Users/moqian/LeanSort/.lake/packages/plausible/.lake/build/lib/lean:/Users/moqian/LeanSort/.lake/packages/mathlib/.lake/build/lib/lean:/Users/moqian/LeanSort/.lake/packages/cslib/.lake/build/lib/lean:/Users/moqian/LeanSort/.lake/build/lib/lean /Users/moqian/.elan/toolchains/leanprover--lean4---v4.34.0-rc2/bin/lean /Users/moqian/LeanSort/LeanSort/Search/Checks.lean -o /Users/moqian/LeanSort/.lake/build/lib/lean/LeanSort/Search/Checks.olean -i /Users/moqian/LeanSort/.lake/build/lib/lean/LeanSort/Search/Checks.ilean -c /Users/moqian/LeanSort/.lake/build/ir/LeanSort/Search/Checks.c --setup /Users/moqian/LeanSort/.lake/build/ir/LeanSort/Search/Checks.setup.json --json",
   "level": "trace"}],
 "inputs":
 [["deps",
   [["leansort/LeanSort:extraDep",
     [["@leansort:extraDep", "00000000000006bb"]]],
    ["imports",
     [["LeanSort.Search.Find transitive imports (legacy)", "37659c20ca9e3168"],
      ["LeanSort.Search.Find:importAllArts", "fdaff2e555fa7434"],
      ["LeanSort.Verification.Merge.Complexity transitive imports (legacy)",
       "41b7ec6875f83446"],
      ["LeanSort.Verification.Merge.Complexity:importAllArts",
       "ca4d079c55811664"]]]]],
  ["libs",
   [["import dynlibs", "00000000000006bb"],
    ["package external libraries", "00000000000006bb"],
    ["module dynlibs", "00000000000006bb"],
    ["module plugins", "00000000000006bb"]]],
  ["Lean 4.34.0, commit 6a10ac8c22beadecabdbb0919c2b50214762f91d",
   "365244c167ac8c1d"],
  ["/Users/moqian/LeanSort/LeanSort/Search/Checks.lean", "46ceb4eab5552ff0"],
  ["options", "00000000000006bb"],
  ["isModule: false", "feefd2a0d3a1847e"],
  ["Module.name: LeanSort.Search.Checks", "e4924ba2fcc9f15e"],
  ["Package.id?: (some leansort)", "c099074cf6e8ec59"],
  ["Module.leanArgs: #[]", "00000000000006bb"]],
 "depHash": "ee054a8dede94bbe"}