{"synthetic": false,
 "schemaVersion": "2025-09-10",
 "outputs":
 {"o": ["d7549fa45fc4f759.olean"],
  "m": false,
  "i": "72310110dd766304.ilean",
  "c": "1dd5241960542818.c"},
 "log":
 [{"message":
   ".> LEAN_PATH=/Users/moqian/LeanSort/.lake/packages/Cli/.lake/build/lib/lean:/Users/moqian/LeanSort/.lake/packages/batteries/.lake/build/lib/lean:/Users/moqian/LeanSort/.lake/packages/Qq/.lake/build/lib/lean:/Users/moqian/LeanSort/.lake/packages/aesop/.lake/build/lib/lean:/Users/moqian/LeanSort/.lake/packages/proofwidgets/.lake/build/lib/lean:/Users/moqian/LeanSort/.lake/packages/importGraph/.lake/build/lib/lean:/Users/moqian/LeanSort/.lake/packages/LeanSearchClient/.lake/build/lib/lean:/Users/moqian/LeanSort/.lake/packages/plausible/.lake/build/lib/lean:/Users/moqian/LeanSort/.lake/packages/mathlib/.lake/build/lib/lean:/Users/moqian/LeanSort/.lake/packages/cslib/.lake/build/lib/lean:/Users/moqian/LeanSort/.lake/build/lib/lean /Users/moqian/.elan/toolchains/leanprover--lean4---v4.34.0-rc2/bin/lean /Users/moqian/LeanSort/LeanSort/Search/Find.lean -o /Users/moqian/LeanSort/.lake/build/lib/lean/LeanSort/Search/Find.olean -i /Users/moqian/LeanSort/.lake/build/lib/lean/LeanSort/Search/Find.ilean -c /Users/moqian/LeanSort/.lake/build/ir/LeanSort/Search/Find.c --setup /Users/moqian/LeanSort/.lake/build/ir/LeanSort/Search/Find.setup.json --json",
   "level": "trace"}],
 "inputs":
 [["deps",
   [["leansort/LeanSort:extraDep",
     [["@leansort:extraDep", "00000000000006bb"]]],
    ["imports",
     [["LeanSort.Catalogue.Evidence transitive imports (legacy)",
       "96f0f81252e423f4"],
      ["LeanSort.Catalogue.Evidence:importAllArts", "c2c9a04be4c98df2"]]]]],
  ["libs",
   [["import dynlibs", "00000000000006bb"],
    ["package external libraries", "00000000000006bb"],
    ["module dynlibs", "00000000000006bb"],
    ["module plugins", "00000000000006bb"]]],
  ["Lean 4.34.0, commit 6a10ac8c22beadecabdbb0919c2b50214762f91d",
   "365244c167ac8c1d"],
  ["/Users/moqian/LeanSort/LeanSort/Search/Find.lean", "e1978222badb5c26"],
  ["options", "00000000000006bb"],
  ["isModule: false", "feefd2a0d3a1847e"],
  ["Module.name: LeanSort.Search.Find", "d5bdab8886af1b79"],
  ["Package.id?: (some leansort)", "c099074cf6e8ec59"],
  ["Module.leanArgs: #[]", "00000000000006bb"]],
 "depHash": "9752674185596053"}