{"synthetic": false,
 "schemaVersion": "2025-09-10",
 "outputs":
 {"o": ["e03a0464e6b5c97f.olean"],
  "m": false,
  "i": "90bdbe4ec8e22af7.ilean",
  "c": "53e5f1fd4cad330a.c"},
 "log":
 [{"message":
   ".> LEAN_PATH=/Users/moqian/LeanSort/.lake/packages/Cli/.lake/build/lib/lean:/Users/moqian/LeanSort/.lake/packages/batteries/.lake/build/lib/lean:/Users/moqian/LeanSort/.lake/packages/Qq/.lake/build/lib/lean:/Users/moqian/LeanSort/.lake/packages/aesop/.lake/build/lib/lean:/Users/moqian/LeanSort/.lake/packages/proofwidgets/.lake/build/lib/lean:/Users/moqian/LeanSort/.lake/packages/importGraph/.lake/build/lib/lean:/Users/moqian/LeanSort/.lake/packages/LeanSearchClient/.lake/build/lib/lean:/Users/moqian/LeanSort/.lake/packages/plausible/.lake/build/lib/lean:/Users/moqian/LeanSort/.lake/packages/mathlib/.lake/build/lib/lean:/Users/moqian/LeanSort/.lake/build/lib/lean /Users/moqian/.elan/toolchains/leanprover--lean4---v4.34.0-rc2/bin/lean /Users/moqian/LeanSort/LeanSort/Verification/Insertion/Cost.lean -o /Users/moqian/LeanSort/.lake/build/lib/lean/LeanSort/Verification/Insertion/Cost.olean -i /Users/moqian/LeanSort/.lake/build/lib/lean/LeanSort/Verification/Insertion/Cost.ilean -c /Users/moqian/LeanSort/.lake/build/ir/LeanSort/Verification/Insertion/Cost.c --setup /Users/moqian/LeanSort/.lake/build/ir/LeanSort/Verification/Insertion/Cost.setup.json --json",
   "level": "trace"}],
 "inputs":
 [["deps",
   [["leansort/LeanSort:extraDep",
     [["@leansort:extraDep", "00000000000006bb"]]],
    ["imports",
     [["LeanSort.Verification.Insertion.Correctness transitive imports (legacy)",
       "9aafbf6db8a57aa4"],
      ["LeanSort.Verification.Insertion.Correctness:importAllArts",
       "c38ec0e2a063291f"],
      ["LeanSort.Verification.Shared.InversionBounds transitive imports (legacy)",
       "7523627ff5d209de"],
      ["LeanSort.Verification.Shared.InversionBounds:importAllArts",
       "67e4bfe04cb0abbc"]]]]],
  ["libs",
   [["import dynlibs", "00000000000006bb"],
    ["package external libraries", "00000000000006bb"],
    ["module dynlibs", "00000000000006bb"],
    ["module plugins", "00000000000006bb"]]],
  ["Lean 4.34.0, commit 6a10ac8c22beadecabdbb0919c2b50214762f91d",
   "365244c167ac8c1d"],
  ["/Users/moqian/LeanSort/LeanSort/Verification/Insertion/Cost.lean",
   "14f00e093e53cbd2"],
  ["options", "00000000000006bb"],
  ["isModule: false", "feefd2a0d3a1847e"],
  ["Module.name: LeanSort.Verification.Insertion.Cost", "33b0d0048c39b43d"],
  ["Package.id?: (some leansort)", "c099074cf6e8ec59"],
  ["Module.leanArgs: #[]", "00000000000006bb"]],
 "depHash": "179ae610265c8c6e"}