{"synthetic": false,
 "schemaVersion": "2025-09-10",
 "outputs":
 {"o": ["80de8edf6cc1a102.olean"],
  "m": false,
  "i": "e8399e08af4e5730.ilean",
  "c": "d3e660463839ee51.c"},
 "log":
 [{"message":
   ".> LEAN_PATH=/Users/moqian/LeanSort/.lake/packages/Cli/.lake/build/lib/lean:/Users/moqian/LeanSort/.lake/packages/batteries/.lake/build/lib/lean:/Users/moqian/LeanSort/.lake/packages/Qq/.lake/build/lib/lean:/Users/moqian/LeanSort/.lake/packages/aesop/.lake/build/lib/lean:/Users/moqian/LeanSort/.lake/packages/proofwidgets/.lake/build/lib/lean:/Users/moqian/LeanSort/.lake/packages/importGraph/.lake/build/lib/lean:/Users/moqian/LeanSort/.lake/packages/LeanSearchClient/.lake/build/lib/lean:/Users/moqian/LeanSort/.lake/packages/plausible/.lake/build/lib/lean:/Users/moqian/LeanSort/.lake/packages/mathlib/.lake/build/lib/lean:/Users/moqian/LeanSort/.lake/packages/cslib/.lake/build/lib/lean:/Users/moqian/LeanSort/.lake/build/lib/lean /Users/moqian/.elan/toolchains/leanprover--lean4---v4.34.0-rc2/bin/lean /Users/moqian/LeanSort/LeanSort/Verification/Merge/Equations.lean -o /Users/moqian/LeanSort/.lake/build/lib/lean/LeanSort/Verification/Merge/Equations.olean -i /Users/moqian/LeanSort/.lake/build/lib/lean/LeanSort/Verification/Merge/Equations.ilean -c /Users/moqian/LeanSort/.lake/build/ir/LeanSort/Verification/Merge/Equations.c --setup /Users/moqian/LeanSort/.lake/build/ir/LeanSort/Verification/Merge/Equations.setup.json --json",
   "level": "trace"}],
 "inputs":
 [["deps",
   [["leansort/LeanSort:extraDep",
     [["@leansort:extraDep", "00000000000006bb"]]],
    ["imports",
     [["LeanSort.Algorithm.Merge transitive imports (legacy)",
       "4616ec585cd42bf7"],
      ["LeanSort.Algorithm.Merge:importAllArts", "9f411099faa07c74"]]]]],
  ["libs",
   [["import dynlibs", "00000000000006bb"],
    ["package external libraries", "00000000000006bb"],
    ["module dynlibs", "00000000000006bb"],
    ["module plugins", "00000000000006bb"]]],
  ["Lean 4.34.0, commit 6a10ac8c22beadecabdbb0919c2b50214762f91d",
   "365244c167ac8c1d"],
  ["/Users/moqian/LeanSort/LeanSort/Verification/Merge/Equations.lean",
   "1c941de9524464c6"],
  ["options", "00000000000006bb"],
  ["isModule: false", "feefd2a0d3a1847e"],
  ["Module.name: LeanSort.Verification.Merge.Equations", "7215e48373a5c1c2"],
  ["Package.id?: (some leansort)", "c099074cf6e8ec59"],
  ["Module.leanArgs: #[]", "00000000000006bb"]],
 "depHash": "d72b563aa05b67b2"}