{"synthetic": false,
 "schemaVersion": "2025-09-10",
 "outputs":
 {"o": ["ea83cb6123628a1a.olean"],
  "m": false,
  "i": "156189558832e72f.ilean",
  "c": "fc954cfd69f3f2b4.c"},
 "log":
 [{"message":
   ".> LEAN_PATH=/Users/moqian/LeanSort/.lake/packages/Cli/.lake/build/lib/lean:/Users/moqian/LeanSort/.lake/packages/batteries/.lake/build/lib/lean:/Users/moqian/LeanSort/.lake/packages/Qq/.lake/build/lib/lean:/Users/moqian/LeanSort/.lake/packages/aesop/.lake/build/lib/lean:/Users/moqian/LeanSort/.lake/packages/proofwidgets/.lake/build/lib/lean:/Users/moqian/LeanSort/.lake/packages/importGraph/.lake/build/lib/lean:/Users/moqian/LeanSort/.lake/packages/LeanSearchClient/.lake/build/lib/lean:/Users/moqian/LeanSort/.lake/packages/plausible/.lake/build/lib/lean:/Users/moqian/LeanSort/.lake/packages/mathlib/.lake/build/lib/lean:/Users/moqian/LeanSort/.lake/packages/cslib/.lake/build/lib/lean:/Users/moqian/LeanSort/.lake/build/lib/lean /Users/moqian/.elan/toolchains/leanprover--lean4---v4.34.0-rc2/bin/lean /Users/moqian/LeanSort/LeanSort/Verification/Merge/Trace.lean -o /Users/moqian/LeanSort/.lake/build/lib/lean/LeanSort/Verification/Merge/Trace.olean -i /Users/moqian/LeanSort/.lake/build/lib/lean/LeanSort/Verification/Merge/Trace.ilean -c /Users/moqian/LeanSort/.lake/build/ir/LeanSort/Verification/Merge/Trace.c --setup /Users/moqian/LeanSort/.lake/build/ir/LeanSort/Verification/Merge/Trace.setup.json --json",
   "level": "trace"}],
 "inputs":
 [["deps",
   [["leansort/LeanSort:extraDep",
     [["@leansort:extraDep", "00000000000006bb"]]],
    ["imports",
     [["LeanSort.Verification.Merge.Equations transitive imports (legacy)",
       "545dd3c3dd067e7c"],
      ["LeanSort.Verification.Merge.Equations:importAllArts",
       "bd2baa525ce0f5d5"],
      ["LeanSort.Verification.Merge.Cost transitive imports (legacy)",
       "545dd3c3dd067e7c"],
      ["LeanSort.Verification.Merge.Cost:importAllArts",
       "664d68c9a709dc1a"]]]]],
  ["libs",
   [["import dynlibs", "00000000000006bb"],
    ["package external libraries", "00000000000006bb"],
    ["module dynlibs", "00000000000006bb"],
    ["module plugins", "00000000000006bb"]]],
  ["Lean 4.34.0, commit 6a10ac8c22beadecabdbb0919c2b50214762f91d",
   "365244c167ac8c1d"],
  ["/Users/moqian/LeanSort/LeanSort/Verification/Merge/Trace.lean",
   "c358da7731d21456"],
  ["options", "00000000000006bb"],
  ["isModule: false", "feefd2a0d3a1847e"],
  ["Module.name: LeanSort.Verification.Merge.Trace", "9bf5155e9141eeb4"],
  ["Package.id?: (some leansort)", "c099074cf6e8ec59"],
  ["Module.leanArgs: #[]", "00000000000006bb"]],
 "depHash": "0c882c92cd1cc784"}