'LeanSort.Direct.symbolic_scanTail' depends on axioms: [propext, Quot.sound]
'LeanSort.Direct.symbolic_discover' depends on axioms: [propext, Quot.sound]
'LeanSort.Direct.symbolic_merge' depends on axioms: [propext, Classical.choice, Quot.sound]
'LeanSort.Direct.symbolic_tree' depends on axioms: [propext, Classical.choice, Quot.sound]
'LeanSort.Direct.symbolic_strategy' depends on axioms: [propext, Classical.choice, Quot.sound]
'LeanSort.Direct.scan_counted_eq' depends on axioms: [propext, Quot.sound]
'LeanSort.Direct.scan_eq' depends on axioms: [propext, Quot.sound]
'LeanSort.Direct.merge_counted_eq' depends on axioms: [propext, Classical.choice, Quot.sound]
'LeanSort.Direct.merge_eq' depends on axioms: [propext, Classical.choice, Quot.sound]
'LeanSort.Direct.tree_counted_eq' depends on axioms: [propext, Classical.choice, Quot.sound]
'LeanSort.Direct.tree_eq' depends on axioms: [propext, Classical.choice, Quot.sound]
'LeanSort.Direct.run_counted_eq' depends on axioms: [propext, Classical.choice, Quot.sound]
'LeanSort.Direct.run_eq' depends on axioms: [propext, Classical.choice, Quot.sound]
'LeanSort.Direct.uncounted_eq_counted' depends on axioms: [propext, Classical.choice, Quot.sound]
'LeanSort.Direct.uncounted_execution' depends on axioms: [propext, Classical.choice, Quot.sound]
'LeanSort.Direct.execution_iff' depends on axioms: [propext, Classical.choice, Quot.sound]
'LeanSort.Direct.scan_execution' depends on axioms: [propext, Quot.sound]
'LeanSort.Direct.merge_execution' depends on axioms: [propext, Classical.choice, Quot.sound]
'LeanSort.Direct.tree_execution' depends on axioms: [propext, Classical.choice, Quot.sound]
'LeanSort.Direct.correct' depends on axioms: [propext, Classical.choice, Quot.sound]
'LeanSort.Direct.cost_bound' depends on axioms: [propext, Classical.choice, Quot.sound]
'LeanSort.Direct.execution_bound' depends on axioms: [propext, Classical.choice, Quot.sound]
'LeanSort.Direct.count_bound' depends on axioms: [propext, Classical.choice, Quot.sound]
'LeanSort.Direct.length_bound' depends on axioms: [propext, Classical.choice, Quot.sound]
'LeanSort.Direct.count_sorted_exact' depends on axioms: [propext, Classical.choice, Quot.sound]
'LeanSort.Direct.length_sorted_exact' depends on axioms: [propext, Classical.choice, Quot.sound]
'LeanSort.Direct.count_isBigO_structural' depends on axioms: [propext, Classical.choice, Quot.sound]
'LeanSort.Direct.count_isBigO_nlog' depends on axioms: [propext, Classical.choice, Quot.sound]
'LeanSort.Direct.staged_eq' depends on axioms: [propext, Classical.choice, Quot.sound]
'LeanSort.Direct.phase_count_eq' depends on axioms: [propext, Classical.choice, Quot.sound]
'LeanSort.Direct.phase_partition' depends on axioms: [propext, Classical.choice, Quot.sound]
