{"synthetic": false,
 "schemaVersion": "2025-09-10",
 "outputs":
 {"o": ["e3b19da02fa68433.olean"],
  "m": false,
  "i": "a6626b2e2286d988.ilean",
  "c": "b0fc8c338bfab090.c"},
 "log":
 [{"message":
   ".> LEAN_PATH=/Users/moqian/LeanSort/.lake/packages/Cli/.lake/build/lib/lean:/Users/moqian/LeanSort/.lake/packages/batteries/.lake/build/lib/lean:/Users/moqian/LeanSort/.lake/packages/Qq/.lake/build/lib/lean:/Users/moqian/LeanSort/.lake/packages/aesop/.lake/build/lib/lean:/Users/moqian/LeanSort/.lake/packages/proofwidgets/.lake/build/lib/lean:/Users/moqian/LeanSort/.lake/packages/importGraph/.lake/build/lib/lean:/Users/moqian/LeanSort/.lake/packages/LeanSearchClient/.lake/build/lib/lean:/Users/moqian/LeanSort/.lake/packages/plausible/.lake/build/lib/lean:/Users/moqian/LeanSort/.lake/packages/mathlib/.lake/build/lib/lean:/Users/moqian/LeanSort/.lake/packages/cslib/.lake/build/lib/lean:/Users/moqian/LeanSort/.lake/build/lib/lean /Users/moqian/.elan/toolchains/leanprover--lean4---v4.34.0-rc2/bin/lean /Users/moqian/LeanSort/LeanSort/Catalogue/Evidence.lean -o /Users/moqian/LeanSort/.lake/build/lib/lean/LeanSort/Catalogue/Evidence.olean -i /Users/moqian/LeanSort/.lake/build/lib/lean/LeanSort/Catalogue/Evidence.ilean -c /Users/moqian/LeanSort/.lake/build/ir/LeanSort/Catalogue/Evidence.c --setup /Users/moqian/LeanSort/.lake/build/ir/LeanSort/Catalogue/Evidence.setup.json --json",
   "level": "trace"}],
 "inputs":
 [["deps",
   [["leansort/LeanSort:extraDep",
     [["@leansort:extraDep", "00000000000006bb"]]],
    ["imports",
     [["LeanSort.Semantics.Observation transitive imports (legacy)",
       "c05eb2ae0981ed47"],
      ["LeanSort.Semantics.Observation:importAllArts", "4279c88725bbe79e"],
      ["LeanSort.Verification.Properties.Samples transitive imports (legacy)",
       "13c990a9ecb621e9"],
      ["LeanSort.Verification.Properties.Samples:importAllArts",
       "9b105a419c68e0f1"],
      ["LeanSort.Verification.Properties.Refutations transitive imports (legacy)",
       "b285782ec8493d1c"],
      ["LeanSort.Verification.Properties.Refutations:importAllArts",
       "129663792188d8da"],
      ["LeanSort.Verification.Merge.Trace transitive imports (legacy)",
       "d3eb667423795d90"],
      ["LeanSort.Verification.Merge.Trace:importAllArts", "82e8f06d31529395"],
      ["LeanSort.Verification.Pancake.Trace transitive imports (legacy)",
       "c915e174c00e2723"],
      ["LeanSort.Verification.Pancake.Trace:importAllArts", "1a90e6233acdec55"],
      ["LeanSort.Verification.Properties.Cost transitive imports (legacy)",
       "a741ba2036308ea4"],
      ["LeanSort.Verification.Properties.Cost:importAllArts",
       "3cd21a25e51b81d1"],
      ["LeanSort.Verification.Insertion.Correctness transitive imports (legacy)",
       "9aafbf6db8a57aa4"],
      ["LeanSort.Verification.Insertion.Correctness:importAllArts",
       "c38ec0e2a063291f"],
      ["LeanSort.Verification.Bubble.Correctness transitive imports (legacy)",
       "1b0c47dca3115fd1"],
      ["LeanSort.Verification.Bubble.Correctness:importAllArts",
       "3cab02a6754cee5d"],
      ["LeanSort.Verification.Selection.Correctness transitive imports (legacy)",
       "428000d87fa0b584"],
      ["LeanSort.Verification.Selection.Correctness:importAllArts",
       "ce7fc270baa1e586"],
      ["LeanSort.Verification.Merge.Correctness transitive imports (legacy)",
       "632f623bd2010b80"],
      ["LeanSort.Verification.Merge.Correctness:importAllArts",
       "b3d2830478e3fdf5"],
      ["LeanSort.Verification.Pancake.Correctness transitive imports (legacy)",
       "6ca9e0137b1e2c28"],
      ["LeanSort.Verification.Pancake.Correctness:importAllArts",
       "4ec1f8af91b0a055"],
      ["LeanSort.Verification.Quick.Correctness transitive imports (legacy)",
       "033de5a4a0cccc66"],
      ["LeanSort.Verification.Quick.Correctness:importAllArts",
       "0242953d551f29dc"],
      ["LeanSort.Verification.Shell.Permutation transitive imports (legacy)",
       "3e4e3f3b50ae9116"],
      ["LeanSort.Verification.Shell.Permutation:importAllArts",
       "62341a81bbc38cbb"],
      ["LeanSort.Verification.Radix.Cost transitive imports (legacy)",
       "5e67dcebc00ff754"],
      ["LeanSort.Verification.Radix.Cost:importAllArts", "1ed3b7c748fd3af7"],
      ["LeanSort.Verification.Counting.Cost transitive imports (legacy)",
       "ed16fd621ac38695"],
      ["LeanSort.Verification.Counting.Cost:importAllArts", "7284e540886110fe"],
      ["LeanSort.Verification.Semantics.Adapters transitive imports (legacy)",
       "5b99b89579437802"],
      ["LeanSort.Verification.Semantics.Adapters:importAllArts",
       "bfdef506a9e8c665"]]]]],
  ["libs",
   [["import dynlibs", "00000000000006bb"],
    ["package external libraries", "00000000000006bb"],
    ["module dynlibs", "00000000000006bb"],
    ["module plugins", "00000000000006bb"]]],
  ["Lean 4.34.0, commit 6a10ac8c22beadecabdbb0919c2b50214762f91d",
   "365244c167ac8c1d"],
  ["/Users/moqian/LeanSort/LeanSort/Catalogue/Evidence.lean",
   "2b2aa3725f070663"],
  ["options", "00000000000006bb"],
  ["isModule: false", "feefd2a0d3a1847e"],
  ["Module.name: LeanSort.Catalogue.Evidence", "149d167fb2c9e659"],
  ["Package.id?: (some leansort)", "c099074cf6e8ec59"],
  ["Module.leanArgs: #[]", "00000000000006bb"]],
 "depHash": "e6a7d240b25c1eb1"}