{"synthetic": false,
 "schemaVersion": "2025-09-10",
 "outputs":
 {"o": ["f7ac62c038f166f8.olean"],
  "m": false,
  "i": "b733960b9cf53bec.ilean",
  "c": "d6ecfa37713f5d03.c"},
 "log":
 [{"message":
   ".> LEAN_PATH=/Users/moqian/LeanSort/.lake/packages/Cli/.lake/build/lib/lean:/Users/moqian/LeanSort/.lake/packages/batteries/.lake/build/lib/lean:/Users/moqian/LeanSort/.lake/packages/Qq/.lake/build/lib/lean:/Users/moqian/LeanSort/.lake/packages/aesop/.lake/build/lib/lean:/Users/moqian/LeanSort/.lake/packages/proofwidgets/.lake/build/lib/lean:/Users/moqian/LeanSort/.lake/packages/importGraph/.lake/build/lib/lean:/Users/moqian/LeanSort/.lake/packages/LeanSearchClient/.lake/build/lib/lean:/Users/moqian/LeanSort/.lake/packages/plausible/.lake/build/lib/lean:/Users/moqian/LeanSort/.lake/packages/mathlib/.lake/build/lib/lean:/Users/moqian/LeanSort/.lake/packages/cslib/.lake/build/lib/lean:/Users/moqian/LeanSort/.lake/build/lib/lean /Users/moqian/.elan/toolchains/leanprover--lean4---v4.34.0-rc2/bin/lean /Users/moqian/LeanSort/LeanSort/Verification/Composition/Examples.lean -o /Users/moqian/LeanSort/.lake/build/lib/lean/LeanSort/Verification/Composition/Examples.olean -i /Users/moqian/LeanSort/.lake/build/lib/lean/LeanSort/Verification/Composition/Examples.ilean -c /Users/moqian/LeanSort/.lake/build/ir/LeanSort/Verification/Composition/Examples.c --setup /Users/moqian/LeanSort/.lake/build/ir/LeanSort/Verification/Composition/Examples.setup.json --json",
   "level": "trace"}],
 "inputs":
 [["deps",
   [["leansort/LeanSort:extraDep",
     [["@leansort:extraDep", "00000000000006bb"]]],
    ["imports",
     [["LeanSort.Verification.Composition.Correctness transitive imports (legacy)",
       "782353c806ab5c78"],
      ["LeanSort.Verification.Composition.Correctness:importAllArts",
       "92d2c812d9110c24"],
      ["LeanSort.Verification.Insertion.Correctness transitive imports (legacy)",
       "9aafbf6db8a57aa4"],
      ["LeanSort.Verification.Insertion.Correctness:importAllArts",
       "c38ec0e2a063291f"],
      ["LeanSort.Verification.Bubble.Correctness transitive imports (legacy)",
       "1b0c47dca3115fd1"],
      ["LeanSort.Verification.Bubble.Correctness:importAllArts",
       "3cab02a6754cee5d"],
      ["LeanSort.Verification.Semantics.Construction transitive imports (legacy)",
       "de9cac0604c244a3"],
      ["LeanSort.Verification.Semantics.Construction:importAllArts",
       "7e0e11df93e2ee29"],
      ["LeanSort.Verification.Semantics.Basic transitive imports (legacy)",
       "bea606c408d39f93"],
      ["LeanSort.Verification.Semantics.Basic:importAllArts",
       "75381b4c94c5a1f3"]]]]],
  ["libs",
   [["import dynlibs", "00000000000006bb"],
    ["package external libraries", "00000000000006bb"],
    ["module dynlibs", "00000000000006bb"],
    ["module plugins", "00000000000006bb"]]],
  ["Lean 4.34.0, commit 6a10ac8c22beadecabdbb0919c2b50214762f91d",
   "365244c167ac8c1d"],
  ["/Users/moqian/LeanSort/LeanSort/Verification/Composition/Examples.lean",
   "183bb9199e8f0a08"],
  ["options", "00000000000006bb"],
  ["isModule: false", "feefd2a0d3a1847e"],
  ["Module.name: LeanSort.Verification.Composition.Examples",
   "6aaabc5aa4645e59"],
  ["Package.id?: (some leansort)", "c099074cf6e8ec59"],
  ["Module.leanArgs: #[]", "00000000000006bb"]],
 "depHash": "ddd936970c9fd181"}