{"synthetic": false,
 "schemaVersion": "2025-09-10",
 "outputs":
 {"o": ["048f92e28ba47ee0.olean"],
  "m": false,
  "i": "9c69e1ec9efd17ad.ilean",
  "c": "a35fe0359b147449.c"},
 "log":
 [{"message":
   ".> LEAN_PATH=/Users/moqian/LeanSort/.lake/packages/Cli/.lake/build/lib/lean:/Users/moqian/LeanSort/.lake/packages/batteries/.lake/build/lib/lean:/Users/moqian/LeanSort/.lake/packages/Qq/.lake/build/lib/lean:/Users/moqian/LeanSort/.lake/packages/aesop/.lake/build/lib/lean:/Users/moqian/LeanSort/.lake/packages/proofwidgets/.lake/build/lib/lean:/Users/moqian/LeanSort/.lake/packages/importGraph/.lake/build/lib/lean:/Users/moqian/LeanSort/.lake/packages/LeanSearchClient/.lake/build/lib/lean:/Users/moqian/LeanSort/.lake/packages/plausible/.lake/build/lib/lean:/Users/moqian/LeanSort/.lake/packages/mathlib/.lake/build/lib/lean:/Users/moqian/LeanSort/.lake/build/lib/lean /Users/moqian/.elan/toolchains/leanprover--lean4---v4.34.0-rc2/bin/lean /Users/moqian/LeanSort/LeanSort/Bubble/Property/Trace.lean -o /Users/moqian/LeanSort/.lake/build/lib/lean/LeanSort/Bubble/Property/Trace.olean -i /Users/moqian/LeanSort/.lake/build/lib/lean/LeanSort/Bubble/Property/Trace.ilean -c /Users/moqian/LeanSort/.lake/build/ir/LeanSort/Bubble/Property/Trace.c --setup /Users/moqian/LeanSort/.lake/build/ir/LeanSort/Bubble/Property/Trace.setup.json --json",
   "level": "trace"}],
 "inputs":
 [["deps",
   [["leansort/LeanSort:extraDep",
     [["@leansort:extraDep", "00000000000006bb"]]],
    ["imports",
     [["LeanSort.Bubble.Algorithm transitive imports (legacy)",
       "88ca6f5da73003d5"],
      ["LeanSort.Bubble.Algorithm:importAllArts", "bc5d69a7b1cb8dda"]]]]],
  ["libs",
   [["import dynlibs", "00000000000006bb"],
    ["package external libraries", "00000000000006bb"],
    ["module dynlibs", "00000000000006bb"],
    ["module plugins", "00000000000006bb"]]],
  ["Lean 4.34.0, commit 6a10ac8c22beadecabdbb0919c2b50214762f91d",
   "365244c167ac8c1d"],
  ["/Users/moqian/LeanSort/LeanSort/Bubble/Property/Trace.lean",
   "18cabdbb9f81b9c1"],
  ["options", "00000000000006bb"],
  ["isModule: false", "feefd2a0d3a1847e"],
  ["Module.name: LeanSort.Bubble.Property.Trace", "e5d193b415e82605"],
  ["Package.id?: (some leansort)", "c099074cf6e8ec59"],
  ["Module.leanArgs: #[]", "00000000000006bb"]],
 "depHash": "4c4db3fbb7e14e90"}