{"synthetic": false,
 "schemaVersion": "2025-09-10",
 "outputs":
 {"o": ["50698a80ebff2fd4.olean"],
  "m": false,
  "i": "f05f2fb837f13ec3.ilean",
  "c": "e95f4d7d47fcaf2f.c"},
 "log":
 [{"message":
   ".> LEAN_PATH=/Users/moqian/LeanSort/.lake/packages/Cli/.lake/build/lib/lean:/Users/moqian/LeanSort/.lake/packages/batteries/.lake/build/lib/lean:/Users/moqian/LeanSort/.lake/packages/Qq/.lake/build/lib/lean:/Users/moqian/LeanSort/.lake/packages/aesop/.lake/build/lib/lean:/Users/moqian/LeanSort/.lake/packages/proofwidgets/.lake/build/lib/lean:/Users/moqian/LeanSort/.lake/packages/importGraph/.lake/build/lib/lean:/Users/moqian/LeanSort/.lake/packages/LeanSearchClient/.lake/build/lib/lean:/Users/moqian/LeanSort/.lake/packages/plausible/.lake/build/lib/lean:/Users/moqian/LeanSort/.lake/packages/mathlib/.lake/build/lib/lean:/Users/moqian/LeanSort/.lake/build/lib/lean /Users/moqian/.elan/toolchains/leanprover--lean4---v4.34.0-rc2/bin/lean /Users/moqian/LeanSort/LeanSort/Insertion/Property/Correctness.lean -o /Users/moqian/LeanSort/.lake/build/lib/lean/LeanSort/Insertion/Property/Correctness.olean -i /Users/moqian/LeanSort/.lake/build/lib/lean/LeanSort/Insertion/Property/Correctness.ilean -c /Users/moqian/LeanSort/.lake/build/ir/LeanSort/Insertion/Property/Correctness.c --setup /Users/moqian/LeanSort/.lake/build/ir/LeanSort/Insertion/Property/Correctness.setup.json --json",
   "level": "trace"}],
 "inputs":
 [["deps",
   [["leansort/LeanSort:extraDep",
     [["@leansort:extraDep", "00000000000006bb"]]],
    ["imports",
     [["LeanSort.Insertion.Algorithm transitive imports (legacy)",
       "88ca6f5da73003d5"],
      ["LeanSort.Insertion.Algorithm:importAllArts", "57a932d8ff6ce383"]]]]],
  ["libs",
   [["import dynlibs", "00000000000006bb"],
    ["package external libraries", "00000000000006bb"],
    ["module dynlibs", "00000000000006bb"],
    ["module plugins", "00000000000006bb"]]],
  ["Lean 4.34.0, commit 6a10ac8c22beadecabdbb0919c2b50214762f91d",
   "365244c167ac8c1d"],
  ["/Users/moqian/LeanSort/LeanSort/Insertion/Property/Correctness.lean",
   "b2d5393509abb0d7"],
  ["options", "00000000000006bb"],
  ["isModule: false", "feefd2a0d3a1847e"],
  ["Module.name: LeanSort.Insertion.Property.Correctness", "3a88b0f78234e18e"],
  ["Package.id?: (some leansort)", "c099074cf6e8ec59"],
  ["Module.leanArgs: #[]", "00000000000006bb"]],
 "depHash": "609a11f211a0fefa"}