{"synthetic": false,
 "schemaVersion": "2025-09-10",
 "outputs":
 {"o": ["97162d90ef9e106b.olean"],
  "m": false,
  "i": "74d55fcab6ef0746.ilean",
  "c": "5a823059067947cc.c"},
 "log":
 [{"message":
   ".> LEAN_PATH=/Users/moqian/LeanSort/.lake/packages/Cli/.lake/build/lib/lean:/Users/moqian/LeanSort/.lake/packages/batteries/.lake/build/lib/lean:/Users/moqian/LeanSort/.lake/packages/Qq/.lake/build/lib/lean:/Users/moqian/LeanSort/.lake/packages/aesop/.lake/build/lib/lean:/Users/moqian/LeanSort/.lake/packages/proofwidgets/.lake/build/lib/lean:/Users/moqian/LeanSort/.lake/packages/importGraph/.lake/build/lib/lean:/Users/moqian/LeanSort/.lake/packages/LeanSearchClient/.lake/build/lib/lean:/Users/moqian/LeanSort/.lake/packages/plausible/.lake/build/lib/lean:/Users/moqian/LeanSort/.lake/packages/mathlib/.lake/build/lib/lean:/Users/moqian/LeanSort/.lake/build/lib/lean /Users/moqian/.elan/toolchains/leanprover--lean4---v4.34.0-rc2/bin/lean /Users/moqian/LeanSort/LeanSort/Verification/Bubble/Checks.lean -o /Users/moqian/LeanSort/.lake/build/lib/lean/LeanSort/Verification/Bubble/Checks.olean -i /Users/moqian/LeanSort/.lake/build/lib/lean/LeanSort/Verification/Bubble/Checks.ilean -c /Users/moqian/LeanSort/.lake/build/ir/LeanSort/Verification/Bubble/Checks.c --setup /Users/moqian/LeanSort/.lake/build/ir/LeanSort/Verification/Bubble/Checks.setup.json --json",
   "level": "trace"}],
 "inputs":
 [["deps",
   [["leansort/LeanSort:extraDep",
     [["@leansort:extraDep", "00000000000006bb"]]],
    ["imports",
     [["LeanSort.Algorithm.Bubble transitive imports (legacy)",
       "d7ed03c9a15d7c22"],
      ["LeanSort.Algorithm.Bubble:importAllArts", "fcdd9207e0ed97c6"]]]]],
  ["libs",
   [["import dynlibs", "00000000000006bb"],
    ["package external libraries", "00000000000006bb"],
    ["module dynlibs", "00000000000006bb"],
    ["module plugins", "00000000000006bb"]]],
  ["Lean 4.34.0, commit 6a10ac8c22beadecabdbb0919c2b50214762f91d",
   "365244c167ac8c1d"],
  ["/Users/moqian/LeanSort/LeanSort/Verification/Bubble/Checks.lean",
   "4f16ee7ccb84c426"],
  ["options", "00000000000006bb"],
  ["isModule: false", "feefd2a0d3a1847e"],
  ["Module.name: LeanSort.Verification.Bubble.Checks", "47fdffa3edde4931"],
  ["Package.id?: (some leansort)", "c099074cf6e8ec59"],
  ["Module.leanArgs: #[]", "00000000000006bb"]],
 "depHash": "0c419f3de820ae5f"}