{"synthetic": false,
 "schemaVersion": "2025-09-10",
 "outputs":
 {"o": ["08d5ab8b9f66347b.olean"],
  "m": false,
  "i": "cefdbfde0748941b.ilean",
  "c": "c81fddd467adc116.c"},
 "log":
 [{"message":
   ".> LEAN_PATH=/Users/moqian/LeanSort/.lake/packages/Cli/.lake/build/lib/lean:/Users/moqian/LeanSort/.lake/packages/batteries/.lake/build/lib/lean:/Users/moqian/LeanSort/.lake/packages/Qq/.lake/build/lib/lean:/Users/moqian/LeanSort/.lake/packages/aesop/.lake/build/lib/lean:/Users/moqian/LeanSort/.lake/packages/proofwidgets/.lake/build/lib/lean:/Users/moqian/LeanSort/.lake/packages/importGraph/.lake/build/lib/lean:/Users/moqian/LeanSort/.lake/packages/LeanSearchClient/.lake/build/lib/lean:/Users/moqian/LeanSort/.lake/packages/plausible/.lake/build/lib/lean:/Users/moqian/LeanSort/.lake/packages/mathlib/.lake/build/lib/lean:/Users/moqian/LeanSort/.lake/build/lib/lean /Users/moqian/.elan/toolchains/leanprover--lean4---v4.34.0-rc2/bin/lean /Users/moqian/LeanSort/LeanSort/Verification/Bubble/Cost.lean -o /Users/moqian/LeanSort/.lake/build/lib/lean/LeanSort/Verification/Bubble/Cost.olean -i /Users/moqian/LeanSort/.lake/build/lib/lean/LeanSort/Verification/Bubble/Cost.ilean -c /Users/moqian/LeanSort/.lake/build/ir/LeanSort/Verification/Bubble/Cost.c --setup /Users/moqian/LeanSort/.lake/build/ir/LeanSort/Verification/Bubble/Cost.setup.json --json",
   "level": "trace"}],
 "inputs":
 [["deps",
   [["leansort/LeanSort:extraDep",
     [["@leansort:extraDep", "00000000000006bb"]]],
    ["imports",
     [["LeanSort.Verification.Bubble.Correctness transitive imports (legacy)",
       "1b0c47dca3115fd1"],
      ["LeanSort.Verification.Bubble.Correctness:importAllArts",
       "3cab02a6754cee5d"],
      ["LeanSort.Verification.Shared.InversionBounds transitive imports (legacy)",
       "7523627ff5d209de"],
      ["LeanSort.Verification.Shared.InversionBounds:importAllArts",
       "67e4bfe04cb0abbc"]]]]],
  ["libs",
   [["import dynlibs", "00000000000006bb"],
    ["package external libraries", "00000000000006bb"],
    ["module dynlibs", "00000000000006bb"],
    ["module plugins", "00000000000006bb"]]],
  ["Lean 4.34.0, commit 6a10ac8c22beadecabdbb0919c2b50214762f91d",
   "365244c167ac8c1d"],
  ["/Users/moqian/LeanSort/LeanSort/Verification/Bubble/Cost.lean",
   "2bad8cbab2731ded"],
  ["options", "00000000000006bb"],
  ["isModule: false", "feefd2a0d3a1847e"],
  ["Module.name: LeanSort.Verification.Bubble.Cost", "66e933731acc7b69"],
  ["Package.id?: (some leansort)", "c099074cf6e8ec59"],
  ["Module.leanArgs: #[]", "00000000000006bb"]],
 "depHash": "4ebb940a782cce61"}