{"synthetic": false,
 "schemaVersion": "2025-09-10",
 "outputs":
 {"o": ["60f4686e4da32374.olean"],
  "m": false,
  "i": "16b8d8841b6be7dc.ilean",
  "c": "760db4bd725ce7c3.c"},
 "log":
 [{"message":
   ".> LEAN_PATH=/Users/moqian/LeanSort/.lake/packages/Cli/.lake/build/lib/lean:/Users/moqian/LeanSort/.lake/packages/batteries/.lake/build/lib/lean:/Users/moqian/LeanSort/.lake/packages/Qq/.lake/build/lib/lean:/Users/moqian/LeanSort/.lake/packages/aesop/.lake/build/lib/lean:/Users/moqian/LeanSort/.lake/packages/proofwidgets/.lake/build/lib/lean:/Users/moqian/LeanSort/.lake/packages/importGraph/.lake/build/lib/lean:/Users/moqian/LeanSort/.lake/packages/LeanSearchClient/.lake/build/lib/lean:/Users/moqian/LeanSort/.lake/packages/plausible/.lake/build/lib/lean:/Users/moqian/LeanSort/.lake/packages/mathlib/.lake/build/lib/lean:/Users/moqian/LeanSort/.lake/build/lib/lean /Users/moqian/.elan/toolchains/leanprover--lean4---v4.34.0-rc2/bin/lean /Users/moqian/LeanSort/LeanSort/Verification/Bubble/Trace.lean -o /Users/moqian/LeanSort/.lake/build/lib/lean/LeanSort/Verification/Bubble/Trace.olean -i /Users/moqian/LeanSort/.lake/build/lib/lean/LeanSort/Verification/Bubble/Trace.ilean -c /Users/moqian/LeanSort/.lake/build/ir/LeanSort/Verification/Bubble/Trace.c --setup /Users/moqian/LeanSort/.lake/build/ir/LeanSort/Verification/Bubble/Trace.setup.json --json",
   "level": "trace"}],
 "inputs":
 [["deps",
   [["leansort/LeanSort:extraDep",
     [["@leansort:extraDep", "00000000000006bb"]]],
    ["imports",
     [["LeanSort.Verification.Bubble.Equations transitive imports (legacy)",
       "327a1aec0dc9e96c"],
      ["LeanSort.Verification.Bubble.Equations:importAllArts",
       "c369036341a0140d"],
      ["LeanSort.Verification.Shared.RearrangementLemmas transitive imports (legacy)",
       "d7ed03c9a15d7c22"],
      ["LeanSort.Verification.Shared.RearrangementLemmas:importAllArts",
       "6f622c80dc11b0f3"]]]]],
  ["libs",
   [["import dynlibs", "00000000000006bb"],
    ["package external libraries", "00000000000006bb"],
    ["module dynlibs", "00000000000006bb"],
    ["module plugins", "00000000000006bb"]]],
  ["Lean 4.34.0, commit 6a10ac8c22beadecabdbb0919c2b50214762f91d",
   "365244c167ac8c1d"],
  ["/Users/moqian/LeanSort/LeanSort/Verification/Bubble/Trace.lean",
   "07548e36fca513cc"],
  ["options", "00000000000006bb"],
  ["isModule: false", "feefd2a0d3a1847e"],
  ["Module.name: LeanSort.Verification.Bubble.Trace", "56bbf4826512be13"],
  ["Package.id?: (some leansort)", "c099074cf6e8ec59"],
  ["Module.leanArgs: #[]", "00000000000006bb"]],
 "depHash": "3e48c9c323b71b5d"}