{"synthetic": false,
 "schemaVersion": "2025-09-10",
 "outputs":
 {"o": ["e213e9a950252d77.olean"],
  "m": false,
  "i": "828a7fe81822650a.ilean",
  "c": "225c65c4111fd1b3.c"},
 "log":
 [{"message":
   ".> LEAN_PATH=/Users/moqian/LeanSort/.lake/packages/Cli/.lake/build/lib/lean:/Users/moqian/LeanSort/.lake/packages/batteries/.lake/build/lib/lean:/Users/moqian/LeanSort/.lake/packages/Qq/.lake/build/lib/lean:/Users/moqian/LeanSort/.lake/packages/aesop/.lake/build/lib/lean:/Users/moqian/LeanSort/.lake/packages/proofwidgets/.lake/build/lib/lean:/Users/moqian/LeanSort/.lake/packages/importGraph/.lake/build/lib/lean:/Users/moqian/LeanSort/.lake/packages/LeanSearchClient/.lake/build/lib/lean:/Users/moqian/LeanSort/.lake/packages/plausible/.lake/build/lib/lean:/Users/moqian/LeanSort/.lake/packages/mathlib/.lake/build/lib/lean:/Users/moqian/LeanSort/.lake/packages/cslib/.lake/build/lib/lean:/Users/moqian/LeanSort/.lake/build/lib/lean /Users/moqian/.elan/toolchains/leanprover--lean4---v4.34.0-rc2/bin/lean /Users/moqian/LeanSort/LeanSort/Algorithm/LearnedSelection/Model.lean -o /Users/moqian/LeanSort/.lake/build/lib/lean/LeanSort/Algorithm/LearnedSelection/Model.olean -i /Users/moqian/LeanSort/.lake/build/lib/lean/LeanSort/Algorithm/LearnedSelection/Model.ilean -c /Users/moqian/LeanSort/.lake/build/ir/LeanSort/Algorithm/LearnedSelection/Model.c --setup /Users/moqian/LeanSort/.lake/build/ir/LeanSort/Algorithm/LearnedSelection/Model.setup.json --json",
   "level": "trace"}],
 "inputs":
 [["deps",
   [["leansort/LeanSort:extraDep",
     [["@leansort:extraDep", "00000000000006bb"]]],
    ["imports",
     [["LeanSort.Algorithm.LearnedSelection.Candidates transitive imports (legacy)",
       "b64864d387d76da2"],
      ["LeanSort.Algorithm.LearnedSelection.Candidates:importAllArts",
       "a24e40c7a9d155cb"],
      ["LeanSort.Algorithm.LearnedSelection.Features transitive imports (legacy)",
       "749b758f0af39186"],
      ["LeanSort.Algorithm.LearnedSelection.Features:importAllArts",
       "a16d675c58f358bb"]]]]],
  ["libs",
   [["import dynlibs", "00000000000006bb"],
    ["package external libraries", "00000000000006bb"],
    ["module dynlibs", "00000000000006bb"],
    ["module plugins", "00000000000006bb"]]],
  ["Lean 4.34.0, commit 6a10ac8c22beadecabdbb0919c2b50214762f91d",
   "365244c167ac8c1d"],
  ["/Users/moqian/LeanSort/LeanSort/Algorithm/LearnedSelection/Model.lean",
   "eb2c46d65dcc946c"],
  ["options", "00000000000006bb"],
  ["isModule: false", "feefd2a0d3a1847e"],
  ["Module.name: LeanSort.Algorithm.LearnedSelection.Model",
   "f5a54f309548fe5a"],
  ["Package.id?: (some leansort)", "c099074cf6e8ec59"],
  ["Module.leanArgs: #[]", "00000000000006bb"]],
 "depHash": "0a7fb8cd2b2ecd24"}