{"synthetic": false,
 "schemaVersion": "2025-09-10",
 "outputs":
 {"o": ["3d6edf097610cfbc.olean"],
  "m": false,
  "i": "69eaf500abfc630f.ilean",
  "c": "9d8200062c98e17c.c"},
 "log":
 [{"message":
   ".> LEAN_PATH=/Users/moqian/LeanSort/.lake/packages/Cli/.lake/build/lib/lean:/Users/moqian/LeanSort/.lake/packages/batteries/.lake/build/lib/lean:/Users/moqian/LeanSort/.lake/packages/Qq/.lake/build/lib/lean:/Users/moqian/LeanSort/.lake/packages/aesop/.lake/build/lib/lean:/Users/moqian/LeanSort/.lake/packages/proofwidgets/.lake/build/lib/lean:/Users/moqian/LeanSort/.lake/packages/importGraph/.lake/build/lib/lean:/Users/moqian/LeanSort/.lake/packages/LeanSearchClient/.lake/build/lib/lean:/Users/moqian/LeanSort/.lake/packages/plausible/.lake/build/lib/lean:/Users/moqian/LeanSort/.lake/packages/mathlib/.lake/build/lib/lean:/Users/moqian/LeanSort/.lake/packages/cslib/.lake/build/lib/lean:/Users/moqian/LeanSort/.lake/build/lib/lean /Users/moqian/.elan/toolchains/leanprover--lean4---v4.34.0-rc2/bin/lean /Users/moqian/LeanSort/LeanSort/Verification/RunAdaptive/MergeTree.lean -o /Users/moqian/LeanSort/.lake/build/lib/lean/LeanSort/Verification/RunAdaptive/MergeTree.olean -i /Users/moqian/LeanSort/.lake/build/lib/lean/LeanSort/Verification/RunAdaptive/MergeTree.ilean -c /Users/moqian/LeanSort/.lake/build/ir/LeanSort/Verification/RunAdaptive/MergeTree.c --setup /Users/moqian/LeanSort/.lake/build/ir/LeanSort/Verification/RunAdaptive/MergeTree.setup.json --json",
   "level": "trace"}],
 "inputs":
 [["deps",
   [["leansort/LeanSort:extraDep",
     [["@leansort:extraDep", "00000000000006bb"]]],
    ["imports",
     [["LeanSort.Algorithm.RunMerge transitive imports (legacy)",
       "a8546d299eb7ba44"],
      ["LeanSort.Algorithm.RunMerge:importAllArts", "18aca6d900cf3558"],
      ["LeanSort.Verification.Comparison.Phases transitive imports (legacy)",
       "fdc607d65b8b948f"],
      ["LeanSort.Verification.Comparison.Phases:importAllArts",
       "551e3524f62cee5f"],
      ["Mathlib.Tactic.Linarith transitive imports (legacy)",
       "2fcfb2e0c8a9b7c2"],
      ["Mathlib.Tactic.Linarith:importAllArts", "c70641f01b514bb2"]]]]],
  ["libs",
   [["import dynlibs", "00000000000006bb"],
    ["package external libraries", "00000000000006bb"],
    ["module dynlibs", "00000000000006bb"],
    ["module plugins", "00000000000006bb"]]],
  ["Lean 4.34.0, commit 6a10ac8c22beadecabdbb0919c2b50214762f91d",
   "365244c167ac8c1d"],
  ["/Users/moqian/LeanSort/LeanSort/Verification/RunAdaptive/MergeTree.lean",
   "f7dbd3134003aec7"],
  ["options", "00000000000006bb"],
  ["isModule: false", "feefd2a0d3a1847e"],
  ["Module.name: LeanSort.Verification.RunAdaptive.MergeTree",
   "d4c799c393acb1f6"],
  ["Package.id?: (some leansort)", "c099074cf6e8ec59"],
  ["Module.leanArgs: #[]", "00000000000006bb"]],
 "depHash": "278c3bea111b372a"}