{"synthetic": false,
 "schemaVersion": "2025-09-10",
 "outputs":
 {"o": ["aa3fe6e840bc0695.olean"],
  "m": false,
  "i": "17bffab725ef6a86.ilean",
  "c": "cf097a530256679c.c"},
 "log":
 [{"message":
   ".> LEAN_PATH=/Users/moqian/LeanSort/.lake/packages/Cli/.lake/build/lib/lean:/Users/moqian/LeanSort/.lake/packages/batteries/.lake/build/lib/lean:/Users/moqian/LeanSort/.lake/packages/Qq/.lake/build/lib/lean:/Users/moqian/LeanSort/.lake/packages/aesop/.lake/build/lib/lean:/Users/moqian/LeanSort/.lake/packages/proofwidgets/.lake/build/lib/lean:/Users/moqian/LeanSort/.lake/packages/importGraph/.lake/build/lib/lean:/Users/moqian/LeanSort/.lake/packages/LeanSearchClient/.lake/build/lib/lean:/Users/moqian/LeanSort/.lake/packages/plausible/.lake/build/lib/lean:/Users/moqian/LeanSort/.lake/packages/mathlib/.lake/build/lib/lean:/Users/moqian/LeanSort/.lake/build/lib/lean /Users/moqian/.elan/toolchains/leanprover--lean4---v4.34.0-rc2/bin/lean /Users/moqian/LeanSort/LeanSort/Property/ReducedWord.lean -o /Users/moqian/LeanSort/.lake/build/lib/lean/LeanSort/Property/ReducedWord.olean -i /Users/moqian/LeanSort/.lake/build/lib/lean/LeanSort/Property/ReducedWord.ilean -c /Users/moqian/LeanSort/.lake/build/ir/LeanSort/Property/ReducedWord.c --setup /Users/moqian/LeanSort/.lake/build/ir/LeanSort/Property/ReducedWord.setup.json --json",
   "level": "trace"}],
 "inputs":
 [["deps",
   [["leansort/LeanSort:extraDep",
     [["@leansort:extraDep", "00000000000006bb"]]],
    ["imports",
     [["LeanSort.Property.Correctness transitive imports (legacy)",
       "8823f069c7342ad8"],
      ["LeanSort.Property.Correctness:importAllArts", "2d968e284245b01d"],
      ["LeanSort.Algorithm.Inversions transitive imports (legacy)",
       "0503d73798a5b558"],
      ["LeanSort.Algorithm.Inversions:importAllArts", "713279b26fb4af38"]]]]],
  ["libs",
   [["import dynlibs", "00000000000006bb"],
    ["package external libraries", "00000000000006bb"],
    ["module dynlibs", "00000000000006bb"],
    ["module plugins", "00000000000006bb"]]],
  ["Lean 4.34.0, commit 6a10ac8c22beadecabdbb0919c2b50214762f91d",
   "365244c167ac8c1d"],
  ["/Users/moqian/LeanSort/LeanSort/Property/ReducedWord.lean",
   "6846456e11a30836"],
  ["options", "00000000000006bb"],
  ["isModule: false", "feefd2a0d3a1847e"],
  ["Module.name: LeanSort.Property.ReducedWord", "681ecfdbbda0ad71"],
  ["Package.id?: (some leansort)", "c099074cf6e8ec59"],
  ["Module.leanArgs: #[]", "00000000000006bb"]],
 "depHash": "c06d140df8575414"}