{"synthetic": false,
 "schemaVersion": "2025-09-10",
 "outputs":
 {"o": ["aa95ffecb340fcc1.olean"],
  "m": false,
  "i": "5bcf2a84514bf708.ilean",
  "c": "996659d894e2e895.c"},
 "log":
 [{"message":
   ".> LEAN_PATH=/Users/moqian/LeanSort/.lake/packages/Cli/.lake/build/lib/lean:/Users/moqian/LeanSort/.lake/packages/batteries/.lake/build/lib/lean:/Users/moqian/LeanSort/.lake/packages/Qq/.lake/build/lib/lean:/Users/moqian/LeanSort/.lake/packages/aesop/.lake/build/lib/lean:/Users/moqian/LeanSort/.lake/packages/proofwidgets/.lake/build/lib/lean:/Users/moqian/LeanSort/.lake/packages/importGraph/.lake/build/lib/lean:/Users/moqian/LeanSort/.lake/packages/LeanSearchClient/.lake/build/lib/lean:/Users/moqian/LeanSort/.lake/packages/plausible/.lake/build/lib/lean:/Users/moqian/LeanSort/.lake/packages/mathlib/.lake/build/lib/lean:/Users/moqian/LeanSort/.lake/packages/cslib/.lake/build/lib/lean:/Users/moqian/LeanSort/.lake/build/lib/lean /Users/moqian/.elan/toolchains/leanprover--lean4---v4.34.0-rc2/bin/lean /Users/moqian/LeanSort/LeanSort/Verification/LearnedSelection/Correctness.lean -o /Users/moqian/LeanSort/.lake/build/lib/lean/LeanSort/Verification/LearnedSelection/Correctness.olean -i /Users/moqian/LeanSort/.lake/build/lib/lean/LeanSort/Verification/LearnedSelection/Correctness.ilean -c /Users/moqian/LeanSort/.lake/build/ir/LeanSort/Verification/LearnedSelection/Correctness.c --setup /Users/moqian/LeanSort/.lake/build/ir/LeanSort/Verification/LearnedSelection/Correctness.setup.json --json",
   "level": "trace"}],
 "inputs":
 [["deps",
   [["leansort/LeanSort:extraDep",
     [["@leansort:extraDep", "00000000000006bb"]]],
    ["imports",
     [["LeanSort.Algorithm.LearnedSelection.Model transitive imports (legacy)",
       "c72b337c01040f17"],
      ["LeanSort.Algorithm.LearnedSelection.Model:importAllArts",
       "a9ee75d2ecb0debf"],
      ["LeanSort.Verification.Direct.Refinement transitive imports (legacy)",
       "af17d1c265fdf783"],
      ["LeanSort.Verification.Direct.Refinement:importAllArts",
       "271c07410e895f40"]]]]],
  ["libs",
   [["import dynlibs", "00000000000006bb"],
    ["package external libraries", "00000000000006bb"],
    ["module dynlibs", "00000000000006bb"],
    ["module plugins", "00000000000006bb"]]],
  ["Lean 4.34.0, commit 6a10ac8c22beadecabdbb0919c2b50214762f91d",
   "365244c167ac8c1d"],
  ["/Users/moqian/LeanSort/LeanSort/Verification/LearnedSelection/Correctness.lean",
   "92a8f92cb714c56b"],
  ["options", "00000000000006bb"],
  ["isModule: false", "feefd2a0d3a1847e"],
  ["Module.name: LeanSort.Verification.LearnedSelection.Correctness",
   "309179fa23dfa738"],
  ["Package.id?: (some leansort)", "c099074cf6e8ec59"],
  ["Module.leanArgs: #[]", "00000000000006bb"]],
 "depHash": "d29bda45847bece6"}