{"synthetic": false,
 "schemaVersion": "2025-09-10",
 "outputs":
 {"o": ["9288346ada3085ce.olean"],
  "m": false,
  "i": "adb28cba84df595f.ilean",
  "c": "b3586cc50c3e4b6e.c"},
 "log":
 [{"message":
   ".> LEAN_PATH=/Users/moqian/LeanSort/.lake/packages/Cli/.lake/build/lib/lean:/Users/moqian/LeanSort/.lake/packages/batteries/.lake/build/lib/lean:/Users/moqian/LeanSort/.lake/packages/Qq/.lake/build/lib/lean:/Users/moqian/LeanSort/.lake/packages/aesop/.lake/build/lib/lean:/Users/moqian/LeanSort/.lake/packages/proofwidgets/.lake/build/lib/lean:/Users/moqian/LeanSort/.lake/packages/importGraph/.lake/build/lib/lean:/Users/moqian/LeanSort/.lake/packages/LeanSearchClient/.lake/build/lib/lean:/Users/moqian/LeanSort/.lake/packages/plausible/.lake/build/lib/lean:/Users/moqian/LeanSort/.lake/packages/mathlib/.lake/build/lib/lean:/Users/moqian/LeanSort/.lake/packages/cslib/.lake/build/lib/lean:/Users/moqian/LeanSort/.lake/build/lib/lean /Users/moqian/.elan/toolchains/leanprover--lean4---v4.34.0-rc2/bin/lean /Users/moqian/LeanSort/LeanSort/Semantics/Comparison.lean -o /Users/moqian/LeanSort/.lake/build/lib/lean/LeanSort/Semantics/Comparison.olean -i /Users/moqian/LeanSort/.lake/build/lib/lean/LeanSort/Semantics/Comparison.ilean -c /Users/moqian/LeanSort/.lake/build/ir/LeanSort/Semantics/Comparison.c --setup /Users/moqian/LeanSort/.lake/build/ir/LeanSort/Semantics/Comparison.setup.json --json",
   "level": "trace"}],
 "inputs":
 [["deps",
   [["leansort/LeanSort:extraDep",
     [["@leansort:extraDep", "00000000000006bb"]]],
    ["imports",
     [["Cslib.Algorithms.Lean.TimeM transitive imports (legacy)",
       "fbc74aadcb8e9901"],
      ["Cslib.Algorithms.Lean.TimeM:importAllArts", "8edd91b2781670db"],
      ["Mathlib.Order.Defs.LinearOrder transitive imports (legacy)",
       "d708118c4fffcbae"],
      ["Mathlib.Order.Defs.LinearOrder:importAllArts", "d4271bbb84f4d3aa"]]]]],
  ["libs",
   [["import dynlibs", "00000000000006bb"],
    ["package external libraries", "00000000000006bb"],
    ["module dynlibs", "00000000000006bb"],
    ["module plugins", "00000000000006bb"]]],
  ["Lean 4.34.0, commit 6a10ac8c22beadecabdbb0919c2b50214762f91d",
   "365244c167ac8c1d"],
  ["/Users/moqian/LeanSort/LeanSort/Semantics/Comparison.lean",
   "717f85e13b79ceca"],
  ["options", "00000000000006bb"],
  ["isModule: false", "feefd2a0d3a1847e"],
  ["Module.name: LeanSort.Semantics.Comparison", "0f256cf1844e2d4b"],
  ["Package.id?: (some leansort)", "c099074cf6e8ec59"],
  ["Module.leanArgs: #[]", "00000000000006bb"]],
 "depHash": "1757661e5fc415f1"}