{"synthetic": false,
 "schemaVersion": "2025-09-10",
 "outputs":
 {"o": ["4dd343871fe49659.olean"],
  "m": false,
  "i": "909e72ee69802471.ilean",
  "c": "1591cd9df18e8a07.c"},
 "log":
 [{"message":
   ".> LEAN_PATH=/Users/moqian/LeanSort/.lake/packages/Cli/.lake/build/lib/lean:/Users/moqian/LeanSort/.lake/packages/batteries/.lake/build/lib/lean:/Users/moqian/LeanSort/.lake/packages/Qq/.lake/build/lib/lean:/Users/moqian/LeanSort/.lake/packages/aesop/.lake/build/lib/lean:/Users/moqian/LeanSort/.lake/packages/proofwidgets/.lake/build/lib/lean:/Users/moqian/LeanSort/.lake/packages/importGraph/.lake/build/lib/lean:/Users/moqian/LeanSort/.lake/packages/LeanSearchClient/.lake/build/lib/lean:/Users/moqian/LeanSort/.lake/packages/plausible/.lake/build/lib/lean:/Users/moqian/LeanSort/.lake/packages/mathlib/.lake/build/lib/lean:/Users/moqian/LeanSort/.lake/packages/cslib/.lake/build/lib/lean:/Users/moqian/LeanSort/.lake/build/lib/lean /Users/moqian/.elan/toolchains/leanprover--lean4---v4.34.0-rc2/bin/lean /Users/moqian/LeanSort/LeanSort/Semantics/Construction.lean -o /Users/moqian/LeanSort/.lake/build/lib/lean/LeanSort/Semantics/Construction.olean -i /Users/moqian/LeanSort/.lake/build/lib/lean/LeanSort/Semantics/Construction.ilean -c /Users/moqian/LeanSort/.lake/build/ir/LeanSort/Semantics/Construction.c --setup /Users/moqian/LeanSort/.lake/build/ir/LeanSort/Semantics/Construction.setup.json --json",
   "level": "trace"}],
 "inputs":
 [["deps",
   [["leansort/LeanSort:extraDep",
     [["@leansort:extraDep", "00000000000006bb"]]],
    ["imports",
     [["LeanSort.Property.Basic transitive imports (legacy)",
       "00000000000006bb"],
      ["LeanSort.Property.Basic:importAllArts", "15faf8eb43bbc2e1"],
      ["LeanSort.Model.Rearrangement transitive imports (legacy)",
       "b3d7a295e7ee80c6"],
      ["LeanSort.Model.Rearrangement:importAllArts", "01e68fba0d96f8e7"]]]]],
  ["libs",
   [["import dynlibs", "00000000000006bb"],
    ["package external libraries", "00000000000006bb"],
    ["module dynlibs", "00000000000006bb"],
    ["module plugins", "00000000000006bb"]]],
  ["Lean 4.34.0, commit 6a10ac8c22beadecabdbb0919c2b50214762f91d",
   "365244c167ac8c1d"],
  ["/Users/moqian/LeanSort/LeanSort/Semantics/Construction.lean",
   "1e3f374f13082d95"],
  ["options", "00000000000006bb"],
  ["isModule: false", "feefd2a0d3a1847e"],
  ["Module.name: LeanSort.Semantics.Construction", "e7e301b221df80cf"],
  ["Package.id?: (some leansort)", "c099074cf6e8ec59"],
  ["Module.leanArgs: #[]", "00000000000006bb"]],
 "depHash": "98527fa7a7e9090e"}