{"synthetic": false,
 "schemaVersion": "2025-09-10",
 "outputs":
 {"o": ["7f95043a8bbfac92.olean"],
  "m": false,
  "i": "19110cb0b6ba09a5.ilean",
  "c": "b1b6c3b8172c2afc.c"},
 "log":
 [{"message":
   ".> LEAN_PATH=/Users/moqian/LeanSort/.lake/packages/Cli/.lake/build/lib/lean:/Users/moqian/LeanSort/.lake/packages/batteries/.lake/build/lib/lean:/Users/moqian/LeanSort/.lake/packages/Qq/.lake/build/lib/lean:/Users/moqian/LeanSort/.lake/packages/aesop/.lake/build/lib/lean:/Users/moqian/LeanSort/.lake/packages/proofwidgets/.lake/build/lib/lean:/Users/moqian/LeanSort/.lake/packages/importGraph/.lake/build/lib/lean:/Users/moqian/LeanSort/.lake/packages/LeanSearchClient/.lake/build/lib/lean:/Users/moqian/LeanSort/.lake/packages/plausible/.lake/build/lib/lean:/Users/moqian/LeanSort/.lake/packages/mathlib/.lake/build/lib/lean:/Users/moqian/LeanSort/.lake/packages/cslib/.lake/build/lib/lean:/Users/moqian/LeanSort/.lake/build/lib/lean /Users/moqian/.elan/toolchains/leanprover--lean4---v4.34.0-rc2/bin/lean /Users/moqian/LeanSort/LeanSort/Semantics/Observation.lean -o /Users/moqian/LeanSort/.lake/build/lib/lean/LeanSort/Semantics/Observation.olean -i /Users/moqian/LeanSort/.lake/build/lib/lean/LeanSort/Semantics/Observation.ilean -c /Users/moqian/LeanSort/.lake/build/ir/LeanSort/Semantics/Observation.c --setup /Users/moqian/LeanSort/.lake/build/ir/LeanSort/Semantics/Observation.setup.json --json",
   "level": "trace"}],
 "inputs":
 [["deps",
   [["leansort/LeanSort:extraDep",
     [["@leansort:extraDep", "00000000000006bb"]]],
    ["imports",
     [["LeanSort.Property.Sorting transitive imports (legacy)",
       "4ab3ad42ec5cda47"],
      ["LeanSort.Property.Sorting:importAllArts", "1d67d94339f6b663"],
      ["LeanSort.Model.Rearrangement transitive imports (legacy)",
       "b3d7a295e7ee80c6"],
      ["LeanSort.Model.Rearrangement:importAllArts", "01e68fba0d96f8e7"]]]]],
  ["libs",
   [["import dynlibs", "00000000000006bb"],
    ["package external libraries", "00000000000006bb"],
    ["module dynlibs", "00000000000006bb"],
    ["module plugins", "00000000000006bb"]]],
  ["Lean 4.34.0, commit 6a10ac8c22beadecabdbb0919c2b50214762f91d",
   "365244c167ac8c1d"],
  ["/Users/moqian/LeanSort/LeanSort/Semantics/Observation.lean",
   "a211b92acee76bfe"],
  ["options", "00000000000006bb"],
  ["isModule: false", "feefd2a0d3a1847e"],
  ["Module.name: LeanSort.Semantics.Observation", "f4d55f9ef631c01c"],
  ["Package.id?: (some leansort)", "c099074cf6e8ec59"],
  ["Module.leanArgs: #[]", "00000000000006bb"]],
 "depHash": "f8d7d17718fea9d2"}