{"synthetic": false,
 "schemaVersion": "2025-09-10",
 "outputs":
 {"o": ["d8e71efefc140f52.olean"],
  "m": false,
  "i": "0190db289bc72656.ilean",
  "c": "b3473cbaeca4a5a2.c"},
 "log":
 [{"message":
   ".> LEAN_PATH=/Users/moqian/LeanSort/.lake/packages/Cli/.lake/build/lib/lean:/Users/moqian/LeanSort/.lake/packages/batteries/.lake/build/lib/lean:/Users/moqian/LeanSort/.lake/packages/Qq/.lake/build/lib/lean:/Users/moqian/LeanSort/.lake/packages/aesop/.lake/build/lib/lean:/Users/moqian/LeanSort/.lake/packages/proofwidgets/.lake/build/lib/lean:/Users/moqian/LeanSort/.lake/packages/importGraph/.lake/build/lib/lean:/Users/moqian/LeanSort/.lake/packages/LeanSearchClient/.lake/build/lib/lean:/Users/moqian/LeanSort/.lake/packages/plausible/.lake/build/lib/lean:/Users/moqian/LeanSort/.lake/packages/mathlib/.lake/build/lib/lean:/Users/moqian/LeanSort/.lake/packages/cslib/.lake/build/lib/lean:/Users/moqian/LeanSort/.lake/build/lib/lean /Users/moqian/.elan/toolchains/leanprover--lean4---v4.34.0-rc2/bin/lean /Users/moqian/LeanSort/LeanSort/Verification/Counting/Checks.lean -o /Users/moqian/LeanSort/.lake/build/lib/lean/LeanSort/Verification/Counting/Checks.olean -i /Users/moqian/LeanSort/.lake/build/lib/lean/LeanSort/Verification/Counting/Checks.ilean -c /Users/moqian/LeanSort/.lake/build/ir/LeanSort/Verification/Counting/Checks.c --setup /Users/moqian/LeanSort/.lake/build/ir/LeanSort/Verification/Counting/Checks.setup.json --json",
   "level": "trace"}],
 "inputs":
 [["deps",
   [["leansort/LeanSort:extraDep",
     [["@leansort:extraDep", "00000000000006bb"]]],
    ["imports",
     [["LeanSort.Verification.Counting.Cost transitive imports (legacy)",
       "faabaa6b36c7b8e1"],
      ["LeanSort.Verification.Counting.Cost:importAllArts",
       "4ae6f0eeac0153b2"]]]]],
  ["libs",
   [["import dynlibs", "00000000000006bb"],
    ["package external libraries", "00000000000006bb"],
    ["module dynlibs", "00000000000006bb"],
    ["module plugins", "00000000000006bb"]]],
  ["Lean 4.34.0, commit 6a10ac8c22beadecabdbb0919c2b50214762f91d",
   "365244c167ac8c1d"],
  ["/Users/moqian/LeanSort/LeanSort/Verification/Counting/Checks.lean",
   "808f0999411ee7f3"],
  ["options", "00000000000006bb"],
  ["isModule: false", "feefd2a0d3a1847e"],
  ["Module.name: LeanSort.Verification.Counting.Checks", "b2275ee52f7f0598"],
  ["Package.id?: (some leansort)", "c099074cf6e8ec59"],
  ["Module.leanArgs: #[]", "00000000000006bb"]],
 "depHash": "2b7f6069a5427c52"}