{"synthetic": false,
 "schemaVersion": "2025-09-10",
 "outputs":
 {"o": ["f885e05e31abd244.olean"],
  "m": false,
  "i": "9b08bc15ce9736e9.ilean",
  "c": "6e4cc1169294c46e.c"},
 "log":
 [{"message":
   ".> LEAN_PATH=/Users/moqian/LeanSort/.lake/packages/Cli/.lake/build/lib/lean:/Users/moqian/LeanSort/.lake/packages/batteries/.lake/build/lib/lean:/Users/moqian/LeanSort/.lake/packages/Qq/.lake/build/lib/lean:/Users/moqian/LeanSort/.lake/packages/aesop/.lake/build/lib/lean:/Users/moqian/LeanSort/.lake/packages/proofwidgets/.lake/build/lib/lean:/Users/moqian/LeanSort/.lake/packages/importGraph/.lake/build/lib/lean:/Users/moqian/LeanSort/.lake/packages/LeanSearchClient/.lake/build/lib/lean:/Users/moqian/LeanSort/.lake/packages/plausible/.lake/build/lib/lean:/Users/moqian/LeanSort/.lake/packages/mathlib/.lake/build/lib/lean:/Users/moqian/LeanSort/.lake/packages/cslib/.lake/build/lib/lean:/Users/moqian/LeanSort/.lake/build/lib/lean /Users/moqian/.elan/toolchains/leanprover--lean4---v4.34.0-rc2/bin/lean /Users/moqian/LeanSort/LeanSort/Verification/Comparison/Components.lean -o /Users/moqian/LeanSort/.lake/build/lib/lean/LeanSort/Verification/Comparison/Components.olean -i /Users/moqian/LeanSort/.lake/build/lib/lean/LeanSort/Verification/Comparison/Components.ilean -c /Users/moqian/LeanSort/.lake/build/ir/LeanSort/Verification/Comparison/Components.c --setup /Users/moqian/LeanSort/.lake/build/ir/LeanSort/Verification/Comparison/Components.setup.json --json",
   "level": "trace"}],
 "inputs":
 [["deps",
   [["leansort/LeanSort:extraDep",
     [["@leansort:extraDep", "00000000000006bb"]]],
    ["imports",
     [["LeanSort.Algorithm.ComparisonSort transitive imports (legacy)",
       "9d17e57a5ace2267"],
      ["LeanSort.Algorithm.ComparisonSort:importAllArts", "fddb3258627c0f94"],
      ["LeanSort.Model.ComparisonBounds transitive imports (legacy)",
       "fca1468a8ec67ff2"],
      ["LeanSort.Model.ComparisonBounds:importAllArts", "c7af9e08976220d1"],
      ["LeanSort.Verification.Comparison.Semantics transitive imports (legacy)",
       "9d17e57a5ace2267"],
      ["LeanSort.Verification.Comparison.Semantics:importAllArts",
       "ec0e13a6a948086f"],
      ["LeanSort.Verification.Insertion.Correctness transitive imports (legacy)",
       "9aafbf6db8a57aa4"],
      ["LeanSort.Verification.Insertion.Correctness:importAllArts",
       "c38ec0e2a063291f"],
      ["LeanSort.Verification.HybridMerge.Correctness transitive imports (legacy)",
       "2af49284debe84ca"],
      ["LeanSort.Verification.HybridMerge.Correctness:importAllArts",
       "d654b7867e1134f7"],
      ["LeanSort.Verification.Merge.Correctness transitive imports (legacy)",
       "632f623bd2010b80"],
      ["LeanSort.Verification.Merge.Correctness:importAllArts",
       "b3d2830478e3fdf5"]]]]],
  ["libs",
   [["import dynlibs", "00000000000006bb"],
    ["package external libraries", "00000000000006bb"],
    ["module dynlibs", "00000000000006bb"],
    ["module plugins", "00000000000006bb"]]],
  ["Lean 4.34.0, commit 6a10ac8c22beadecabdbb0919c2b50214762f91d",
   "365244c167ac8c1d"],
  ["/Users/moqian/LeanSort/LeanSort/Verification/Comparison/Components.lean",
   "d42a305bacd21aad"],
  ["options", "00000000000006bb"],
  ["isModule: false", "feefd2a0d3a1847e"],
  ["Module.name: LeanSort.Verification.Comparison.Components",
   "c3300eb36effbc90"],
  ["Package.id?: (some leansort)", "c099074cf6e8ec59"],
  ["Module.leanArgs: #[]", "00000000000006bb"]],
 "depHash": "d1e15369b4cdc591"}