{"synthetic": false,
 "schemaVersion": "2025-09-10",
 "outputs":
 {"o": ["ce441b83c60843b4.olean"],
  "m": false,
  "i": "c41b8ed115c137d3.ilean",
  "c": "1075d1b40c1a1a9d.c"},
 "log":
 [{"message":
   ".> LEAN_PATH=/Users/moqian/LeanSort/.lake/packages/Cli/.lake/build/lib/lean:/Users/moqian/LeanSort/.lake/packages/batteries/.lake/build/lib/lean:/Users/moqian/LeanSort/.lake/packages/Qq/.lake/build/lib/lean:/Users/moqian/LeanSort/.lake/packages/aesop/.lake/build/lib/lean:/Users/moqian/LeanSort/.lake/packages/proofwidgets/.lake/build/lib/lean:/Users/moqian/LeanSort/.lake/packages/importGraph/.lake/build/lib/lean:/Users/moqian/LeanSort/.lake/packages/LeanSearchClient/.lake/build/lib/lean:/Users/moqian/LeanSort/.lake/packages/plausible/.lake/build/lib/lean:/Users/moqian/LeanSort/.lake/packages/mathlib/.lake/build/lib/lean:/Users/moqian/LeanSort/.lake/build/lib/lean /Users/moqian/.elan/toolchains/leanprover--lean4---v4.34.0-rc2/bin/lean /Users/moqian/LeanSort/LeanSort/Property/InsertionSort/Correctness.lean -o /Users/moqian/LeanSort/.lake/build/lib/lean/LeanSort/Property/InsertionSort/Correctness.olean -i /Users/moqian/LeanSort/.lake/build/lib/lean/LeanSort/Property/InsertionSort/Correctness.ilean -c /Users/moqian/LeanSort/.lake/build/ir/LeanSort/Property/InsertionSort/Correctness.c --setup /Users/moqian/LeanSort/.lake/build/ir/LeanSort/Property/InsertionSort/Correctness.setup.json --json",
   "level": "trace"}],
 "inputs":
 [["deps",
   [["leansort/LeanSort:extraDep",
     [["@leansort:extraDep", "00000000000006bb"]]],
    ["imports",
     [["LeanSort.Algorithm.InsertionSort.Basic transitive imports (legacy)",
       "73a7dbf31e85f230"],
      ["LeanSort.Algorithm.InsertionSort.Basic:importAllArts",
       "20dcb83a9fb42b55"]]]]],
  ["libs",
   [["import dynlibs", "00000000000006bb"],
    ["package external libraries", "00000000000006bb"],
    ["module dynlibs", "00000000000006bb"],
    ["module plugins", "00000000000006bb"]]],
  ["Lean 4.34.0, commit 6a10ac8c22beadecabdbb0919c2b50214762f91d",
   "365244c167ac8c1d"],
  ["/Users/moqian/LeanSort/LeanSort/Property/InsertionSort/Correctness.lean",
   "2aaeab90d612877d"],
  ["options", "00000000000006bb"],
  ["isModule: false", "feefd2a0d3a1847e"],
  ["Module.name: LeanSort.Property.InsertionSort.Correctness",
   "82e71e2d2f0d0a77"],
  ["Package.id?: (some leansort)", "c099074cf6e8ec59"],
  ["Module.leanArgs: #[]", "00000000000006bb"]],
 "depHash": "d6cd259bcdb83047"}