{"synthetic": false,
 "schemaVersion": "2025-09-10",
 "outputs":
 {"o": ["12968b001c63e24b.olean"],
  "m": false,
  "i": "1bb2d51c5e267c2c.ilean",
  "c": "0c4818b356421a6d.c"},
 "log":
 [{"message":
   ".> LEAN_PATH=/Users/moqian/LeanSort/.lake/packages/Cli/.lake/build/lib/lean:/Users/moqian/LeanSort/.lake/packages/batteries/.lake/build/lib/lean:/Users/moqian/LeanSort/.lake/packages/Qq/.lake/build/lib/lean:/Users/moqian/LeanSort/.lake/packages/aesop/.lake/build/lib/lean:/Users/moqian/LeanSort/.lake/packages/proofwidgets/.lake/build/lib/lean:/Users/moqian/LeanSort/.lake/packages/importGraph/.lake/build/lib/lean:/Users/moqian/LeanSort/.lake/packages/LeanSearchClient/.lake/build/lib/lean:/Users/moqian/LeanSort/.lake/packages/plausible/.lake/build/lib/lean:/Users/moqian/LeanSort/.lake/packages/mathlib/.lake/build/lib/lean:/Users/moqian/LeanSort/.lake/packages/cslib/.lake/build/lib/lean:/Users/moqian/LeanSort/.lake/build/lib/lean /Users/moqian/.elan/toolchains/leanprover--lean4---v4.34.0-rc2/bin/lean /Users/moqian/LeanSort/LeanSort/Verification/BudgetSelection/Features.lean -o /Users/moqian/LeanSort/.lake/build/lib/lean/LeanSort/Verification/BudgetSelection/Features.olean -i /Users/moqian/LeanSort/.lake/build/lib/lean/LeanSort/Verification/BudgetSelection/Features.ilean -c /Users/moqian/LeanSort/.lake/build/ir/LeanSort/Verification/BudgetSelection/Features.c --setup /Users/moqian/LeanSort/.lake/build/ir/LeanSort/Verification/BudgetSelection/Features.setup.json --json",
   "level": "trace"}],
 "inputs":
 [["deps",
   [["leansort/LeanSort:extraDep",
     [["@leansort:extraDep", "00000000000006bb"]]],
    ["imports",
     [["LeanSort.Algorithm.BudgetSelection.Features transitive imports (legacy)",
       "69df646f69ba815e"],
      ["LeanSort.Algorithm.BudgetSelection.Features:importAllArts",
       "4296ef2bd44a943d"],
      ["LeanSort.Verification.LearnedSelection.Features transitive imports (legacy)",
       "d0301447922b9b26"],
      ["LeanSort.Verification.LearnedSelection.Features:importAllArts",
       "487abbb213ea21c3"]]]]],
  ["libs",
   [["import dynlibs", "00000000000006bb"],
    ["package external libraries", "00000000000006bb"],
    ["module dynlibs", "00000000000006bb"],
    ["module plugins", "00000000000006bb"]]],
  ["Lean 4.34.0, commit 6a10ac8c22beadecabdbb0919c2b50214762f91d",
   "365244c167ac8c1d"],
  ["/Users/moqian/LeanSort/LeanSort/Verification/BudgetSelection/Features.lean",
   "985579ba9c649260"],
  ["options", "00000000000006bb"],
  ["isModule: false", "feefd2a0d3a1847e"],
  ["Module.name: LeanSort.Verification.BudgetSelection.Features",
   "c10987f8abe81205"],
  ["Package.id?: (some leansort)", "c099074cf6e8ec59"],
  ["Module.leanArgs: #[]", "00000000000006bb"]],
 "depHash": "981cc2b8e3abb7a2"}