{"synthetic": false,
 "schemaVersion": "2025-09-10",
 "outputs":
 {"o": ["8ec06341c3d5b448.olean"],
  "m": false,
  "i": "36e33b03bcb7a988.ilean",
  "c": "1290c2ee5a2e8a5c.c"},
 "log":
 [{"message":
   ".> LEAN_PATH=/Users/moqian/LeanSort/.lake/packages/Cli/.lake/build/lib/lean:/Users/moqian/LeanSort/.lake/packages/batteries/.lake/build/lib/lean:/Users/moqian/LeanSort/.lake/packages/Qq/.lake/build/lib/lean:/Users/moqian/LeanSort/.lake/packages/aesop/.lake/build/lib/lean:/Users/moqian/LeanSort/.lake/packages/proofwidgets/.lake/build/lib/lean:/Users/moqian/LeanSort/.lake/packages/importGraph/.lake/build/lib/lean:/Users/moqian/LeanSort/.lake/packages/LeanSearchClient/.lake/build/lib/lean:/Users/moqian/LeanSort/.lake/packages/plausible/.lake/build/lib/lean:/Users/moqian/LeanSort/.lake/packages/mathlib/.lake/build/lib/lean:/Users/moqian/LeanSort/.lake/packages/cslib/.lake/build/lib/lean:/Users/moqian/LeanSort/.lake/build/lib/lean /Users/moqian/.elan/toolchains/leanprover--lean4---v4.34.0-rc2/bin/lean /Users/moqian/LeanSort/LeanSort/Verification/Quick/Checks.lean -o /Users/moqian/LeanSort/.lake/build/lib/lean/LeanSort/Verification/Quick/Checks.olean -i /Users/moqian/LeanSort/.lake/build/lib/lean/LeanSort/Verification/Quick/Checks.ilean -c /Users/moqian/LeanSort/.lake/build/ir/LeanSort/Verification/Quick/Checks.c --setup /Users/moqian/LeanSort/.lake/build/ir/LeanSort/Verification/Quick/Checks.setup.json --json",
   "level": "trace"}],
 "inputs":
 [["deps",
   [["leansort/LeanSort:extraDep",
     [["@leansort:extraDep", "00000000000006bb"]]],
    ["imports",
     [["LeanSort.Algorithm.Quick transitive imports (legacy)",
       "b3d7a295e7ee80c6"],
      ["LeanSort.Algorithm.Quick:importAllArts", "0300fcdab062e78a"]]]]],
  ["libs",
   [["import dynlibs", "00000000000006bb"],
    ["package external libraries", "00000000000006bb"],
    ["module dynlibs", "00000000000006bb"],
    ["module plugins", "00000000000006bb"]]],
  ["Lean 4.34.0, commit 6a10ac8c22beadecabdbb0919c2b50214762f91d",
   "365244c167ac8c1d"],
  ["/Users/moqian/LeanSort/LeanSort/Verification/Quick/Checks.lean",
   "4a6382a4c9f24f52"],
  ["options", "00000000000006bb"],
  ["isModule: false", "feefd2a0d3a1847e"],
  ["Module.name: LeanSort.Verification.Quick.Checks", "35f037e46f04f245"],
  ["Package.id?: (some leansort)", "c099074cf6e8ec59"],
  ["Module.leanArgs: #[]", "00000000000006bb"]],
 "depHash": "a30c8017f9301aca"}