{"synthetic": false,
 "schemaVersion": "2025-09-10",
 "outputs":
 {"o": ["89908095ac0b8139.olean"],
  "m": false,
  "i": "312466f30d2da0bc.ilean",
  "c": "c23806019ccb8ba5.c"},
 "log":
 [{"message":
   ".> LEAN_PATH=/Users/moqian/LeanSort/.lake/packages/Cli/.lake/build/lib/lean:/Users/moqian/LeanSort/.lake/packages/batteries/.lake/build/lib/lean:/Users/moqian/LeanSort/.lake/packages/Qq/.lake/build/lib/lean:/Users/moqian/LeanSort/.lake/packages/aesop/.lake/build/lib/lean:/Users/moqian/LeanSort/.lake/packages/proofwidgets/.lake/build/lib/lean:/Users/moqian/LeanSort/.lake/packages/importGraph/.lake/build/lib/lean:/Users/moqian/LeanSort/.lake/packages/LeanSearchClient/.lake/build/lib/lean:/Users/moqian/LeanSort/.lake/packages/plausible/.lake/build/lib/lean:/Users/moqian/LeanSort/.lake/packages/mathlib/.lake/build/lib/lean:/Users/moqian/LeanSort/.lake/build/lib/lean /Users/moqian/.elan/toolchains/leanprover--lean4---v4.34.0-rc2/bin/lean /Users/moqian/LeanSort/LeanSort/Verification/Shared/InversionBounds.lean -o /Users/moqian/LeanSort/.lake/build/lib/lean/LeanSort/Verification/Shared/InversionBounds.olean -i /Users/moqian/LeanSort/.lake/build/lib/lean/LeanSort/Verification/Shared/InversionBounds.ilean -c /Users/moqian/LeanSort/.lake/build/ir/LeanSort/Verification/Shared/InversionBounds.c --setup /Users/moqian/LeanSort/.lake/build/ir/LeanSort/Verification/Shared/InversionBounds.setup.json --json",
   "level": "trace"}],
 "inputs":
 [["deps",
   [["leansort/LeanSort:extraDep",
     [["@leansort:extraDep", "00000000000006bb"]]],
    ["imports",
     [["LeanSort.Model.Inversions transitive imports (legacy)",
       "b3d7a295e7ee80c6"],
      ["LeanSort.Model.Inversions:importAllArts", "77af1f33b2826f74"],
      ["Mathlib.Data.Nat.Choose.Basic transitive imports (legacy)",
       "465750f4eb9e499c"],
      ["Mathlib.Data.Nat.Choose.Basic:importAllArts", "8b3ce1297289ee46"]]]]],
  ["libs",
   [["import dynlibs", "00000000000006bb"],
    ["package external libraries", "00000000000006bb"],
    ["module dynlibs", "00000000000006bb"],
    ["module plugins", "00000000000006bb"]]],
  ["Lean 4.34.0, commit 6a10ac8c22beadecabdbb0919c2b50214762f91d",
   "365244c167ac8c1d"],
  ["/Users/moqian/LeanSort/LeanSort/Verification/Shared/InversionBounds.lean",
   "df1237a441c5f076"],
  ["options", "00000000000006bb"],
  ["isModule: false", "feefd2a0d3a1847e"],
  ["Module.name: LeanSort.Verification.Shared.InversionBounds",
   "790029ba97fd3789"],
  ["Package.id?: (some leansort)", "c099074cf6e8ec59"],
  ["Module.leanArgs: #[]", "00000000000006bb"]],
 "depHash": "6d1adebbb5b07dd5"}