{"synthetic": false,
 "schemaVersion": "2025-09-10",
 "outputs":
 {"o": ["4a5304838e7cfba4.olean"],
  "m": false,
  "i": "4d8749379bca7bb2.ilean",
  "c": "8445e4220ede607c.c"},
 "log":
 [{"message":
   ".> LEAN_PATH=/Users/moqian/LeanSort/.lake/packages/Cli/.lake/build/lib/lean:/Users/moqian/LeanSort/.lake/packages/batteries/.lake/build/lib/lean:/Users/moqian/LeanSort/.lake/packages/Qq/.lake/build/lib/lean:/Users/moqian/LeanSort/.lake/packages/aesop/.lake/build/lib/lean:/Users/moqian/LeanSort/.lake/packages/proofwidgets/.lake/build/lib/lean:/Users/moqian/LeanSort/.lake/packages/importGraph/.lake/build/lib/lean:/Users/moqian/LeanSort/.lake/packages/LeanSearchClient/.lake/build/lib/lean:/Users/moqian/LeanSort/.lake/packages/plausible/.lake/build/lib/lean:/Users/moqian/LeanSort/.lake/packages/mathlib/.lake/build/lib/lean:/Users/moqian/LeanSort/.lake/packages/cslib/.lake/build/lib/lean:/Users/moqian/LeanSort/.lake/build/lib/lean /Users/moqian/.elan/toolchains/leanprover--lean4---v4.34.0-rc2/bin/lean /Users/moqian/LeanSort/LeanSort/Verification/Radix/Complexity.lean -o /Users/moqian/LeanSort/.lake/build/lib/lean/LeanSort/Verification/Radix/Complexity.olean -i /Users/moqian/LeanSort/.lake/build/lib/lean/LeanSort/Verification/Radix/Complexity.ilean -c /Users/moqian/LeanSort/.lake/build/ir/LeanSort/Verification/Radix/Complexity.c --setup /Users/moqian/LeanSort/.lake/build/ir/LeanSort/Verification/Radix/Complexity.setup.json --json",
   "level": "trace"}],
 "inputs":
 [["deps",
   [["leansort/LeanSort:extraDep",
     [["@leansort:extraDep", "00000000000006bb"]]],
    ["imports",
     [["LeanSort.Verification.Radix.Cost transitive imports (legacy)",
       "eb3fe330962b8254"],
      ["LeanSort.Verification.Radix.Cost:importAllArts", "af21490ce817a530"],
      ["Mathlib.Analysis.Asymptotics.Basic transitive imports (legacy)",
       "13dc3440c73143dd"],
      ["Mathlib.Analysis.Asymptotics.Basic:importAllArts",
       "748ab41a63db39e7"]]]]],
  ["libs",
   [["import dynlibs", "00000000000006bb"],
    ["package external libraries", "00000000000006bb"],
    ["module dynlibs", "00000000000006bb"],
    ["module plugins", "00000000000006bb"]]],
  ["Lean 4.34.0, commit 6a10ac8c22beadecabdbb0919c2b50214762f91d",
   "365244c167ac8c1d"],
  ["/Users/moqian/LeanSort/LeanSort/Verification/Radix/Complexity.lean",
   "cfd917b9bb48ba7c"],
  ["options", "00000000000006bb"],
  ["isModule: false", "feefd2a0d3a1847e"],
  ["Module.name: LeanSort.Verification.Radix.Complexity", "6754cad0fd32e6ab"],
  ["Package.id?: (some leansort)", "c099074cf6e8ec59"],
  ["Module.leanArgs: #[]", "00000000000006bb"]],
 "depHash": "ffc60dfbf816184c"}