{"synthetic": false,
 "schemaVersion": "2025-09-10",
 "outputs":
 {"o": ["e2dc04582999ceb1.olean"],
  "m": false,
  "i": "70a7e40da3d7f340.ilean",
  "c": "7a93da4cdd7d70cb.c"},
 "log":
 [{"message":
   ".> LEAN_PATH=/Users/moqian/LeanSort/.lake/packages/Cli/.lake/build/lib/lean:/Users/moqian/LeanSort/.lake/packages/batteries/.lake/build/lib/lean:/Users/moqian/LeanSort/.lake/packages/Qq/.lake/build/lib/lean:/Users/moqian/LeanSort/.lake/packages/aesop/.lake/build/lib/lean:/Users/moqian/LeanSort/.lake/packages/proofwidgets/.lake/build/lib/lean:/Users/moqian/LeanSort/.lake/packages/importGraph/.lake/build/lib/lean:/Users/moqian/LeanSort/.lake/packages/LeanSearchClient/.lake/build/lib/lean:/Users/moqian/LeanSort/.lake/packages/plausible/.lake/build/lib/lean:/Users/moqian/LeanSort/.lake/packages/mathlib/.lake/build/lib/lean:/Users/moqian/LeanSort/.lake/packages/cslib/.lake/build/lib/lean:/Users/moqian/LeanSort/.lake/build/lib/lean /Users/moqian/.elan/toolchains/leanprover--lean4---v4.34.0-rc2/bin/lean /Users/moqian/LeanSort/LeanSort/Verification/Radix/Equations.lean -o /Users/moqian/LeanSort/.lake/build/lib/lean/LeanSort/Verification/Radix/Equations.olean -i /Users/moqian/LeanSort/.lake/build/lib/lean/LeanSort/Verification/Radix/Equations.ilean -c /Users/moqian/LeanSort/.lake/build/ir/LeanSort/Verification/Radix/Equations.c --setup /Users/moqian/LeanSort/.lake/build/ir/LeanSort/Verification/Radix/Equations.setup.json --json",
   "level": "trace"}],
 "inputs":
 [["deps",
   [["leansort/LeanSort:extraDep",
     [["@leansort:extraDep", "00000000000006bb"]]],
    ["imports",
     [["LeanSort.Algorithm.Radix transitive imports (legacy)",
       "31c75600bf435aff"],
      ["LeanSort.Algorithm.Radix:importAllArts", "abe19b29f73adc50"]]]]],
  ["libs",
   [["import dynlibs", "00000000000006bb"],
    ["package external libraries", "00000000000006bb"],
    ["module dynlibs", "00000000000006bb"],
    ["module plugins", "00000000000006bb"]]],
  ["Lean 4.34.0, commit 6a10ac8c22beadecabdbb0919c2b50214762f91d",
   "365244c167ac8c1d"],
  ["/Users/moqian/LeanSort/LeanSort/Verification/Radix/Equations.lean",
   "f5d230608514d84a"],
  ["options", "00000000000006bb"],
  ["isModule: false", "feefd2a0d3a1847e"],
  ["Module.name: LeanSort.Verification.Radix.Equations", "5a2bddad986ced58"],
  ["Package.id?: (some leansort)", "c099074cf6e8ec59"],
  ["Module.leanArgs: #[]", "00000000000006bb"]],
 "depHash": "3de243ddb359f262"}