{"synthetic": false,
 "schemaVersion": "2025-09-10",
 "outputs":
 {"o": ["b700747e7cc76565.olean"],
  "m": false,
  "i": "e4221f418775f414.ilean",
  "c": "c3384565fc53b7b4.c"},
 "log":
 [{"message":
   ".> LEAN_PATH=/Users/moqian/LeanSort/.lake/packages/Cli/.lake/build/lib/lean:/Users/moqian/LeanSort/.lake/packages/batteries/.lake/build/lib/lean:/Users/moqian/LeanSort/.lake/packages/Qq/.lake/build/lib/lean:/Users/moqian/LeanSort/.lake/packages/aesop/.lake/build/lib/lean:/Users/moqian/LeanSort/.lake/packages/proofwidgets/.lake/build/lib/lean:/Users/moqian/LeanSort/.lake/packages/importGraph/.lake/build/lib/lean:/Users/moqian/LeanSort/.lake/packages/LeanSearchClient/.lake/build/lib/lean:/Users/moqian/LeanSort/.lake/packages/plausible/.lake/build/lib/lean:/Users/moqian/LeanSort/.lake/packages/mathlib/.lake/build/lib/lean:/Users/moqian/LeanSort/.lake/packages/cslib/.lake/build/lib/lean:/Users/moqian/LeanSort/.lake/build/lib/lean /Users/moqian/.elan/toolchains/leanprover--lean4---v4.34.0-rc2/bin/lean /Users/moqian/LeanSort/LeanSort/Verification/Radix/Permutation.lean -o /Users/moqian/LeanSort/.lake/build/lib/lean/LeanSort/Verification/Radix/Permutation.olean -i /Users/moqian/LeanSort/.lake/build/lib/lean/LeanSort/Verification/Radix/Permutation.ilean -c /Users/moqian/LeanSort/.lake/build/ir/LeanSort/Verification/Radix/Permutation.c --setup /Users/moqian/LeanSort/.lake/build/ir/LeanSort/Verification/Radix/Permutation.setup.json --json",
   "level": "trace"}],
 "inputs":
 [["deps",
   [["leansort/LeanSort:extraDep",
     [["@leansort:extraDep", "00000000000006bb"]]],
    ["imports",
     [["LeanSort.Algorithm.Radix transitive imports (legacy)",
       "31c75600bf435aff"],
      ["LeanSort.Algorithm.Radix:importAllArts", "a87d2c3d0bd42751"]]]]],
  ["libs",
   [["import dynlibs", "00000000000006bb"],
    ["package external libraries", "00000000000006bb"],
    ["module dynlibs", "00000000000006bb"],
    ["module plugins", "00000000000006bb"]]],
  ["Lean 4.34.0, commit 6a10ac8c22beadecabdbb0919c2b50214762f91d",
   "365244c167ac8c1d"],
  ["/Users/moqian/LeanSort/LeanSort/Verification/Radix/Permutation.lean",
   "bd349b36995a2bcf"],
  ["options", "00000000000006bb"],
  ["isModule: false", "feefd2a0d3a1847e"],
  ["Module.name: LeanSort.Verification.Radix.Permutation", "d0492432381148d6"],
  ["Package.id?: (some leansort)", "c099074cf6e8ec59"],
  ["Module.leanArgs: #[]", "00000000000006bb"]],
 "depHash": "cb0c028aef5b3c86"}