{"synthetic": false,
 "schemaVersion": "2025-09-10",
 "outputs":
 {"o": ["2ce4365ebd1dc5cc.olean"],
  "m": false,
  "i": "34f16bfd264e970c.ilean",
  "c": "279f45a3a3061153.c"},
 "log":
 [{"message":
   ".> LEAN_PATH=/Users/moqian/LeanSort/.lake/packages/Cli/.lake/build/lib/lean:/Users/moqian/LeanSort/.lake/packages/batteries/.lake/build/lib/lean:/Users/moqian/LeanSort/.lake/packages/Qq/.lake/build/lib/lean:/Users/moqian/LeanSort/.lake/packages/aesop/.lake/build/lib/lean:/Users/moqian/LeanSort/.lake/packages/proofwidgets/.lake/build/lib/lean:/Users/moqian/LeanSort/.lake/packages/importGraph/.lake/build/lib/lean:/Users/moqian/LeanSort/.lake/packages/LeanSearchClient/.lake/build/lib/lean:/Users/moqian/LeanSort/.lake/packages/plausible/.lake/build/lib/lean:/Users/moqian/LeanSort/.lake/packages/mathlib/.lake/build/lib/lean:/Users/moqian/LeanSort/.lake/packages/cslib/.lake/build/lib/lean:/Users/moqian/LeanSort/.lake/build/lib/lean /Users/moqian/.elan/toolchains/leanprover--lean4---v4.34.0-rc2/bin/lean /Users/moqian/LeanSort/LeanSort/Verification/LearnedSelection/Features.lean -o /Users/moqian/LeanSort/.lake/build/lib/lean/LeanSort/Verification/LearnedSelection/Features.olean -i /Users/moqian/LeanSort/.lake/build/lib/lean/LeanSort/Verification/LearnedSelection/Features.ilean -c /Users/moqian/LeanSort/.lake/build/ir/LeanSort/Verification/LearnedSelection/Features.c --setup /Users/moqian/LeanSort/.lake/build/ir/LeanSort/Verification/LearnedSelection/Features.setup.json --json",
   "level": "trace"}],
 "inputs":
 [["deps",
   [["leansort/LeanSort:extraDep",
     [["@leansort:extraDep", "00000000000006bb"]]],
    ["imports",
     [["LeanSort.Verification.LearnedSelection.Correctness transitive imports (legacy)",
       "79cd8894a01854e6"],
      ["LeanSort.Verification.LearnedSelection.Correctness:importAllArts",
       "0bd6cbc8ebf86688"]]]]],
  ["libs",
   [["import dynlibs", "00000000000006bb"],
    ["package external libraries", "00000000000006bb"],
    ["module dynlibs", "00000000000006bb"],
    ["module plugins", "00000000000006bb"]]],
  ["Lean 4.34.0, commit 6a10ac8c22beadecabdbb0919c2b50214762f91d",
   "365244c167ac8c1d"],
  ["/Users/moqian/LeanSort/LeanSort/Verification/LearnedSelection/Features.lean",
   "d97c7e14c19fbcca"],
  ["options", "00000000000006bb"],
  ["isModule: false", "feefd2a0d3a1847e"],
  ["Module.name: LeanSort.Verification.LearnedSelection.Features",
   "a802ab65f76be86f"],
  ["Package.id?: (some leansort)", "c099074cf6e8ec59"],
  ["Module.leanArgs: #[]", "00000000000006bb"]],
 "depHash": "e6bcc83d1ac8422f"}