{"synthetic": false,
 "schemaVersion": "2025-09-10",
 "outputs":
 {"o": ["3ae549a9d7645b95.olean"],
  "m": false,
  "i": "f3028e6f06b27265.ilean",
  "c": "ac7bfd66333b87a9.c"},
 "log":
 [{"message":
   ".> LEAN_PATH=/Users/moqian/LeanSort/.lake/packages/Cli/.lake/build/lib/lean:/Users/moqian/LeanSort/.lake/packages/batteries/.lake/build/lib/lean:/Users/moqian/LeanSort/.lake/packages/Qq/.lake/build/lib/lean:/Users/moqian/LeanSort/.lake/packages/aesop/.lake/build/lib/lean:/Users/moqian/LeanSort/.lake/packages/proofwidgets/.lake/build/lib/lean:/Users/moqian/LeanSort/.lake/packages/importGraph/.lake/build/lib/lean:/Users/moqian/LeanSort/.lake/packages/LeanSearchClient/.lake/build/lib/lean:/Users/moqian/LeanSort/.lake/packages/plausible/.lake/build/lib/lean:/Users/moqian/LeanSort/.lake/packages/mathlib/.lake/build/lib/lean:/Users/moqian/LeanSort/.lake/packages/cslib/.lake/build/lib/lean:/Users/moqian/LeanSort/.lake/build/lib/lean /Users/moqian/.elan/toolchains/leanprover--lean4---v4.34.0-rc2/bin/lean /Users/moqian/LeanSort/LeanSort/Algorithm/Adaptive.lean -o /Users/moqian/LeanSort/.lake/build/lib/lean/LeanSort/Algorithm/Adaptive.olean -i /Users/moqian/LeanSort/.lake/build/lib/lean/LeanSort/Algorithm/Adaptive.ilean -c /Users/moqian/LeanSort/.lake/build/ir/LeanSort/Algorithm/Adaptive.c --setup /Users/moqian/LeanSort/.lake/build/ir/LeanSort/Algorithm/Adaptive.setup.json --json",
   "level": "trace"}],
 "inputs":
 [["deps",
   [["leansort/LeanSort:extraDep",
     [["@leansort:extraDep", "00000000000006bb"]]],
    ["imports",
     [["LeanSort.Algorithm.HybridMerge transitive imports (legacy)",
       "dca32d7a6cd6a221"],
      ["LeanSort.Algorithm.HybridMerge:importAllArts", "7a179cc7243cc33b"]]]]],
  ["libs",
   [["import dynlibs", "00000000000006bb"],
    ["package external libraries", "00000000000006bb"],
    ["module dynlibs", "00000000000006bb"],
    ["module plugins", "00000000000006bb"]]],
  ["Lean 4.34.0, commit 6a10ac8c22beadecabdbb0919c2b50214762f91d",
   "365244c167ac8c1d"],
  ["/Users/moqian/LeanSort/LeanSort/Algorithm/Adaptive.lean",
   "c81e7cf31a5ea665"],
  ["options", "00000000000006bb"],
  ["isModule: false", "feefd2a0d3a1847e"],
  ["Module.name: LeanSort.Algorithm.Adaptive", "06b58bd1e0c6c047"],
  ["Package.id?: (some leansort)", "c099074cf6e8ec59"],
  ["Module.leanArgs: #[]", "00000000000006bb"]],
 "depHash": "3a4cd1368fcb0eb6"}