{"synthetic": false,
 "schemaVersion": "2025-09-10",
 "outputs":
 {"o": ["fb0e16547f6d28a4.olean"],
  "m": false,
  "i": "0b4d4b4ad6c2cd84.ilean",
  "c": "254ea950f6865395.c"},
 "log":
 [{"message":
   ".> LEAN_PATH=/Users/moqian/LeanSort/.lake/packages/Cli/.lake/build/lib/lean:/Users/moqian/LeanSort/.lake/packages/batteries/.lake/build/lib/lean:/Users/moqian/LeanSort/.lake/packages/Qq/.lake/build/lib/lean:/Users/moqian/LeanSort/.lake/packages/aesop/.lake/build/lib/lean:/Users/moqian/LeanSort/.lake/packages/proofwidgets/.lake/build/lib/lean:/Users/moqian/LeanSort/.lake/packages/importGraph/.lake/build/lib/lean:/Users/moqian/LeanSort/.lake/packages/LeanSearchClient/.lake/build/lib/lean:/Users/moqian/LeanSort/.lake/packages/plausible/.lake/build/lib/lean:/Users/moqian/LeanSort/.lake/packages/mathlib/.lake/build/lib/lean:/Users/moqian/LeanSort/.lake/packages/cslib/.lake/build/lib/lean:/Users/moqian/LeanSort/.lake/build/lib/lean /Users/moqian/.elan/toolchains/leanprover--lean4---v4.34.0-rc2/bin/lean /Users/moqian/LeanSort/LeanSort/Algorithm/ComparisonSort.lean -o /Users/moqian/LeanSort/.lake/build/lib/lean/LeanSort/Algorithm/ComparisonSort.olean -i /Users/moqian/LeanSort/.lake/build/lib/lean/LeanSort/Algorithm/ComparisonSort.ilean -c /Users/moqian/LeanSort/.lake/build/ir/LeanSort/Algorithm/ComparisonSort.c --setup /Users/moqian/LeanSort/.lake/build/ir/LeanSort/Algorithm/ComparisonSort.setup.json --json",
   "level": "trace"}],
 "inputs":
 [["deps",
   [["leansort/LeanSort:extraDep",
     [["@leansort:extraDep", "00000000000006bb"]]],
    ["imports",
     [["LeanSort.Semantics.Comparison transitive imports (legacy)",
       "f0112914563ca25a"],
      ["LeanSort.Semantics.Comparison:importAllArts", "867798729dcfeb2a"]]]]],
  ["libs",
   [["import dynlibs", "00000000000006bb"],
    ["package external libraries", "00000000000006bb"],
    ["module dynlibs", "00000000000006bb"],
    ["module plugins", "00000000000006bb"]]],
  ["Lean 4.34.0, commit 6a10ac8c22beadecabdbb0919c2b50214762f91d",
   "365244c167ac8c1d"],
  ["/Users/moqian/LeanSort/LeanSort/Algorithm/ComparisonSort.lean",
   "2054ad3b375c19dd"],
  ["options", "00000000000006bb"],
  ["isModule: false", "feefd2a0d3a1847e"],
  ["Module.name: LeanSort.Algorithm.ComparisonSort", "1ecae979050a191b"],
  ["Package.id?: (some leansort)", "c099074cf6e8ec59"],
  ["Module.leanArgs: #[]", "00000000000006bb"]],
 "depHash": "f962b72b5baf8766"}