{"synthetic": false,
 "schemaVersion": "2025-09-10",
 "outputs":
 {"o": ["8e6b460ca23ba140.olean"],
  "m": false,
  "i": "620ab3cdc4e160ed.ilean",
  "c": "bc6e4d241f7aafe7.c"},
 "log":
 [{"message":
   ".> LEAN_PATH=/Users/moqian/LeanSort/.lake/packages/Cli/.lake/build/lib/lean:/Users/moqian/LeanSort/.lake/packages/batteries/.lake/build/lib/lean:/Users/moqian/LeanSort/.lake/packages/Qq/.lake/build/lib/lean:/Users/moqian/LeanSort/.lake/packages/aesop/.lake/build/lib/lean:/Users/moqian/LeanSort/.lake/packages/proofwidgets/.lake/build/lib/lean:/Users/moqian/LeanSort/.lake/packages/importGraph/.lake/build/lib/lean:/Users/moqian/LeanSort/.lake/packages/LeanSearchClient/.lake/build/lib/lean:/Users/moqian/LeanSort/.lake/packages/plausible/.lake/build/lib/lean:/Users/moqian/LeanSort/.lake/packages/mathlib/.lake/build/lib/lean:/Users/moqian/LeanSort/.lake/build/lib/lean /Users/moqian/.elan/toolchains/leanprover--lean4---v4.34.0-rc2/bin/lean /Users/moqian/LeanSort/LeanSort/Algorithm/Inversions.lean -o /Users/moqian/LeanSort/.lake/build/lib/lean/LeanSort/Algorithm/Inversions.olean -i /Users/moqian/LeanSort/.lake/build/lib/lean/LeanSort/Algorithm/Inversions.ilean -c /Users/moqian/LeanSort/.lake/build/ir/LeanSort/Algorithm/Inversions.c --setup /Users/moqian/LeanSort/.lake/build/ir/LeanSort/Algorithm/Inversions.setup.json --json",
   "level": "trace"}],
 "inputs":
 [["deps",
   [["leansort/LeanSort:extraDep",
     [["@leansort:extraDep", "00000000000006bb"]]],
    ["imports",
     [["Mathlib.Data.List.Count transitive imports (legacy)",
       "0fa71bfd99868977"],
      ["Mathlib.Data.List.Count:importAllArts", "1b4818ff0d9d30a4"]]]]],
  ["libs",
   [["import dynlibs", "00000000000006bb"],
    ["package external libraries", "00000000000006bb"],
    ["module dynlibs", "00000000000006bb"],
    ["module plugins", "00000000000006bb"]]],
  ["Lean 4.34.0, commit 6a10ac8c22beadecabdbb0919c2b50214762f91d",
   "365244c167ac8c1d"],
  ["/Users/moqian/LeanSort/LeanSort/Algorithm/Inversions.lean",
   "d66b06c7fd14ecc0"],
  ["options", "00000000000006bb"],
  ["isModule: false", "feefd2a0d3a1847e"],
  ["Module.name: LeanSort.Algorithm.Inversions", "286ae0088172a9a1"],
  ["Package.id?: (some leansort)", "c099074cf6e8ec59"],
  ["Module.leanArgs: #[]", "00000000000006bb"]],
 "depHash": "21b05fd8ee04c1c1"}