{"synthetic": false,
 "schemaVersion": "2025-09-10",
 "outputs":
 {"o": ["6eba161fc2b37004.olean"],
  "m": false,
  "i": "be65b909c7f0b6b5.ilean",
  "c": "b5a0e7274ece712c.c"},
 "log":
 [{"message":
   ".> LEAN_PATH=/Users/moqian/LeanSort/.lake/packages/Cli/.lake/build/lib/lean:/Users/moqian/LeanSort/.lake/packages/batteries/.lake/build/lib/lean:/Users/moqian/LeanSort/.lake/packages/Qq/.lake/build/lib/lean:/Users/moqian/LeanSort/.lake/packages/aesop/.lake/build/lib/lean:/Users/moqian/LeanSort/.lake/packages/proofwidgets/.lake/build/lib/lean:/Users/moqian/LeanSort/.lake/packages/importGraph/.lake/build/lib/lean:/Users/moqian/LeanSort/.lake/packages/LeanSearchClient/.lake/build/lib/lean:/Users/moqian/LeanSort/.lake/packages/plausible/.lake/build/lib/lean:/Users/moqian/LeanSort/.lake/packages/mathlib/.lake/build/lib/lean:/Users/moqian/LeanSort/.lake/packages/cslib/.lake/build/lib/lean:/Users/moqian/LeanSort/.lake/build/lib/lean /Users/moqian/.elan/toolchains/leanprover--lean4---v4.34.0-rc2/bin/lean /Users/moqian/LeanSort/LeanSort/Algorithm/RunMerge.lean -o /Users/moqian/LeanSort/.lake/build/lib/lean/LeanSort/Algorithm/RunMerge.olean -i /Users/moqian/LeanSort/.lake/build/lib/lean/LeanSort/Algorithm/RunMerge.ilean -c /Users/moqian/LeanSort/.lake/build/ir/LeanSort/Algorithm/RunMerge.c --setup /Users/moqian/LeanSort/.lake/build/ir/LeanSort/Algorithm/RunMerge.setup.json --json",
   "level": "trace"}],
 "inputs":
 [["deps",
   [["leansort/LeanSort:extraDep",
     [["@leansort:extraDep", "00000000000006bb"]]],
    ["imports",
     [["LeanSort.Model.MergeTree transitive imports (legacy)",
       "2786f3ade00d73e7"],
      ["LeanSort.Model.MergeTree:importAllArts", "b6ecc5e92edb92c1"],
      ["LeanSort.Algorithm.ComparisonSort transitive imports (legacy)",
       "9d17e57a5ace2267"],
      ["LeanSort.Algorithm.ComparisonSort:importAllArts", "fddb3258627c0f94"],
      ["LeanSort.Algorithm.RunDiscovery transitive imports (legacy)",
       "9d17e57a5ace2267"],
      ["LeanSort.Algorithm.RunDiscovery:importAllArts", "05a7346cc0932bbd"]]]]],
  ["libs",
   [["import dynlibs", "00000000000006bb"],
    ["package external libraries", "00000000000006bb"],
    ["module dynlibs", "00000000000006bb"],
    ["module plugins", "00000000000006bb"]]],
  ["Lean 4.34.0, commit 6a10ac8c22beadecabdbb0919c2b50214762f91d",
   "365244c167ac8c1d"],
  ["/Users/moqian/LeanSort/LeanSort/Algorithm/RunMerge.lean",
   "b2c56de1abb459e0"],
  ["options", "00000000000006bb"],
  ["isModule: false", "feefd2a0d3a1847e"],
  ["Module.name: LeanSort.Algorithm.RunMerge", "a083ae3db3095408"],
  ["Package.id?: (some leansort)", "c099074cf6e8ec59"],
  ["Module.leanArgs: #[]", "00000000000006bb"]],
 "depHash": "fc7a534bb731a5bf"}