{"synthetic": false,
 "schemaVersion": "2025-09-10",
 "outputs":
 {"o": ["2ab211532ae805eb.olean"],
  "m": false,
  "i": "be79a5cfc813da9e.ilean",
  "c": "73b00f28743b9941.c"},
 "log":
 [{"message":
   ".> LEAN_PATH=/Users/moqian/LeanSort/.lake/packages/Cli/.lake/build/lib/lean:/Users/moqian/LeanSort/.lake/packages/batteries/.lake/build/lib/lean:/Users/moqian/LeanSort/.lake/packages/Qq/.lake/build/lib/lean:/Users/moqian/LeanSort/.lake/packages/aesop/.lake/build/lib/lean:/Users/moqian/LeanSort/.lake/packages/proofwidgets/.lake/build/lib/lean:/Users/moqian/LeanSort/.lake/packages/importGraph/.lake/build/lib/lean:/Users/moqian/LeanSort/.lake/packages/LeanSearchClient/.lake/build/lib/lean:/Users/moqian/LeanSort/.lake/packages/plausible/.lake/build/lib/lean:/Users/moqian/LeanSort/.lake/packages/mathlib/.lake/build/lib/lean:/Users/moqian/LeanSort/.lake/packages/cslib/.lake/build/lib/lean:/Users/moqian/LeanSort/.lake/build/lib/lean /Users/moqian/.elan/toolchains/leanprover--lean4---v4.34.0-rc2/bin/lean /Users/moqian/LeanSort/LeanSort/Algorithm/RunStrategy.lean -o /Users/moqian/LeanSort/.lake/build/lib/lean/LeanSort/Algorithm/RunStrategy.olean -i /Users/moqian/LeanSort/.lake/build/lib/lean/LeanSort/Algorithm/RunStrategy.ilean -c /Users/moqian/LeanSort/.lake/build/ir/LeanSort/Algorithm/RunStrategy.c --setup /Users/moqian/LeanSort/.lake/build/ir/LeanSort/Algorithm/RunStrategy.setup.json --json",
   "level": "trace"}],
 "inputs":
 [["deps",
   [["leansort/LeanSort:extraDep",
     [["@leansort:extraDep", "00000000000006bb"]]],
    ["imports",
     [["LeanSort.Algorithm.RunLengthPlan transitive imports (legacy)",
       "3ea5ebf43eccc99d"],
      ["LeanSort.Algorithm.RunLengthPlan:importAllArts", "4efe03de6d07a6d0"],
      ["LeanSort.Algorithm.CostedPlan transitive imports (legacy)",
       "b0e1a9413f72ec9a"],
      ["LeanSort.Algorithm.CostedPlan:importAllArts", "06a0439dc1748d8d"]]]]],
  ["libs",
   [["import dynlibs", "00000000000006bb"],
    ["package external libraries", "00000000000006bb"],
    ["module dynlibs", "00000000000006bb"],
    ["module plugins", "00000000000006bb"]]],
  ["Lean 4.34.0, commit 6a10ac8c22beadecabdbb0919c2b50214762f91d",
   "365244c167ac8c1d"],
  ["/Users/moqian/LeanSort/LeanSort/Algorithm/RunStrategy.lean",
   "a204caca76d68f10"],
  ["options", "00000000000006bb"],
  ["isModule: false", "feefd2a0d3a1847e"],
  ["Module.name: LeanSort.Algorithm.RunStrategy", "c3748f3f38dd15f7"],
  ["Package.id?: (some leansort)", "c099074cf6e8ec59"],
  ["Module.leanArgs: #[]", "00000000000006bb"]],
 "depHash": "5aff90ec4c130e07"}