{"synthetic": false,
 "schemaVersion": "2025-09-10",
 "outputs":
 {"o": ["1c6aacb24db03a3c.olean"],
  "m": false,
  "i": "ad06ae8df5faf96f.ilean",
  "c": "a2a843b75022e870.c"},
 "log":
 [{"message":
   ".> LEAN_PATH=/Users/moqian/LeanSort/.lake/packages/Cli/.lake/build/lib/lean:/Users/moqian/LeanSort/.lake/packages/batteries/.lake/build/lib/lean:/Users/moqian/LeanSort/.lake/packages/Qq/.lake/build/lib/lean:/Users/moqian/LeanSort/.lake/packages/aesop/.lake/build/lib/lean:/Users/moqian/LeanSort/.lake/packages/proofwidgets/.lake/build/lib/lean:/Users/moqian/LeanSort/.lake/packages/importGraph/.lake/build/lib/lean:/Users/moqian/LeanSort/.lake/packages/LeanSearchClient/.lake/build/lib/lean:/Users/moqian/LeanSort/.lake/packages/plausible/.lake/build/lib/lean:/Users/moqian/LeanSort/.lake/packages/mathlib/.lake/build/lib/lean:/Users/moqian/LeanSort/.lake/packages/cslib/.lake/build/lib/lean:/Users/moqian/LeanSort/.lake/build/lib/lean /Users/moqian/.elan/toolchains/leanprover--lean4---v4.34.0-rc2/bin/lean /Users/moqian/LeanSort/LeanSort/Algorithm/Heap.lean -o /Users/moqian/LeanSort/.lake/build/lib/lean/LeanSort/Algorithm/Heap.olean -i /Users/moqian/LeanSort/.lake/build/lib/lean/LeanSort/Algorithm/Heap.ilean -c /Users/moqian/LeanSort/.lake/build/ir/LeanSort/Algorithm/Heap.c --setup /Users/moqian/LeanSort/.lake/build/ir/LeanSort/Algorithm/Heap.setup.json --json",
   "level": "trace"}],
 "inputs":
 [["deps",
   [["leansort/LeanSort:extraDep",
     [["@leansort:extraDep", "00000000000006bb"]]],
    ["imports",
     [["Batteries.Data.BinaryHeap transitive imports (legacy)",
       "f13ee39896efd1b7"],
      ["Batteries.Data.BinaryHeap:importAllArts", "d8272fe7f6bf9e7b"],
      ["Mathlib.Order.Defs.LinearOrder transitive imports (legacy)",
       "d708118c4fffcbae"],
      ["Mathlib.Order.Defs.LinearOrder:importAllArts", "d4271bbb84f4d3aa"]]]]],
  ["libs",
   [["import dynlibs", "00000000000006bb"],
    ["package external libraries", "00000000000006bb"],
    ["module dynlibs", "00000000000006bb"],
    ["module plugins", "00000000000006bb"]]],
  ["Lean 4.34.0, commit 6a10ac8c22beadecabdbb0919c2b50214762f91d",
   "365244c167ac8c1d"],
  ["/Users/moqian/LeanSort/LeanSort/Algorithm/Heap.lean", "764bf725ed1505f4"],
  ["options", "00000000000006bb"],
  ["isModule: false", "feefd2a0d3a1847e"],
  ["Module.name: LeanSort.Algorithm.Heap", "bb3e134b5d4f026b"],
  ["Package.id?: (some leansort)", "c099074cf6e8ec59"],
  ["Module.leanArgs: #[]", "00000000000006bb"]],
 "depHash": "0b2d41cee0cabac1"}