{"synthetic": false,
 "schemaVersion": "2025-09-10",
 "outputs":
 {"o": ["3e85ad4e51b82bcf.olean"],
  "m": false,
  "i": "23c12469550c9f4e.ilean",
  "c": "c2db3c3cb7e8d3d1.c"},
 "log":
 [{"message":
   ".> LEAN_PATH=/Users/moqian/LeanSort/.lake/packages/Cli/.lake/build/lib/lean:/Users/moqian/LeanSort/.lake/packages/batteries/.lake/build/lib/lean:/Users/moqian/LeanSort/.lake/packages/Qq/.lake/build/lib/lean:/Users/moqian/LeanSort/.lake/packages/aesop/.lake/build/lib/lean:/Users/moqian/LeanSort/.lake/packages/proofwidgets/.lake/build/lib/lean:/Users/moqian/LeanSort/.lake/packages/importGraph/.lake/build/lib/lean:/Users/moqian/LeanSort/.lake/packages/LeanSearchClient/.lake/build/lib/lean:/Users/moqian/LeanSort/.lake/packages/plausible/.lake/build/lib/lean:/Users/moqian/LeanSort/.lake/packages/mathlib/.lake/build/lib/lean:/Users/moqian/LeanSort/.lake/packages/cslib/.lake/build/lib/lean:/Users/moqian/LeanSort/.lake/build/lib/lean /Users/moqian/.elan/toolchains/leanprover--lean4---v4.34.0-rc2/bin/lean /Users/moqian/LeanSort/LeanSort/Algorithm/Merge.lean -o /Users/moqian/LeanSort/.lake/build/lib/lean/LeanSort/Algorithm/Merge.olean -i /Users/moqian/LeanSort/.lake/build/lib/lean/LeanSort/Algorithm/Merge.ilean -c /Users/moqian/LeanSort/.lake/build/ir/LeanSort/Algorithm/Merge.c --setup /Users/moqian/LeanSort/.lake/build/ir/LeanSort/Algorithm/Merge.setup.json --json",
   "level": "trace"}],
 "inputs":
 [["deps",
   [["leansort/LeanSort:extraDep",
     [["@leansort:extraDep", "00000000000006bb"]]],
    ["imports",
     [["Cslib.Algorithms.Lean.MergeSort.MergeSort transitive imports (legacy)",
       "2d685d00c5a3576b"],
      ["Cslib.Algorithms.Lean.MergeSort.MergeSort:importAllArts",
       "95863a34775fac26"]]]]],
  ["libs",
   [["import dynlibs", "00000000000006bb"],
    ["package external libraries", "00000000000006bb"],
    ["module dynlibs", "00000000000006bb"],
    ["module plugins", "00000000000006bb"]]],
  ["Lean 4.34.0, commit 6a10ac8c22beadecabdbb0919c2b50214762f91d",
   "365244c167ac8c1d"],
  ["/Users/moqian/LeanSort/LeanSort/Algorithm/Merge.lean", "102c74ec74fe17ec"],
  ["options", "00000000000006bb"],
  ["isModule: false", "feefd2a0d3a1847e"],
  ["Module.name: LeanSort.Algorithm.Merge", "2d63bf03e1f44425"],
  ["Package.id?: (some leansort)", "c099074cf6e8ec59"],
  ["Module.leanArgs: #[]", "00000000000006bb"]],
 "depHash": "956e51e009a09f92"}