{"synthetic": false,
 "schemaVersion": "2025-09-10",
 "outputs":
 {"o": ["d60c04539f3018d0.olean"],
  "m": false,
  "i": "f848fde79ce73b4e.ilean",
  "c": "a89f3287212f4eb0.c"},
 "log":
 [{"message":
   ".> LEAN_PATH=/Users/moqian/LeanSort/.lake/packages/Cli/.lake/build/lib/lean:/Users/moqian/LeanSort/.lake/packages/batteries/.lake/build/lib/lean:/Users/moqian/LeanSort/.lake/packages/Qq/.lake/build/lib/lean:/Users/moqian/LeanSort/.lake/packages/aesop/.lake/build/lib/lean:/Users/moqian/LeanSort/.lake/packages/proofwidgets/.lake/build/lib/lean:/Users/moqian/LeanSort/.lake/packages/importGraph/.lake/build/lib/lean:/Users/moqian/LeanSort/.lake/packages/LeanSearchClient/.lake/build/lib/lean:/Users/moqian/LeanSort/.lake/packages/plausible/.lake/build/lib/lean:/Users/moqian/LeanSort/.lake/packages/mathlib/.lake/build/lib/lean:/Users/moqian/LeanSort/.lake/packages/cslib/.lake/build/lib/lean:/Users/moqian/LeanSort/.lake/build/lib/lean /Users/moqian/.elan/toolchains/leanprover--lean4---v4.34.0-rc2/bin/lean /Users/moqian/LeanSort/LeanSort/Verification/Radix/Correctness.lean -o /Users/moqian/LeanSort/.lake/build/lib/lean/LeanSort/Verification/Radix/Correctness.olean -i /Users/moqian/LeanSort/.lake/build/lib/lean/LeanSort/Verification/Radix/Correctness.ilean -c /Users/moqian/LeanSort/.lake/build/ir/LeanSort/Verification/Radix/Correctness.c --setup /Users/moqian/LeanSort/.lake/build/ir/LeanSort/Verification/Radix/Correctness.setup.json --json",
   "level": "trace"}],
 "inputs":
 [["deps",
   [["leansort/LeanSort:extraDep",
     [["@leansort:extraDep", "00000000000006bb"]]],
    ["imports",
     [["LeanSort.Verification.Radix.Equations transitive imports (legacy)",
       "29533e09cff190ff"],
      ["LeanSort.Verification.Radix.Equations:importAllArts",
       "5204e959733c3628"],
      ["LeanSort.Model.SortingResult transitive imports (legacy)",
       "b3d7a295e7ee80c6"],
      ["LeanSort.Model.SortingResult:importAllArts", "ba0c5035a6dc7f2e"]]]]],
  ["libs",
   [["import dynlibs", "00000000000006bb"],
    ["package external libraries", "00000000000006bb"],
    ["module dynlibs", "00000000000006bb"],
    ["module plugins", "00000000000006bb"]]],
  ["Lean 4.34.0, commit 6a10ac8c22beadecabdbb0919c2b50214762f91d",
   "365244c167ac8c1d"],
  ["/Users/moqian/LeanSort/LeanSort/Verification/Radix/Correctness.lean",
   "efc8b220ab39d17c"],
  ["options", "00000000000006bb"],
  ["isModule: false", "feefd2a0d3a1847e"],
  ["Module.name: LeanSort.Verification.Radix.Correctness", "7c0d05d36cbb38d8"],
  ["Package.id?: (some leansort)", "c099074cf6e8ec59"],
  ["Module.leanArgs: #[]", "00000000000006bb"]],
 "depHash": "eaca92101af18f26"}