{"synthetic": false,
 "schemaVersion": "2025-09-10",
 "outputs":
 {"o": ["c1dd65454b59179c.olean"],
  "m": false,
  "i": "868b9c9d7b089090.ilean",
  "c": "b1fdfeb2be0a4066.c"},
 "log":
 [{"message":
   ".> LEAN_PATH=/Users/moqian/LeanSort/.lake/packages/Cli/.lake/build/lib/lean:/Users/moqian/LeanSort/.lake/packages/batteries/.lake/build/lib/lean:/Users/moqian/LeanSort/.lake/packages/Qq/.lake/build/lib/lean:/Users/moqian/LeanSort/.lake/packages/aesop/.lake/build/lib/lean:/Users/moqian/LeanSort/.lake/packages/proofwidgets/.lake/build/lib/lean:/Users/moqian/LeanSort/.lake/packages/importGraph/.lake/build/lib/lean:/Users/moqian/LeanSort/.lake/packages/LeanSearchClient/.lake/build/lib/lean:/Users/moqian/LeanSort/.lake/packages/plausible/.lake/build/lib/lean:/Users/moqian/LeanSort/.lake/packages/mathlib/.lake/build/lib/lean:/Users/moqian/LeanSort/.lake/packages/cslib/.lake/build/lib/lean:/Users/moqian/LeanSort/.lake/build/lib/lean /Users/moqian/.elan/toolchains/leanprover--lean4---v4.34.0-rc2/bin/lean /Users/moqian/LeanSort/LeanSort/Verification/Radix/Trace.lean -o /Users/moqian/LeanSort/.lake/build/lib/lean/LeanSort/Verification/Radix/Trace.olean -i /Users/moqian/LeanSort/.lake/build/lib/lean/LeanSort/Verification/Radix/Trace.ilean -c /Users/moqian/LeanSort/.lake/build/ir/LeanSort/Verification/Radix/Trace.c --setup /Users/moqian/LeanSort/.lake/build/ir/LeanSort/Verification/Radix/Trace.setup.json --json",
   "level": "trace"}],
 "inputs":
 [["deps",
   [["leansort/LeanSort:extraDep",
     [["@leansort:extraDep", "00000000000006bb"]]],
    ["imports",
     [["LeanSort.Verification.Radix.Correctness transitive imports (legacy)",
       "babc835d7ac868e1"],
      ["LeanSort.Verification.Radix.Correctness:importAllArts",
       "ed1df44031ace065"]]]]],
  ["libs",
   [["import dynlibs", "00000000000006bb"],
    ["package external libraries", "00000000000006bb"],
    ["module dynlibs", "00000000000006bb"],
    ["module plugins", "00000000000006bb"]]],
  ["Lean 4.34.0, commit 6a10ac8c22beadecabdbb0919c2b50214762f91d",
   "365244c167ac8c1d"],
  ["/Users/moqian/LeanSort/LeanSort/Verification/Radix/Trace.lean",
   "248bd64fa8e5258e"],
  ["options", "00000000000006bb"],
  ["isModule: false", "feefd2a0d3a1847e"],
  ["Module.name: LeanSort.Verification.Radix.Trace", "8e81eac38f851cc8"],
  ["Package.id?: (some leansort)", "c099074cf6e8ec59"],
  ["Module.leanArgs: #[]", "00000000000006bb"]],
 "depHash": "39d7d51e321ea7fb"}