{"synthetic": false,
 "schemaVersion": "2025-09-10",
 "outputs":
 {"o": ["b060dcceafeb890d.olean"],
  "m": false,
  "i": "c63c5f01daaba362.ilean",
  "c": "fb561b7f546cebc4.c"},
 "log":
 [{"message":
   ".> LEAN_PATH=/Users/moqian/LeanSort/.lake/packages/Cli/.lake/build/lib/lean:/Users/moqian/LeanSort/.lake/packages/batteries/.lake/build/lib/lean:/Users/moqian/LeanSort/.lake/packages/Qq/.lake/build/lib/lean:/Users/moqian/LeanSort/.lake/packages/aesop/.lake/build/lib/lean:/Users/moqian/LeanSort/.lake/packages/proofwidgets/.lake/build/lib/lean:/Users/moqian/LeanSort/.lake/packages/importGraph/.lake/build/lib/lean:/Users/moqian/LeanSort/.lake/packages/LeanSearchClient/.lake/build/lib/lean:/Users/moqian/LeanSort/.lake/packages/plausible/.lake/build/lib/lean:/Users/moqian/LeanSort/.lake/packages/mathlib/.lake/build/lib/lean:/Users/moqian/LeanSort/.lake/build/lib/lean /Users/moqian/.elan/toolchains/leanprover--lean4---v4.34.0-rc2/bin/lean /Users/moqian/LeanSort/LeanSort/Model/Rearrangement.lean -o /Users/moqian/LeanSort/.lake/build/lib/lean/LeanSort/Model/Rearrangement.olean -i /Users/moqian/LeanSort/.lake/build/lib/lean/LeanSort/Model/Rearrangement.ilean -c /Users/moqian/LeanSort/.lake/build/ir/LeanSort/Model/Rearrangement.c --setup /Users/moqian/LeanSort/.lake/build/ir/LeanSort/Model/Rearrangement.setup.json --json",
   "level": "trace"}],
 "inputs":
 [["deps",
   [["leansort/LeanSort:extraDep",
     [["@leansort:extraDep", "00000000000006bb"]]],
    ["imports",
     [["Mathlib.Data.List.Sort transitive imports (legacy)",
       "2890bd9c41a8b9f3"],
      ["Mathlib.Data.List.Sort:importAllArts", "bbcd35d42382f512"]]]]],
  ["libs",
   [["import dynlibs", "00000000000006bb"],
    ["package external libraries", "00000000000006bb"],
    ["module dynlibs", "00000000000006bb"],
    ["module plugins", "00000000000006bb"]]],
  ["Lean 4.34.0, commit 6a10ac8c22beadecabdbb0919c2b50214762f91d",
   "365244c167ac8c1d"],
  ["/Users/moqian/LeanSort/LeanSort/Model/Rearrangement.lean",
   "cc89414393005e30"],
  ["options", "00000000000006bb"],
  ["isModule: false", "feefd2a0d3a1847e"],
  ["Module.name: LeanSort.Model.Rearrangement", "f29f562fd9cdf585"],
  ["Package.id?: (some leansort)", "c099074cf6e8ec59"],
  ["Module.leanArgs: #[]", "00000000000006bb"]],
 "depHash": "ac2b96de8c4e8444"}