{"synthetic": false,
 "schemaVersion": "2025-09-10",
 "outputs":
 {"o": ["95e8c262b65cf1f0.olean"],
  "m": false,
  "i": "2df41832276638b7.ilean",
  "c": "ade920e65724a1e4.c"},
 "log":
 [{"message":
   ".> LEAN_PATH=/Users/moqian/LeanSort/.lake/packages/Cli/.lake/build/lib/lean:/Users/moqian/LeanSort/.lake/packages/batteries/.lake/build/lib/lean:/Users/moqian/LeanSort/.lake/packages/Qq/.lake/build/lib/lean:/Users/moqian/LeanSort/.lake/packages/aesop/.lake/build/lib/lean:/Users/moqian/LeanSort/.lake/packages/proofwidgets/.lake/build/lib/lean:/Users/moqian/LeanSort/.lake/packages/importGraph/.lake/build/lib/lean:/Users/moqian/LeanSort/.lake/packages/LeanSearchClient/.lake/build/lib/lean:/Users/moqian/LeanSort/.lake/packages/plausible/.lake/build/lib/lean:/Users/moqian/LeanSort/.lake/packages/mathlib/.lake/build/lib/lean:/Users/moqian/LeanSort/.lake/build/lib/lean /Users/moqian/.elan/toolchains/leanprover--lean4---v4.34.0-rc2/bin/lean /Users/moqian/LeanSort/LeanSort/Examples.lean -o /Users/moqian/LeanSort/.lake/build/lib/lean/LeanSort/Examples.olean -i /Users/moqian/LeanSort/.lake/build/lib/lean/LeanSort/Examples.ilean -c /Users/moqian/LeanSort/.lake/build/ir/LeanSort/Examples.c --setup /Users/moqian/LeanSort/.lake/build/ir/LeanSort/Examples.setup.json --json",
   "level": "trace"}],
 "inputs":
 [["deps",
   [["leansort/LeanSort:extraDep",
     [["@leansort:extraDep", "00000000000006bb"]]],
    ["imports",
     [["LeanSort.Algorithm.InsertionSort transitive imports (legacy)",
       "b3d7a295e7ee80c6"],
      ["LeanSort.Algorithm.InsertionSort:importAllArts", "d752b16e1ca91819"],
      ["LeanSort.Algorithm.Inversions transitive imports (legacy)",
       "0503d73798a5b558"],
      ["LeanSort.Algorithm.Inversions:importAllArts", "713279b26fb4af38"]]]]],
  ["libs",
   [["import dynlibs", "00000000000006bb"],
    ["package external libraries", "00000000000006bb"],
    ["module dynlibs", "00000000000006bb"],
    ["module plugins", "00000000000006bb"]]],
  ["Lean 4.34.0, commit 6a10ac8c22beadecabdbb0919c2b50214762f91d",
   "365244c167ac8c1d"],
  ["/Users/moqian/LeanSort/LeanSort/Examples.lean", "2feeb53f3bab2f22"],
  ["options", "00000000000006bb"],
  ["isModule: false", "feefd2a0d3a1847e"],
  ["Module.name: LeanSort.Examples", "c39d9cbc4e99234c"],
  ["Package.id?: (some leansort)", "c099074cf6e8ec59"],
  ["Module.leanArgs: #[]", "00000000000006bb"]],
 "depHash": "3846f5974d3d23e9"}