{"synthetic": false,
 "schemaVersion": "2025-09-10",
 "outputs":
 {"o": ["31e6687227232f6f.olean"],
  "m": false,
  "i": "28f578f1090a9e8d.ilean",
  "c": "2c1d16c4c3963f09.c"},
 "log":
 [{"message":
   ".> LEAN_PATH=/Users/moqian/LeanSort/.lake/packages/Cli/.lake/build/lib/lean:/Users/moqian/LeanSort/.lake/packages/batteries/.lake/build/lib/lean:/Users/moqian/LeanSort/.lake/packages/Qq/.lake/build/lib/lean:/Users/moqian/LeanSort/.lake/packages/aesop/.lake/build/lib/lean:/Users/moqian/LeanSort/.lake/packages/proofwidgets/.lake/build/lib/lean:/Users/moqian/LeanSort/.lake/packages/importGraph/.lake/build/lib/lean:/Users/moqian/LeanSort/.lake/packages/LeanSearchClient/.lake/build/lib/lean:/Users/moqian/LeanSort/.lake/packages/plausible/.lake/build/lib/lean:/Users/moqian/LeanSort/.lake/packages/mathlib/.lake/build/lib/lean:/Users/moqian/LeanSort/.lake/build/lib/lean /Users/moqian/.elan/toolchains/leanprover--lean4---v4.34.0-rc2/bin/lean /Users/moqian/LeanSort/LeanSort/Verification/Insertion.lean -o /Users/moqian/LeanSort/.lake/build/lib/lean/LeanSort/Verification/Insertion.olean -i /Users/moqian/LeanSort/.lake/build/lib/lean/LeanSort/Verification/Insertion.ilean -c /Users/moqian/LeanSort/.lake/build/ir/LeanSort/Verification/Insertion.c --setup /Users/moqian/LeanSort/.lake/build/ir/LeanSort/Verification/Insertion.setup.json --json",
   "level": "trace"}],
 "inputs":
 [["deps",
   [["leansort/LeanSort:extraDep",
     [["@leansort:extraDep", "00000000000006bb"]]],
    ["imports",
     [["LeanSort.Algorithm.Insertion transitive imports (legacy)",
       "5e9a0ab1445b5162"],
      ["LeanSort.Algorithm.Insertion:importAllArts", "67cdfd9e1b1b794e"],
      ["LeanSort.SortSpec transitive imports (legacy)", "b3d7a295e7ee80c6"],
      ["LeanSort.SortSpec:importAllArts", "4aece1b88d683e2b"],
      ["LeanSort.Verification.Rearrangement transitive imports (legacy)",
       "5e9a0ab1445b5162"],
      ["LeanSort.Verification.Rearrangement:importAllArts", "79784219e0f99653"],
      ["LeanSort.Verification.Inversions transitive imports (legacy)",
       "da4e256427f98cc1"],
      ["LeanSort.Verification.Inversions:importAllArts",
       "a7853ecb5b154fe8"]]]]],
  ["libs",
   [["import dynlibs", "00000000000006bb"],
    ["package external libraries", "00000000000006bb"],
    ["module dynlibs", "00000000000006bb"],
    ["module plugins", "00000000000006bb"]]],
  ["Lean 4.34.0, commit 6a10ac8c22beadecabdbb0919c2b50214762f91d",
   "365244c167ac8c1d"],
  ["/Users/moqian/LeanSort/LeanSort/Verification/Insertion.lean",
   "719461d532d72a51"],
  ["options", "00000000000006bb"],
  ["isModule: false", "feefd2a0d3a1847e"],
  ["Module.name: LeanSort.Verification.Insertion", "38674e287a23afa7"],
  ["Package.id?: (some leansort)", "c099074cf6e8ec59"],
  ["Module.leanArgs: #[]", "00000000000006bb"]],
 "depHash": "dae64262aae4ee9d"}