{"synthetic": false,
 "schemaVersion": "2025-09-10",
 "outputs":
 {"o": ["1ef82e09a27ff26c.olean"],
  "m": false,
  "i": "e30c85424e603148.ilean",
  "c": "481f9c6977db978b.c"},
 "log":
 [{"message":
   ".> LEAN_PATH=/Users/moqian/LeanSort/.lake/packages/Cli/.lake/build/lib/lean:/Users/moqian/LeanSort/.lake/packages/batteries/.lake/build/lib/lean:/Users/moqian/LeanSort/.lake/packages/Qq/.lake/build/lib/lean:/Users/moqian/LeanSort/.lake/packages/aesop/.lake/build/lib/lean:/Users/moqian/LeanSort/.lake/packages/proofwidgets/.lake/build/lib/lean:/Users/moqian/LeanSort/.lake/packages/importGraph/.lake/build/lib/lean:/Users/moqian/LeanSort/.lake/packages/LeanSearchClient/.lake/build/lib/lean:/Users/moqian/LeanSort/.lake/packages/plausible/.lake/build/lib/lean:/Users/moqian/LeanSort/.lake/packages/mathlib/.lake/build/lib/lean:/Users/moqian/LeanSort/.lake/build/lib/lean /Users/moqian/.elan/toolchains/leanprover--lean4---v4.34.0-rc2/bin/lean /Users/moqian/LeanSort/LeanSort/Verification/Inversions.lean -o /Users/moqian/LeanSort/.lake/build/lib/lean/LeanSort/Verification/Inversions.olean -i /Users/moqian/LeanSort/.lake/build/lib/lean/LeanSort/Verification/Inversions.ilean -c /Users/moqian/LeanSort/.lake/build/ir/LeanSort/Verification/Inversions.c --setup /Users/moqian/LeanSort/.lake/build/ir/LeanSort/Verification/Inversions.setup.json --json",
   "level": "trace"}],
 "inputs":
 [["deps",
   [["leansort/LeanSort:extraDep",
     [["@leansort:extraDep", "00000000000006bb"]]],
    ["imports",
     [["LeanSort.Inversions transitive imports (legacy)", "b3d7a295e7ee80c6"],
      ["LeanSort.Inversions:importAllArts", "06163bee03b0424f"],
      ["Mathlib.Data.Nat.Choose.Basic transitive imports (legacy)",
       "465750f4eb9e499c"],
      ["Mathlib.Data.Nat.Choose.Basic:importAllArts", "8b3ce1297289ee46"]]]]],
  ["libs",
   [["import dynlibs", "00000000000006bb"],
    ["package external libraries", "00000000000006bb"],
    ["module dynlibs", "00000000000006bb"],
    ["module plugins", "00000000000006bb"]]],
  ["Lean 4.34.0, commit 6a10ac8c22beadecabdbb0919c2b50214762f91d",
   "365244c167ac8c1d"],
  ["/Users/moqian/LeanSort/LeanSort/Verification/Inversions.lean",
   "3c4b0a59fc213303"],
  ["options", "00000000000006bb"],
  ["isModule: false", "feefd2a0d3a1847e"],
  ["Module.name: LeanSort.Verification.Inversions", "0bea5563b29471d9"],
  ["Package.id?: (some leansort)", "c099074cf6e8ec59"],
  ["Module.leanArgs: #[]", "00000000000006bb"]],
 "depHash": "0711c18fc5e2bb11"}