{"synthetic": false,
 "schemaVersion": "2025-09-10",
 "outputs":
 {"o": ["33105db2b645695e.olean"],
  "m": false,
  "i": "90583d908be05765.ilean",
  "c": "58f4f612e9f3feaa.c"},
 "log":
 [{"message":
   ".> LEAN_PATH=/Users/moqian/LeanSort/.lake/packages/Cli/.lake/build/lib/lean:/Users/moqian/LeanSort/.lake/packages/batteries/.lake/build/lib/lean:/Users/moqian/LeanSort/.lake/packages/Qq/.lake/build/lib/lean:/Users/moqian/LeanSort/.lake/packages/aesop/.lake/build/lib/lean:/Users/moqian/LeanSort/.lake/packages/proofwidgets/.lake/build/lib/lean:/Users/moqian/LeanSort/.lake/packages/importGraph/.lake/build/lib/lean:/Users/moqian/LeanSort/.lake/packages/LeanSearchClient/.lake/build/lib/lean:/Users/moqian/LeanSort/.lake/packages/plausible/.lake/build/lib/lean:/Users/moqian/LeanSort/.lake/packages/mathlib/.lake/build/lib/lean:/Users/moqian/LeanSort/.lake/build/lib/lean /Users/moqian/.elan/toolchains/leanprover--lean4---v4.34.0-rc2/bin/lean /Users/moqian/LeanSort/LeanSort/Verification/Pancake.lean -o /Users/moqian/LeanSort/.lake/build/lib/lean/LeanSort/Verification/Pancake.olean -i /Users/moqian/LeanSort/.lake/build/lib/lean/LeanSort/Verification/Pancake.ilean -c /Users/moqian/LeanSort/.lake/build/ir/LeanSort/Verification/Pancake.c --setup /Users/moqian/LeanSort/.lake/build/ir/LeanSort/Verification/Pancake.setup.json --json",
   "level": "trace"}],
 "inputs":
 [["deps",
   [["leansort/LeanSort:extraDep",
     [["@leansort:extraDep", "00000000000006bb"]]],
    ["imports",
     [["LeanSort.Algorithm.Pancake transitive imports (legacy)",
       "5e9a0ab1445b5162"],
      ["LeanSort.Algorithm.Pancake:importAllArts", "76e8528b7fc50e65"]]]]],
  ["libs",
   [["import dynlibs", "00000000000006bb"],
    ["package external libraries", "00000000000006bb"],
    ["module dynlibs", "00000000000006bb"],
    ["module plugins", "00000000000006bb"]]],
  ["Lean 4.34.0, commit 6a10ac8c22beadecabdbb0919c2b50214762f91d",
   "365244c167ac8c1d"],
  ["/Users/moqian/LeanSort/LeanSort/Verification/Pancake.lean",
   "8982611b6c67b048"],
  ["options", "00000000000006bb"],
  ["isModule: false", "feefd2a0d3a1847e"],
  ["Module.name: LeanSort.Verification.Pancake", "5c1f367fa99cc137"],
  ["Package.id?: (some leansort)", "c099074cf6e8ec59"],
  ["Module.leanArgs: #[]", "00000000000006bb"]],
 "depHash": "d11e776064efbf7b"}