{"synthetic": false,
 "schemaVersion": "2025-09-10",
 "outputs":
 {"o": ["b31d407bf0c34442.olean"],
  "m": false,
  "i": "ca1b17b38a732f70.ilean",
  "c": "159b926167a9003f.c"},
 "log":
 [{"message":
   ".> LEAN_PATH=/Users/moqian/LeanSort/.lake/packages/Cli/.lake/build/lib/lean:/Users/moqian/LeanSort/.lake/packages/batteries/.lake/build/lib/lean:/Users/moqian/LeanSort/.lake/packages/Qq/.lake/build/lib/lean:/Users/moqian/LeanSort/.lake/packages/aesop/.lake/build/lib/lean:/Users/moqian/LeanSort/.lake/packages/proofwidgets/.lake/build/lib/lean:/Users/moqian/LeanSort/.lake/packages/importGraph/.lake/build/lib/lean:/Users/moqian/LeanSort/.lake/packages/LeanSearchClient/.lake/build/lib/lean:/Users/moqian/LeanSort/.lake/packages/plausible/.lake/build/lib/lean:/Users/moqian/LeanSort/.lake/packages/mathlib/.lake/build/lib/lean:/Users/moqian/LeanSort/.lake/build/lib/lean /Users/moqian/.elan/toolchains/leanprover--lean4---v4.34.0-rc2/bin/lean /Users/moqian/LeanSort/LeanSort/Verification/Insertion/Complexity.lean -o /Users/moqian/LeanSort/.lake/build/lib/lean/LeanSort/Verification/Insertion/Complexity.olean -i /Users/moqian/LeanSort/.lake/build/lib/lean/LeanSort/Verification/Insertion/Complexity.ilean -c /Users/moqian/LeanSort/.lake/build/ir/LeanSort/Verification/Insertion/Complexity.c --setup /Users/moqian/LeanSort/.lake/build/ir/LeanSort/Verification/Insertion/Complexity.setup.json --json",
   "level": "trace"}],
 "inputs":
 [["deps",
   [["leansort/LeanSort:extraDep",
     [["@leansort:extraDep", "00000000000006bb"]]],
    ["imports",
     [["LeanSort.Verification.Insertion.Cost transitive imports (legacy)",
       "564449d46dd28eb8"],
      ["LeanSort.Verification.Insertion.Cost:importAllArts",
       "84d1afb89c2bb9b2"],
      ["Mathlib.Analysis.SpecialFunctions.Choose transitive imports (legacy)",
       "33ba4d200ab9d655"],
      ["Mathlib.Analysis.SpecialFunctions.Choose:importAllArts",
       "4fd04a8dd21ab257"]]]]],
  ["libs",
   [["import dynlibs", "00000000000006bb"],
    ["package external libraries", "00000000000006bb"],
    ["module dynlibs", "00000000000006bb"],
    ["module plugins", "00000000000006bb"]]],
  ["Lean 4.34.0, commit 6a10ac8c22beadecabdbb0919c2b50214762f91d",
   "365244c167ac8c1d"],
  ["/Users/moqian/LeanSort/LeanSort/Verification/Insertion/Complexity.lean",
   "cc7e6849e53b2f05"],
  ["options", "00000000000006bb"],
  ["isModule: false", "feefd2a0d3a1847e"],
  ["Module.name: LeanSort.Verification.Insertion.Complexity",
   "861f5888552d90e1"],
  ["Package.id?: (some leansort)", "c099074cf6e8ec59"],
  ["Module.leanArgs: #[]", "00000000000006bb"]],
 "depHash": "2a3fa6b63aa68e43"}