{"synthetic": false,
 "schemaVersion": "2025-09-10",
 "outputs":
 {"o": ["32357c6c78a0ae0f.olean"],
  "m": false,
  "i": "9bc6989a0c0c1d6c.ilean",
  "c": "a4ffc0fa826ac1aa.c"},
 "log":
 [{"message":
   ".> LEAN_PATH=/Users/moqian/LeanSort/.lake/packages/Cli/.lake/build/lib/lean:/Users/moqian/LeanSort/.lake/packages/batteries/.lake/build/lib/lean:/Users/moqian/LeanSort/.lake/packages/Qq/.lake/build/lib/lean:/Users/moqian/LeanSort/.lake/packages/aesop/.lake/build/lib/lean:/Users/moqian/LeanSort/.lake/packages/proofwidgets/.lake/build/lib/lean:/Users/moqian/LeanSort/.lake/packages/importGraph/.lake/build/lib/lean:/Users/moqian/LeanSort/.lake/packages/LeanSearchClient/.lake/build/lib/lean:/Users/moqian/LeanSort/.lake/packages/plausible/.lake/build/lib/lean:/Users/moqian/LeanSort/.lake/packages/mathlib/.lake/build/lib/lean:/Users/moqian/LeanSort/.lake/build/lib/lean /Users/moqian/.elan/toolchains/leanprover--lean4---v4.34.0-rc2/bin/lean /Users/moqian/LeanSort/LeanSort/Verification/Insertion/Correctness.lean -o /Users/moqian/LeanSort/.lake/build/lib/lean/LeanSort/Verification/Insertion/Correctness.olean -i /Users/moqian/LeanSort/.lake/build/lib/lean/LeanSort/Verification/Insertion/Correctness.ilean -c /Users/moqian/LeanSort/.lake/build/ir/LeanSort/Verification/Insertion/Correctness.c --setup /Users/moqian/LeanSort/.lake/build/ir/LeanSort/Verification/Insertion/Correctness.setup.json --json",
   "level": "trace"}],
 "inputs":
 [["deps",
   [["leansort/LeanSort:extraDep",
     [["@leansort:extraDep", "00000000000006bb"]]],
    ["imports",
     [["LeanSort.Model.SortingResult transitive imports (legacy)",
       "b3d7a295e7ee80c6"],
      ["LeanSort.Model.SortingResult:importAllArts", "ba0c5035a6dc7f2e"],
      ["LeanSort.Verification.Insertion.Equations transitive imports (legacy)",
       "eaf4ea558997bdf6"],
      ["LeanSort.Verification.Insertion.Equations:importAllArts",
       "705f6ed462b5d46d"]]]]],
  ["libs",
   [["import dynlibs", "00000000000006bb"],
    ["package external libraries", "00000000000006bb"],
    ["module dynlibs", "00000000000006bb"],
    ["module plugins", "00000000000006bb"]]],
  ["Lean 4.34.0, commit 6a10ac8c22beadecabdbb0919c2b50214762f91d",
   "365244c167ac8c1d"],
  ["/Users/moqian/LeanSort/LeanSort/Verification/Insertion/Correctness.lean",
   "1cbfffbd28091429"],
  ["options", "00000000000006bb"],
  ["isModule: false", "feefd2a0d3a1847e"],
  ["Module.name: LeanSort.Verification.Insertion.Correctness",
   "cf675386c727fc01"],
  ["Package.id?: (some leansort)", "c099074cf6e8ec59"],
  ["Module.leanArgs: #[]", "00000000000006bb"]],
 "depHash": "1a91a9e73855ea85"}