{"synthetic": false,
 "schemaVersion": "2025-09-10",
 "outputs":
 {"o": ["eed6d0bff1fb56dc.olean"],
  "m": false,
  "i": "6a3a6248c0e83395.ilean",
  "c": "c04de8f858960156.c"},
 "log":
 [{"message":
   ".> LEAN_PATH=/Users/moqian/LeanSort/.lake/packages/Cli/.lake/build/lib/lean:/Users/moqian/LeanSort/.lake/packages/batteries/.lake/build/lib/lean:/Users/moqian/LeanSort/.lake/packages/Qq/.lake/build/lib/lean:/Users/moqian/LeanSort/.lake/packages/aesop/.lake/build/lib/lean:/Users/moqian/LeanSort/.lake/packages/proofwidgets/.lake/build/lib/lean:/Users/moqian/LeanSort/.lake/packages/importGraph/.lake/build/lib/lean:/Users/moqian/LeanSort/.lake/packages/LeanSearchClient/.lake/build/lib/lean:/Users/moqian/LeanSort/.lake/packages/plausible/.lake/build/lib/lean:/Users/moqian/LeanSort/.lake/packages/mathlib/.lake/build/lib/lean:/Users/moqian/LeanSort/.lake/build/lib/lean /Users/moqian/.elan/toolchains/leanprover--lean4---v4.34.0-rc2/bin/lean /Users/moqian/LeanSort/LeanSort/Verification/Insertion/Trace.lean -o /Users/moqian/LeanSort/.lake/build/lib/lean/LeanSort/Verification/Insertion/Trace.olean -i /Users/moqian/LeanSort/.lake/build/lib/lean/LeanSort/Verification/Insertion/Trace.ilean -c /Users/moqian/LeanSort/.lake/build/ir/LeanSort/Verification/Insertion/Trace.c --setup /Users/moqian/LeanSort/.lake/build/ir/LeanSort/Verification/Insertion/Trace.setup.json --json",
   "level": "trace"}],
 "inputs":
 [["deps",
   [["leansort/LeanSort:extraDep",
     [["@leansort:extraDep", "00000000000006bb"]]],
    ["imports",
     [["LeanSort.Verification.Insertion.Equations transitive imports (legacy)",
       "eaf4ea558997bdf6"],
      ["LeanSort.Verification.Insertion.Equations:importAllArts",
       "705f6ed462b5d46d"],
      ["LeanSort.Verification.Shared.RearrangementLemmas transitive imports (legacy)",
       "d7ed03c9a15d7c22"],
      ["LeanSort.Verification.Shared.RearrangementLemmas:importAllArts",
       "6f622c80dc11b0f3"]]]]],
  ["libs",
   [["import dynlibs", "00000000000006bb"],
    ["package external libraries", "00000000000006bb"],
    ["module dynlibs", "00000000000006bb"],
    ["module plugins", "00000000000006bb"]]],
  ["Lean 4.34.0, commit 6a10ac8c22beadecabdbb0919c2b50214762f91d",
   "365244c167ac8c1d"],
  ["/Users/moqian/LeanSort/LeanSort/Verification/Insertion/Trace.lean",
   "9a6002c3aaa72ad4"],
  ["options", "00000000000006bb"],
  ["isModule: false", "feefd2a0d3a1847e"],
  ["Module.name: LeanSort.Verification.Insertion.Trace", "53e09a447df5e87e"],
  ["Package.id?: (some leansort)", "c099074cf6e8ec59"],
  ["Module.leanArgs: #[]", "00000000000006bb"]],
 "depHash": "64843086d48d4a57"}