{"synthetic": false,
 "schemaVersion": "2025-09-10",
 "outputs":
 {"o": ["0d3e5a2a11cbe937.olean"],
  "m": false,
  "i": "6fee0d5f300ab71c.ilean",
  "c": "2f3cc0ab4e949219.c"},
 "log":
 [{"message":
   ".> LEAN_PATH=/Users/moqian/LeanSort/.lake/packages/Cli/.lake/build/lib/lean:/Users/moqian/LeanSort/.lake/packages/batteries/.lake/build/lib/lean:/Users/moqian/LeanSort/.lake/packages/Qq/.lake/build/lib/lean:/Users/moqian/LeanSort/.lake/packages/aesop/.lake/build/lib/lean:/Users/moqian/LeanSort/.lake/packages/proofwidgets/.lake/build/lib/lean:/Users/moqian/LeanSort/.lake/packages/importGraph/.lake/build/lib/lean:/Users/moqian/LeanSort/.lake/packages/LeanSearchClient/.lake/build/lib/lean:/Users/moqian/LeanSort/.lake/packages/plausible/.lake/build/lib/lean:/Users/moqian/LeanSort/.lake/packages/mathlib/.lake/build/lib/lean:/Users/moqian/LeanSort/.lake/packages/cslib/.lake/build/lib/lean:/Users/moqian/LeanSort/.lake/build/lib/lean /Users/moqian/.elan/toolchains/leanprover--lean4---v4.34.0-rc2/bin/lean /Users/moqian/LeanSort/LeanSort/Verification/Merge/Complexity.lean -o /Users/moqian/LeanSort/.lake/build/lib/lean/LeanSort/Verification/Merge/Complexity.olean -i /Users/moqian/LeanSort/.lake/build/lib/lean/LeanSort/Verification/Merge/Complexity.ilean -c /Users/moqian/LeanSort/.lake/build/ir/LeanSort/Verification/Merge/Complexity.c --setup /Users/moqian/LeanSort/.lake/build/ir/LeanSort/Verification/Merge/Complexity.setup.json --json",
   "level": "trace"}],
 "inputs":
 [["deps",
   [["leansort/LeanSort:extraDep",
     [["@leansort:extraDep", "00000000000006bb"]]],
    ["imports",
     [["LeanSort.Verification.Merge.Cost transitive imports (legacy)",
       "545dd3c3dd067e7c"],
      ["LeanSort.Verification.Merge.Cost:importAllArts", "664d68c9a709dc1a"],
      ["Mathlib.Analysis.Asymptotics.Lemmas transitive imports (legacy)",
       "8337c7c07cbe69e2"],
      ["Mathlib.Analysis.Asymptotics.Lemmas:importAllArts", "653b3e367e072e60"],
      ["Mathlib.Analysis.SpecialFunctions.Log.Base transitive imports (legacy)",
       "b958d9e86a860c75"],
      ["Mathlib.Analysis.SpecialFunctions.Log.Base:importAllArts",
       "cc0da76d3e60f2f4"]]]]],
  ["libs",
   [["import dynlibs", "00000000000006bb"],
    ["package external libraries", "00000000000006bb"],
    ["module dynlibs", "00000000000006bb"],
    ["module plugins", "00000000000006bb"]]],
  ["Lean 4.34.0, commit 6a10ac8c22beadecabdbb0919c2b50214762f91d",
   "365244c167ac8c1d"],
  ["/Users/moqian/LeanSort/LeanSort/Verification/Merge/Complexity.lean",
   "7771707909b4ba52"],
  ["options", "00000000000006bb"],
  ["isModule: false", "feefd2a0d3a1847e"],
  ["Module.name: LeanSort.Verification.Merge.Complexity", "428047184f434bfc"],
  ["Package.id?: (some leansort)", "c099074cf6e8ec59"],
  ["Module.leanArgs: #[]", "00000000000006bb"]],
 "depHash": "77f6cd651e9a00a7"}