{"synthetic": false,
 "schemaVersion": "2025-09-10",
 "outputs":
 {"o": ["9b84b34b4bcb2483.olean"],
  "m": false,
  "i": "ababb56825f3bfc2.ilean",
  "c": "ec209cd542eb5adc.c"},
 "log":
 [{"message":
   ".> LEAN_PATH=/Users/moqian/LeanSort/.lake/packages/Cli/.lake/build/lib/lean:/Users/moqian/LeanSort/.lake/packages/batteries/.lake/build/lib/lean:/Users/moqian/LeanSort/.lake/packages/Qq/.lake/build/lib/lean:/Users/moqian/LeanSort/.lake/packages/aesop/.lake/build/lib/lean:/Users/moqian/LeanSort/.lake/packages/proofwidgets/.lake/build/lib/lean:/Users/moqian/LeanSort/.lake/packages/importGraph/.lake/build/lib/lean:/Users/moqian/LeanSort/.lake/packages/LeanSearchClient/.lake/build/lib/lean:/Users/moqian/LeanSort/.lake/packages/plausible/.lake/build/lib/lean:/Users/moqian/LeanSort/.lake/packages/mathlib/.lake/build/lib/lean:/Users/moqian/LeanSort/.lake/build/lib/lean /Users/moqian/.elan/toolchains/leanprover--lean4---v4.34.0-rc2/bin/lean /Users/moqian/LeanSort/LeanSort/Verification/Bubble/Complexity.lean -o /Users/moqian/LeanSort/.lake/build/lib/lean/LeanSort/Verification/Bubble/Complexity.olean -i /Users/moqian/LeanSort/.lake/build/lib/lean/LeanSort/Verification/Bubble/Complexity.ilean -c /Users/moqian/LeanSort/.lake/build/ir/LeanSort/Verification/Bubble/Complexity.c --setup /Users/moqian/LeanSort/.lake/build/ir/LeanSort/Verification/Bubble/Complexity.setup.json --json",
   "level": "trace"}],
 "inputs":
 [["deps",
   [["leansort/LeanSort:extraDep",
     [["@leansort:extraDep", "00000000000006bb"]]],
    ["imports",
     [["LeanSort.Verification.Bubble.Cost transitive imports (legacy)",
       "c5f5ad7377767117"],
      ["LeanSort.Verification.Bubble.Cost:importAllArts", "2d670410a53f232a"],
      ["Mathlib.Analysis.SpecialFunctions.Choose transitive imports (legacy)",
       "33ba4d200ab9d655"],
      ["Mathlib.Analysis.SpecialFunctions.Choose:importAllArts",
       "4fd04a8dd21ab257"]]]]],
  ["libs",
   [["import dynlibs", "00000000000006bb"],
    ["package external libraries", "00000000000006bb"],
    ["module dynlibs", "00000000000006bb"],
    ["module plugins", "00000000000006bb"]]],
  ["Lean 4.34.0, commit 6a10ac8c22beadecabdbb0919c2b50214762f91d",
   "365244c167ac8c1d"],
  ["/Users/moqian/LeanSort/LeanSort/Verification/Bubble/Complexity.lean",
   "9e3428e8679bc89c"],
  ["options", "00000000000006bb"],
  ["isModule: false", "feefd2a0d3a1847e"],
  ["Module.name: LeanSort.Verification.Bubble.Complexity", "d54e0fbdd09539d7"],
  ["Package.id?: (some leansort)", "c099074cf6e8ec59"],
  ["Module.leanArgs: #[]", "00000000000006bb"]],
 "depHash": "43ff98f072e7c488"}