{"synthetic": false,
 "schemaVersion": "2025-09-10",
 "outputs":
 {"o": ["b6d0f994e0d38a65.olean"],
  "m": false,
  "i": "720f5c87639682c0.ilean",
  "c": "d24cdad3b99f053f.c"},
 "log":
 [{"message":
   ".> LEAN_PATH=/Users/moqian/LeanSort/.lake/packages/Cli/.lake/build/lib/lean:/Users/moqian/LeanSort/.lake/packages/batteries/.lake/build/lib/lean:/Users/moqian/LeanSort/.lake/packages/Qq/.lake/build/lib/lean:/Users/moqian/LeanSort/.lake/packages/aesop/.lake/build/lib/lean:/Users/moqian/LeanSort/.lake/packages/proofwidgets/.lake/build/lib/lean:/Users/moqian/LeanSort/.lake/packages/importGraph/.lake/build/lib/lean:/Users/moqian/LeanSort/.lake/packages/LeanSearchClient/.lake/build/lib/lean:/Users/moqian/LeanSort/.lake/packages/plausible/.lake/build/lib/lean:/Users/moqian/LeanSort/.lake/packages/mathlib/.lake/build/lib/lean:/Users/moqian/LeanSort/.lake/packages/cslib/.lake/build/lib/lean:/Users/moqian/LeanSort/.lake/build/lib/lean /Users/moqian/.elan/toolchains/leanprover--lean4---v4.34.0-rc2/bin/lean /Users/moqian/LeanSort/LeanSort/Verification/Comparison/Bounds.lean -o /Users/moqian/LeanSort/.lake/build/lib/lean/LeanSort/Verification/Comparison/Bounds.olean -i /Users/moqian/LeanSort/.lake/build/lib/lean/LeanSort/Verification/Comparison/Bounds.ilean -c /Users/moqian/LeanSort/.lake/build/ir/LeanSort/Verification/Comparison/Bounds.c --setup /Users/moqian/LeanSort/.lake/build/ir/LeanSort/Verification/Comparison/Bounds.setup.json --json",
   "level": "trace"}],
 "inputs":
 [["deps",
   [["leansort/LeanSort:extraDep",
     [["@leansort:extraDep", "00000000000006bb"]]],
    ["imports",
     [["LeanSort.Verification.Comparison.Components transitive imports (legacy)",
       "da25c449fa92ca85"],
      ["LeanSort.Verification.Comparison.Components:importAllArts",
       "306621c9ff37fafa"],
      ["Mathlib.Tactic.Linarith transitive imports (legacy)",
       "2fcfb2e0c8a9b7c2"],
      ["Mathlib.Tactic.Linarith:importAllArts", "c70641f01b514bb2"]]]]],
  ["libs",
   [["import dynlibs", "00000000000006bb"],
    ["package external libraries", "00000000000006bb"],
    ["module dynlibs", "00000000000006bb"],
    ["module plugins", "00000000000006bb"]]],
  ["Lean 4.34.0, commit 6a10ac8c22beadecabdbb0919c2b50214762f91d",
   "365244c167ac8c1d"],
  ["/Users/moqian/LeanSort/LeanSort/Verification/Comparison/Bounds.lean",
   "0b7c87d0449cf4a5"],
  ["options", "00000000000006bb"],
  ["isModule: false", "feefd2a0d3a1847e"],
  ["Module.name: LeanSort.Verification.Comparison.Bounds", "41e79a2bf28bc314"],
  ["Package.id?: (some leansort)", "c099074cf6e8ec59"],
  ["Module.leanArgs: #[]", "00000000000006bb"]],
 "depHash": "88a254a7fc69a149"}