{"synthetic": false,
 "schemaVersion": "2025-09-10",
 "outputs":
 {"o": ["002fc6d5efcf90d7.olean"],
  "m": false,
  "i": "40cf17073fbdd940.ilean",
  "c": "2b8f2488d30e2b62.c"},
 "log":
 [{"message":
   ".> LEAN_PATH=/Users/moqian/LeanSort/.lake/packages/Cli/.lake/build/lib/lean:/Users/moqian/LeanSort/.lake/packages/batteries/.lake/build/lib/lean:/Users/moqian/LeanSort/.lake/packages/Qq/.lake/build/lib/lean:/Users/moqian/LeanSort/.lake/packages/aesop/.lake/build/lib/lean:/Users/moqian/LeanSort/.lake/packages/proofwidgets/.lake/build/lib/lean:/Users/moqian/LeanSort/.lake/packages/importGraph/.lake/build/lib/lean:/Users/moqian/LeanSort/.lake/packages/LeanSearchClient/.lake/build/lib/lean:/Users/moqian/LeanSort/.lake/packages/plausible/.lake/build/lib/lean:/Users/moqian/LeanSort/.lake/packages/mathlib/.lake/build/lib/lean:/Users/moqian/LeanSort/.lake/packages/cslib/.lake/build/lib/lean:/Users/moqian/LeanSort/.lake/build/lib/lean /Users/moqian/.elan/toolchains/leanprover--lean4---v4.34.0-rc2/bin/lean /Users/moqian/LeanSort/LeanSort/Verification/Comparison/Phases.lean -o /Users/moqian/LeanSort/.lake/build/lib/lean/LeanSort/Verification/Comparison/Phases.olean -i /Users/moqian/LeanSort/.lake/build/lib/lean/LeanSort/Verification/Comparison/Phases.ilean -c /Users/moqian/LeanSort/.lake/build/ir/LeanSort/Verification/Comparison/Phases.c --setup /Users/moqian/LeanSort/.lake/build/ir/LeanSort/Verification/Comparison/Phases.setup.json --json",
   "level": "trace"}],
 "inputs":
 [["deps",
   [["leansort/LeanSort:extraDep",
     [["@leansort:extraDep", "00000000000006bb"]]],
    ["imports",
     [["LeanSort.Verification.Comparison.Components transitive imports (legacy)",
       "da25c449fa92ca85"],
      ["LeanSort.Verification.Comparison.Components:importAllArts",
       "306621c9ff37fafa"]]]]],
  ["libs",
   [["import dynlibs", "00000000000006bb"],
    ["package external libraries", "00000000000006bb"],
    ["module dynlibs", "00000000000006bb"],
    ["module plugins", "00000000000006bb"]]],
  ["Lean 4.34.0, commit 6a10ac8c22beadecabdbb0919c2b50214762f91d",
   "365244c167ac8c1d"],
  ["/Users/moqian/LeanSort/LeanSort/Verification/Comparison/Phases.lean",
   "5790dc5479912616"],
  ["options", "00000000000006bb"],
  ["isModule: false", "feefd2a0d3a1847e"],
  ["Module.name: LeanSort.Verification.Comparison.Phases", "c80f1574adb4be24"],
  ["Package.id?: (some leansort)", "c099074cf6e8ec59"],
  ["Module.leanArgs: #[]", "00000000000006bb"]],
 "depHash": "5f7e3f0b3d3257a6"}