{"synthetic": false,
 "schemaVersion": "2025-09-10",
 "outputs":
 {"o": ["d626290e89c0ffb8.olean"],
  "m": false,
  "i": "cd6e2f909d75e5e5.ilean",
  "c": "97ea4130fbbdeb16.c"},
 "log":
 [{"message":
   ".> LEAN_PATH=/Users/moqian/LeanSort/.lake/packages/Cli/.lake/build/lib/lean:/Users/moqian/LeanSort/.lake/packages/batteries/.lake/build/lib/lean:/Users/moqian/LeanSort/.lake/packages/Qq/.lake/build/lib/lean:/Users/moqian/LeanSort/.lake/packages/aesop/.lake/build/lib/lean:/Users/moqian/LeanSort/.lake/packages/proofwidgets/.lake/build/lib/lean:/Users/moqian/LeanSort/.lake/packages/importGraph/.lake/build/lib/lean:/Users/moqian/LeanSort/.lake/packages/LeanSearchClient/.lake/build/lib/lean:/Users/moqian/LeanSort/.lake/packages/plausible/.lake/build/lib/lean:/Users/moqian/LeanSort/.lake/packages/mathlib/.lake/build/lib/lean:/Users/moqian/LeanSort/.lake/build/lib/lean /Users/moqian/.elan/toolchains/leanprover--lean4---v4.34.0-rc2/bin/lean /Users/moqian/LeanSort/LeanSort/InsertionSort/Property/ReducedWord.lean -o /Users/moqian/LeanSort/.lake/build/lib/lean/LeanSort/InsertionSort/Property/ReducedWord.olean -i /Users/moqian/LeanSort/.lake/build/lib/lean/LeanSort/InsertionSort/Property/ReducedWord.ilean -c /Users/moqian/LeanSort/.lake/build/ir/LeanSort/InsertionSort/Property/ReducedWord.c --setup /Users/moqian/LeanSort/.lake/build/ir/LeanSort/InsertionSort/Property/ReducedWord.setup.json --json",
   "level": "trace"}],
 "inputs":
 [["deps",
   [["leansort/LeanSort:extraDep",
     [["@leansort:extraDep", "00000000000006bb"]]],
    ["imports",
     [["LeanSort.InsertionSort.Property.Correctness transitive imports (legacy)",
       "1835daaadf1ba041"],
      ["LeanSort.InsertionSort.Property.Correctness:importAllArts",
       "128217e97c2c560c"]]]]],
  ["libs",
   [["import dynlibs", "00000000000006bb"],
    ["package external libraries", "00000000000006bb"],
    ["module dynlibs", "00000000000006bb"],
    ["module plugins", "00000000000006bb"]]],
  ["Lean 4.34.0, commit 6a10ac8c22beadecabdbb0919c2b50214762f91d",
   "365244c167ac8c1d"],
  ["/Users/moqian/LeanSort/LeanSort/InsertionSort/Property/ReducedWord.lean",
   "8f5cf174677f48d6"],
  ["options", "00000000000006bb"],
  ["isModule: false", "feefd2a0d3a1847e"],
  ["Module.name: LeanSort.InsertionSort.Property.ReducedWord",
   "fb2dccf82fa6d78f"],
  ["Package.id?: (some leansort)", "c099074cf6e8ec59"],
  ["Module.leanArgs: #[]", "00000000000006bb"]],
 "depHash": "ea8efc64d08b3e05"}