{"synthetic": false,
 "schemaVersion": "2025-09-10",
 "outputs":
 {"o": ["88d22fccbdab58eb.olean"],
  "m": false,
  "i": "5ccc91b7e41ccb55.ilean",
  "c": "dbce741b758c8f77.c"},
 "log":
 [{"message":
   ".> LEAN_PATH=/Users/moqian/LeanSort/.lake/packages/Cli/.lake/build/lib/lean:/Users/moqian/LeanSort/.lake/packages/batteries/.lake/build/lib/lean:/Users/moqian/LeanSort/.lake/packages/Qq/.lake/build/lib/lean:/Users/moqian/LeanSort/.lake/packages/aesop/.lake/build/lib/lean:/Users/moqian/LeanSort/.lake/packages/proofwidgets/.lake/build/lib/lean:/Users/moqian/LeanSort/.lake/packages/importGraph/.lake/build/lib/lean:/Users/moqian/LeanSort/.lake/packages/LeanSearchClient/.lake/build/lib/lean:/Users/moqian/LeanSort/.lake/packages/plausible/.lake/build/lib/lean:/Users/moqian/LeanSort/.lake/packages/mathlib/.lake/build/lib/lean:/Users/moqian/LeanSort/.lake/packages/cslib/.lake/build/lib/lean:/Users/moqian/LeanSort/.lake/build/lib/lean /Users/moqian/.elan/toolchains/leanprover--lean4---v4.34.0-rc2/bin/lean /Users/moqian/LeanSort/LeanSort/Verification/RunAdaptive/Checks.lean -o /Users/moqian/LeanSort/.lake/build/lib/lean/LeanSort/Verification/RunAdaptive/Checks.olean -i /Users/moqian/LeanSort/.lake/build/lib/lean/LeanSort/Verification/RunAdaptive/Checks.ilean -c /Users/moqian/LeanSort/.lake/build/ir/LeanSort/Verification/RunAdaptive/Checks.c --setup /Users/moqian/LeanSort/.lake/build/ir/LeanSort/Verification/RunAdaptive/Checks.setup.json --json",
   "level": "trace"}],
 "inputs":
 [["deps",
   [["leansort/LeanSort:extraDep",
     [["@leansort:extraDep", "00000000000006bb"]]],
    ["imports",
     [["LeanSort.Verification.RunAdaptive.Complexity transitive imports (legacy)",
       "0494a2844a852c20"],
      ["LeanSort.Verification.RunAdaptive.Complexity:importAllArts",
       "a30831ab8a360c80"],
      ["LeanSort.Verification.RunAdaptive.Structure transitive imports (legacy)",
       "389392b906bca9eb"],
      ["LeanSort.Verification.RunAdaptive.Structure:importAllArts",
       "1fc043251e349025"]]]]],
  ["libs",
   [["import dynlibs", "00000000000006bb"],
    ["package external libraries", "00000000000006bb"],
    ["module dynlibs", "00000000000006bb"],
    ["module plugins", "00000000000006bb"]]],
  ["Lean 4.34.0, commit 6a10ac8c22beadecabdbb0919c2b50214762f91d",
   "365244c167ac8c1d"],
  ["/Users/moqian/LeanSort/LeanSort/Verification/RunAdaptive/Checks.lean",
   "2b5ab5dba89e9a99"],
  ["options", "00000000000006bb"],
  ["isModule: false", "feefd2a0d3a1847e"],
  ["Module.name: LeanSort.Verification.RunAdaptive.Checks", "6a447a6371f5e766"],
  ["Package.id?: (some leansort)", "c099074cf6e8ec59"],
  ["Module.leanArgs: #[]", "00000000000006bb"]],
 "depHash": "a8a8bbd8777371c1"}