{"synthetic": false,
 "schemaVersion": "2025-09-10",
 "outputs":
 {"o": ["948d7fb074fafeb7.olean"],
  "m": false,
  "i": "e6d5d7e4a7e7623a.ilean",
  "c": "d1d1188eea8d9df6.c"},
 "log":
 [{"message":
   ".> LEAN_PATH=/Users/moqian/LeanSort/.lake/packages/Cli/.lake/build/lib/lean:/Users/moqian/LeanSort/.lake/packages/batteries/.lake/build/lib/lean:/Users/moqian/LeanSort/.lake/packages/Qq/.lake/build/lib/lean:/Users/moqian/LeanSort/.lake/packages/aesop/.lake/build/lib/lean:/Users/moqian/LeanSort/.lake/packages/proofwidgets/.lake/build/lib/lean:/Users/moqian/LeanSort/.lake/packages/importGraph/.lake/build/lib/lean:/Users/moqian/LeanSort/.lake/packages/LeanSearchClient/.lake/build/lib/lean:/Users/moqian/LeanSort/.lake/packages/plausible/.lake/build/lib/lean:/Users/moqian/LeanSort/.lake/packages/mathlib/.lake/build/lib/lean:/Users/moqian/LeanSort/.lake/packages/cslib/.lake/build/lib/lean:/Users/moqian/LeanSort/.lake/build/lib/lean /Users/moqian/.elan/toolchains/leanprover--lean4---v4.34.0-rc2/bin/lean /Users/moqian/LeanSort/LeanSort/Verification/RunAdaptive/Discovery.lean -o /Users/moqian/LeanSort/.lake/build/lib/lean/LeanSort/Verification/RunAdaptive/Discovery.olean -i /Users/moqian/LeanSort/.lake/build/lib/lean/LeanSort/Verification/RunAdaptive/Discovery.ilean -c /Users/moqian/LeanSort/.lake/build/ir/LeanSort/Verification/RunAdaptive/Discovery.c --setup /Users/moqian/LeanSort/.lake/build/ir/LeanSort/Verification/RunAdaptive/Discovery.setup.json --json",
   "level": "trace"}],
 "inputs":
 [["deps",
   [["leansort/LeanSort:extraDep",
     [["@leansort:extraDep", "00000000000006bb"]]],
    ["imports",
     [["LeanSort.Algorithm.RunDiscovery transitive imports (legacy)",
       "9d17e57a5ace2267"],
      ["LeanSort.Algorithm.RunDiscovery:importAllArts", "05a7346cc0932bbd"],
      ["LeanSort.Model.MergeTree transitive imports (legacy)",
       "2786f3ade00d73e7"],
      ["LeanSort.Model.MergeTree:importAllArts", "b6ecc5e92edb92c1"],
      ["LeanSort.Verification.Comparison.Phases transitive imports (legacy)",
       "fdc607d65b8b948f"],
      ["LeanSort.Verification.Comparison.Phases:importAllArts",
       "551e3524f62cee5f"]]]]],
  ["libs",
   [["import dynlibs", "00000000000006bb"],
    ["package external libraries", "00000000000006bb"],
    ["module dynlibs", "00000000000006bb"],
    ["module plugins", "00000000000006bb"]]],
  ["Lean 4.34.0, commit 6a10ac8c22beadecabdbb0919c2b50214762f91d",
   "365244c167ac8c1d"],
  ["/Users/moqian/LeanSort/LeanSort/Verification/RunAdaptive/Discovery.lean",
   "aaeb9ee886d70980"],
  ["options", "00000000000006bb"],
  ["isModule: false", "feefd2a0d3a1847e"],
  ["Module.name: LeanSort.Verification.RunAdaptive.Discovery",
   "79f3d14463a7cd07"],
  ["Package.id?: (some leansort)", "c099074cf6e8ec59"],
  ["Module.leanArgs: #[]", "00000000000006bb"]],
 "depHash": "c47694066ad138c3"}