{"synthetic": false,
 "schemaVersion": "2025-09-10",
 "outputs":
 {"o": ["33f657f93ffd8719.olean"],
  "m": false,
  "i": "6150be6db68d6aa8.ilean",
  "c": "75486a395a3ecf65.c"},
 "log":
 [{"message":
   ".> LEAN_PATH=/Users/moqian/LeanSort/.lake/packages/Cli/.lake/build/lib/lean:/Users/moqian/LeanSort/.lake/packages/batteries/.lake/build/lib/lean:/Users/moqian/LeanSort/.lake/packages/Qq/.lake/build/lib/lean:/Users/moqian/LeanSort/.lake/packages/aesop/.lake/build/lib/lean:/Users/moqian/LeanSort/.lake/packages/proofwidgets/.lake/build/lib/lean:/Users/moqian/LeanSort/.lake/packages/importGraph/.lake/build/lib/lean:/Users/moqian/LeanSort/.lake/packages/LeanSearchClient/.lake/build/lib/lean:/Users/moqian/LeanSort/.lake/packages/plausible/.lake/build/lib/lean:/Users/moqian/LeanSort/.lake/packages/mathlib/.lake/build/lib/lean:/Users/moqian/LeanSort/.lake/packages/cslib/.lake/build/lib/lean:/Users/moqian/LeanSort/.lake/build/lib/lean /Users/moqian/.elan/toolchains/leanprover--lean4---v4.34.0-rc2/bin/lean /Users/moqian/LeanSort/LeanSort/Verification/RunAdaptive/Strategy.lean -o /Users/moqian/LeanSort/.lake/build/lib/lean/LeanSort/Verification/RunAdaptive/Strategy.olean -i /Users/moqian/LeanSort/.lake/build/lib/lean/LeanSort/Verification/RunAdaptive/Strategy.ilean -c /Users/moqian/LeanSort/.lake/build/ir/LeanSort/Verification/RunAdaptive/Strategy.c --setup /Users/moqian/LeanSort/.lake/build/ir/LeanSort/Verification/RunAdaptive/Strategy.setup.json --json",
   "level": "trace"}],
 "inputs":
 [["deps",
   [["leansort/LeanSort:extraDep",
     [["@leansort:extraDep", "00000000000006bb"]]],
    ["imports",
     [["LeanSort.Algorithm.RunStrategy transitive imports (legacy)",
       "20a673ae6571fee3"],
      ["LeanSort.Algorithm.RunStrategy:importAllArts", "2fae3172d462dc7c"],
      ["LeanSort.Verification.RunAdaptive.Checks transitive imports (legacy)",
       "9a959da103eb9448"],
      ["LeanSort.Verification.RunAdaptive.Checks:importAllArts",
       "3cbddeb9ae9fae4b"],
      ["LeanSort.Verification.CostedPlan.ChecksCost transitive imports (legacy)",
       "f275df7c2a456c98"],
      ["LeanSort.Verification.CostedPlan.ChecksCost:importAllArts",
       "fe48c2734ff252f3"]]]]],
  ["libs",
   [["import dynlibs", "00000000000006bb"],
    ["package external libraries", "00000000000006bb"],
    ["module dynlibs", "00000000000006bb"],
    ["module plugins", "00000000000006bb"]]],
  ["Lean 4.34.0, commit 6a10ac8c22beadecabdbb0919c2b50214762f91d",
   "365244c167ac8c1d"],
  ["/Users/moqian/LeanSort/LeanSort/Verification/RunAdaptive/Strategy.lean",
   "90dd2038f6f68381"],
  ["options", "00000000000006bb"],
  ["isModule: false", "feefd2a0d3a1847e"],
  ["Module.name: LeanSort.Verification.RunAdaptive.Strategy",
   "107f0790aee44344"],
  ["Package.id?: (some leansort)", "c099074cf6e8ec59"],
  ["Module.leanArgs: #[]", "00000000000006bb"]],
 "depHash": "889519b01a54e000"}