{"synthetic": false,
 "schemaVersion": "2025-09-10",
 "outputs":
 {"o": ["910e4ac4bbdfd76b.olean"],
  "m": false,
  "i": "3b1158ef6e03126f.ilean",
  "c": "77ee58ec51e0055e.c"},
 "log":
 [{"message":
   ".> LEAN_PATH=/Users/moqian/LeanSort/.lake/packages/Cli/.lake/build/lib/lean:/Users/moqian/LeanSort/.lake/packages/batteries/.lake/build/lib/lean:/Users/moqian/LeanSort/.lake/packages/Qq/.lake/build/lib/lean:/Users/moqian/LeanSort/.lake/packages/aesop/.lake/build/lib/lean:/Users/moqian/LeanSort/.lake/packages/proofwidgets/.lake/build/lib/lean:/Users/moqian/LeanSort/.lake/packages/importGraph/.lake/build/lib/lean:/Users/moqian/LeanSort/.lake/packages/LeanSearchClient/.lake/build/lib/lean:/Users/moqian/LeanSort/.lake/packages/plausible/.lake/build/lib/lean:/Users/moqian/LeanSort/.lake/packages/mathlib/.lake/build/lib/lean:/Users/moqian/LeanSort/.lake/build/lib/lean /Users/moqian/.elan/toolchains/leanprover--lean4---v4.34.0-rc2/bin/lean /Users/moqian/LeanSort/LeanSort/Verification/Bubble/Correctness.lean -o /Users/moqian/LeanSort/.lake/build/lib/lean/LeanSort/Verification/Bubble/Correctness.olean -i /Users/moqian/LeanSort/.lake/build/lib/lean/LeanSort/Verification/Bubble/Correctness.ilean -c /Users/moqian/LeanSort/.lake/build/ir/LeanSort/Verification/Bubble/Correctness.c --setup /Users/moqian/LeanSort/.lake/build/ir/LeanSort/Verification/Bubble/Correctness.setup.json --json",
   "level": "trace"}],
 "inputs":
 [["deps",
   [["leansort/LeanSort:extraDep",
     [["@leansort:extraDep", "00000000000006bb"]]],
    ["imports",
     [["LeanSort.Model.SortingResult transitive imports (legacy)",
       "b3d7a295e7ee80c6"],
      ["LeanSort.Model.SortingResult:importAllArts", "ba0c5035a6dc7f2e"],
      ["LeanSort.Verification.Bubble.Equations transitive imports (legacy)",
       "327a1aec0dc9e96c"],
      ["LeanSort.Verification.Bubble.Equations:importAllArts",
       "c369036341a0140d"]]]]],
  ["libs",
   [["import dynlibs", "00000000000006bb"],
    ["package external libraries", "00000000000006bb"],
    ["module dynlibs", "00000000000006bb"],
    ["module plugins", "00000000000006bb"]]],
  ["Lean 4.34.0, commit 6a10ac8c22beadecabdbb0919c2b50214762f91d",
   "365244c167ac8c1d"],
  ["/Users/moqian/LeanSort/LeanSort/Verification/Bubble/Correctness.lean",
   "a17a5aa55acaf4fe"],
  ["options", "00000000000006bb"],
  ["isModule: false", "feefd2a0d3a1847e"],
  ["Module.name: LeanSort.Verification.Bubble.Correctness", "91bad440d4aac6c0"],
  ["Package.id?: (some leansort)", "c099074cf6e8ec59"],
  ["Module.leanArgs: #[]", "00000000000006bb"]],
 "depHash": "9048b9d8d8d3e4a5"}