{"synthetic": false,
 "schemaVersion": "2025-09-10",
 "outputs":
 {"o": ["336d40e14f312220.olean"],
  "m": false,
  "i": "0e59350c5d6205c9.ilean",
  "c": "8b0c50cca28e029e.c"},
 "log":
 [{"message":
   ".> LEAN_PATH=/Users/moqian/LeanSort/.lake/packages/Cli/.lake/build/lib/lean:/Users/moqian/LeanSort/.lake/packages/batteries/.lake/build/lib/lean:/Users/moqian/LeanSort/.lake/packages/Qq/.lake/build/lib/lean:/Users/moqian/LeanSort/.lake/packages/aesop/.lake/build/lib/lean:/Users/moqian/LeanSort/.lake/packages/proofwidgets/.lake/build/lib/lean:/Users/moqian/LeanSort/.lake/packages/importGraph/.lake/build/lib/lean:/Users/moqian/LeanSort/.lake/packages/LeanSearchClient/.lake/build/lib/lean:/Users/moqian/LeanSort/.lake/packages/plausible/.lake/build/lib/lean:/Users/moqian/LeanSort/.lake/packages/mathlib/.lake/build/lib/lean:/Users/moqian/LeanSort/.lake/packages/cslib/.lake/build/lib/lean:/Users/moqian/LeanSort/.lake/build/lib/lean /Users/moqian/.elan/toolchains/leanprover--lean4---v4.34.0-rc2/bin/lean /Users/moqian/LeanSort/LeanSort/Verification/CostedPlan/Complexity.lean -o /Users/moqian/LeanSort/.lake/build/lib/lean/LeanSort/Verification/CostedPlan/Complexity.olean -i /Users/moqian/LeanSort/.lake/build/lib/lean/LeanSort/Verification/CostedPlan/Complexity.ilean -c /Users/moqian/LeanSort/.lake/build/ir/LeanSort/Verification/CostedPlan/Complexity.c --setup /Users/moqian/LeanSort/.lake/build/ir/LeanSort/Verification/CostedPlan/Complexity.setup.json --json",
   "level": "trace"}],
 "inputs":
 [["deps",
   [["leansort/LeanSort:extraDep",
     [["@leansort:extraDep", "00000000000006bb"]]],
    ["imports",
     [["LeanSort.Verification.CostedPlan.Cost transitive imports (legacy)",
       "1fd87196a12e2e67"],
      ["LeanSort.Verification.CostedPlan.Cost:importAllArts",
       "3fb458842971910e"],
      ["LeanSort.Verification.Comparison.Bounds transitive imports (legacy)",
       "fd3c413a9503785b"],
      ["LeanSort.Verification.Comparison.Bounds:importAllArts",
       "b559cc726ef963a6"],
      ["LeanSort.Verification.Merge.Complexity transitive imports (legacy)",
       "41b7ec6875f83446"],
      ["LeanSort.Verification.Merge.Complexity:importAllArts",
       "ca4d079c55811664"]]]]],
  ["libs",
   [["import dynlibs", "00000000000006bb"],
    ["package external libraries", "00000000000006bb"],
    ["module dynlibs", "00000000000006bb"],
    ["module plugins", "00000000000006bb"]]],
  ["Lean 4.34.0, commit 6a10ac8c22beadecabdbb0919c2b50214762f91d",
   "365244c167ac8c1d"],
  ["/Users/moqian/LeanSort/LeanSort/Verification/CostedPlan/Complexity.lean",
   "0519345117e7338f"],
  ["options", "00000000000006bb"],
  ["isModule: false", "feefd2a0d3a1847e"],
  ["Module.name: LeanSort.Verification.CostedPlan.Complexity",
   "70bd918d7a995045"],
  ["Package.id?: (some leansort)", "c099074cf6e8ec59"],
  ["Module.leanArgs: #[]", "00000000000006bb"]],
 "depHash": "ed51a38b51f38c60"}