{"synthetic": false,
 "schemaVersion": "2025-09-10",
 "outputs":
 {"o": ["26012ee5b3bee22d.olean"],
  "m": false,
  "i": "5ade408936fdc583.ilean",
  "c": "2bccf96abf59abb6.c"},
 "log":
 [{"message":
   ".> LEAN_PATH=/Users/moqian/LeanSort/.lake/packages/Cli/.lake/build/lib/lean:/Users/moqian/LeanSort/.lake/packages/batteries/.lake/build/lib/lean:/Users/moqian/LeanSort/.lake/packages/Qq/.lake/build/lib/lean:/Users/moqian/LeanSort/.lake/packages/aesop/.lake/build/lib/lean:/Users/moqian/LeanSort/.lake/packages/proofwidgets/.lake/build/lib/lean:/Users/moqian/LeanSort/.lake/packages/importGraph/.lake/build/lib/lean:/Users/moqian/LeanSort/.lake/packages/LeanSearchClient/.lake/build/lib/lean:/Users/moqian/LeanSort/.lake/packages/plausible/.lake/build/lib/lean:/Users/moqian/LeanSort/.lake/packages/mathlib/.lake/build/lib/lean:/Users/moqian/LeanSort/.lake/packages/cslib/.lake/build/lib/lean:/Users/moqian/LeanSort/.lake/build/lib/lean /Users/moqian/.elan/toolchains/leanprover--lean4---v4.34.0-rc2/bin/lean /Users/moqian/LeanSort/LeanSort/Verification/Semantics/Adapters.lean -o /Users/moqian/LeanSort/.lake/build/lib/lean/LeanSort/Verification/Semantics/Adapters.olean -i /Users/moqian/LeanSort/.lake/build/lib/lean/LeanSort/Verification/Semantics/Adapters.ilean -c /Users/moqian/LeanSort/.lake/build/ir/LeanSort/Verification/Semantics/Adapters.c --setup /Users/moqian/LeanSort/.lake/build/ir/LeanSort/Verification/Semantics/Adapters.setup.json --json",
   "level": "trace"}],
 "inputs":
 [["deps",
   [["leansort/LeanSort:extraDep",
     [["@leansort:extraDep", "00000000000006bb"]]],
    ["imports",
     [["LeanSort.Semantics.Adapters transitive imports (legacy)",
       "51c7c9c9d263cc6b"],
      ["LeanSort.Semantics.Adapters:importAllArts", "4c7a51a5afe40796"],
      ["LeanSort.Verification.Semantics.Basic transitive imports (legacy)",
       "bea606c408d39f93"],
      ["LeanSort.Verification.Semantics.Basic:importAllArts",
       "75381b4c94c5a1f3"],
      ["LeanSort.Verification.Insertion.Trace transitive imports (legacy)",
       "cdf7bc77eb98ecb7"],
      ["LeanSort.Verification.Insertion.Trace:importAllArts",
       "18e108c4fed23384"],
      ["LeanSort.Verification.Bubble.Trace transitive imports (legacy)",
       "034c1422764c1a5a"],
      ["LeanSort.Verification.Bubble.Trace:importAllArts", "04ae0469fcdd7dbd"],
      ["LeanSort.Verification.Selection.Trace transitive imports (legacy)",
       "eed1b1cba2851b88"],
      ["LeanSort.Verification.Selection.Trace:importAllArts",
       "693b10d40adbc930"],
      ["LeanSort.Verification.Insertion.Cost transitive imports (legacy)",
       "564449d46dd28eb8"],
      ["LeanSort.Verification.Insertion.Cost:importAllArts",
       "84d1afb89c2bb9b2"],
      ["LeanSort.Verification.Bubble.Cost transitive imports (legacy)",
       "c5f5ad7377767117"],
      ["LeanSort.Verification.Bubble.Cost:importAllArts", "2d670410a53f232a"],
      ["LeanSort.Verification.Selection.Cost transitive imports (legacy)",
       "eed1b1cba2851b88"],
      ["LeanSort.Verification.Selection.Cost:importAllArts",
       "00235a6b82165863"]]]]],
  ["libs",
   [["import dynlibs", "00000000000006bb"],
    ["package external libraries", "00000000000006bb"],
    ["module dynlibs", "00000000000006bb"],
    ["module plugins", "00000000000006bb"]]],
  ["Lean 4.34.0, commit 6a10ac8c22beadecabdbb0919c2b50214762f91d",
   "365244c167ac8c1d"],
  ["/Users/moqian/LeanSort/LeanSort/Verification/Semantics/Adapters.lean",
   "673f479454f9a589"],
  ["options", "00000000000006bb"],
  ["isModule: false", "feefd2a0d3a1847e"],
  ["Module.name: LeanSort.Verification.Semantics.Adapters", "7804165a255af721"],
  ["Package.id?: (some leansort)", "c099074cf6e8ec59"],
  ["Module.leanArgs: #[]", "00000000000006bb"]],
 "depHash": "cbe56b1ec47ba449"}