{"synthetic": false,
 "schemaVersion": "2025-09-10",
 "outputs":
 {"o": ["e00f1cf045551b06.olean"],
  "m": false,
  "i": "3cef0242c085876c.ilean",
  "c": "3debed289a250d07.c"},
 "log":
 [{"message":
   ".> LEAN_PATH=/Users/moqian/LeanSort/.lake/packages/Cli/.lake/build/lib/lean:/Users/moqian/LeanSort/.lake/packages/batteries/.lake/build/lib/lean:/Users/moqian/LeanSort/.lake/packages/Qq/.lake/build/lib/lean:/Users/moqian/LeanSort/.lake/packages/aesop/.lake/build/lib/lean:/Users/moqian/LeanSort/.lake/packages/proofwidgets/.lake/build/lib/lean:/Users/moqian/LeanSort/.lake/packages/importGraph/.lake/build/lib/lean:/Users/moqian/LeanSort/.lake/packages/LeanSearchClient/.lake/build/lib/lean:/Users/moqian/LeanSort/.lake/packages/plausible/.lake/build/lib/lean:/Users/moqian/LeanSort/.lake/packages/mathlib/.lake/build/lib/lean:/Users/moqian/LeanSort/.lake/packages/cslib/.lake/build/lib/lean:/Users/moqian/LeanSort/.lake/build/lib/lean /Users/moqian/.elan/toolchains/leanprover--lean4---v4.34.0-rc2/bin/lean /Users/moqian/LeanSort/LeanSort/Algorithm/LearnedSelection/Candidates.lean -o /Users/moqian/LeanSort/.lake/build/lib/lean/LeanSort/Algorithm/LearnedSelection/Candidates.olean -i /Users/moqian/LeanSort/.lake/build/lib/lean/LeanSort/Algorithm/LearnedSelection/Candidates.ilean -c /Users/moqian/LeanSort/.lake/build/ir/LeanSort/Algorithm/LearnedSelection/Candidates.c --setup /Users/moqian/LeanSort/.lake/build/ir/LeanSort/Algorithm/LearnedSelection/Candidates.setup.json --json",
   "level": "trace"}],
 "inputs":
 [["deps",
   [["leansort/LeanSort:extraDep",
     [["@leansort:extraDep", "00000000000006bb"]]],
    ["imports",
     [["LeanSort.Algorithm.Direct.Profile transitive imports (legacy)",
       "0c4b92ff935e51ba"],
      ["LeanSort.Algorithm.Direct.Profile:importAllArts",
       "8da7f9dba5086134"]]]]],
  ["libs",
   [["import dynlibs", "00000000000006bb"],
    ["package external libraries", "00000000000006bb"],
    ["module dynlibs", "00000000000006bb"],
    ["module plugins", "00000000000006bb"]]],
  ["Lean 4.34.0, commit 6a10ac8c22beadecabdbb0919c2b50214762f91d",
   "365244c167ac8c1d"],
  ["/Users/moqian/LeanSort/LeanSort/Algorithm/LearnedSelection/Candidates.lean",
   "a857fd767f5fafdd"],
  ["options", "00000000000006bb"],
  ["isModule: false", "feefd2a0d3a1847e"],
  ["Module.name: LeanSort.Algorithm.LearnedSelection.Candidates",
   "a511c6fa1949122a"],
  ["Package.id?: (some leansort)", "c099074cf6e8ec59"],
  ["Module.leanArgs: #[]", "00000000000006bb"]],
 "depHash": "4c17e95d3b2bf7af"}