{"synthetic": false,
 "schemaVersion": "2025-09-10",
 "outputs":
 {"o": ["8c9220e8dfe5858f.olean"],
  "m": false,
  "i": "68de5b0b3314eaa4.ilean",
  "c": "55115a55fca0ffb7.c"},
 "log":
 [{"message":
   ".> LEAN_PATH=/Users/moqian/LeanSort/.lake/packages/Cli/.lake/build/lib/lean:/Users/moqian/LeanSort/.lake/packages/batteries/.lake/build/lib/lean:/Users/moqian/LeanSort/.lake/packages/Qq/.lake/build/lib/lean:/Users/moqian/LeanSort/.lake/packages/aesop/.lake/build/lib/lean:/Users/moqian/LeanSort/.lake/packages/proofwidgets/.lake/build/lib/lean:/Users/moqian/LeanSort/.lake/packages/importGraph/.lake/build/lib/lean:/Users/moqian/LeanSort/.lake/packages/LeanSearchClient/.lake/build/lib/lean:/Users/moqian/LeanSort/.lake/packages/plausible/.lake/build/lib/lean:/Users/moqian/LeanSort/.lake/packages/mathlib/.lake/build/lib/lean:/Users/moqian/LeanSort/.lake/build/lib/lean /Users/moqian/.elan/toolchains/leanprover--lean4---v4.34.0-rc2/bin/lean /Users/moqian/LeanSort/LeanSort/Property/Correctness.lean -o /Users/moqian/LeanSort/.lake/build/lib/lean/LeanSort/Property/Correctness.olean -i /Users/moqian/LeanSort/.lake/build/lib/lean/LeanSort/Property/Correctness.ilean -c /Users/moqian/LeanSort/.lake/build/ir/LeanSort/Property/Correctness.c --setup /Users/moqian/LeanSort/.lake/build/ir/LeanSort/Property/Correctness.setup.json --json",
   "level": "trace"}],
 "inputs":
 [["deps",
   [["leansort/LeanSort:extraDep",
     [["@leansort:extraDep", "00000000000006bb"]]],
    ["imports",
     [["LeanSort.Algorithm.InsertionSort transitive imports (legacy)",
       "b3d7a295e7ee80c6"],
      ["LeanSort.Algorithm.InsertionSort:importAllArts",
       "d752b16e1ca91819"]]]]],
  ["libs",
   [["import dynlibs", "00000000000006bb"],
    ["package external libraries", "00000000000006bb"],
    ["module dynlibs", "00000000000006bb"],
    ["module plugins", "00000000000006bb"]]],
  ["Lean 4.34.0, commit 6a10ac8c22beadecabdbb0919c2b50214762f91d",
   "365244c167ac8c1d"],
  ["/Users/moqian/LeanSort/LeanSort/Property/Correctness.lean",
   "d132e312497030fc"],
  ["options", "00000000000006bb"],
  ["isModule: false", "feefd2a0d3a1847e"],
  ["Module.name: LeanSort.Property.Correctness", "6e24dc3f79c4de88"],
  ["Package.id?: (some leansort)", "c099074cf6e8ec59"],
  ["Module.leanArgs: #[]", "00000000000006bb"]],
 "depHash": "a3e2e8f6319adf2f"}