{"synthetic": false,
 "schemaVersion": "2025-09-10",
 "outputs":
 {"o": ["c4572d65e11d335a.olean"],
  "m": false,
  "i": "ec1a61ccc087aa73.ilean",
  "c": "4c4c577ab8e4ef10.c"},
 "log":
 [{"message":
   ".> LEAN_PATH=/Users/moqian/LeanSort/.lake/packages/Cli/.lake/build/lib/lean:/Users/moqian/LeanSort/.lake/packages/batteries/.lake/build/lib/lean:/Users/moqian/LeanSort/.lake/packages/Qq/.lake/build/lib/lean:/Users/moqian/LeanSort/.lake/packages/aesop/.lake/build/lib/lean:/Users/moqian/LeanSort/.lake/packages/proofwidgets/.lake/build/lib/lean:/Users/moqian/LeanSort/.lake/packages/importGraph/.lake/build/lib/lean:/Users/moqian/LeanSort/.lake/packages/LeanSearchClient/.lake/build/lib/lean:/Users/moqian/LeanSort/.lake/packages/plausible/.lake/build/lib/lean:/Users/moqian/LeanSort/.lake/packages/mathlib/.lake/build/lib/lean:/Users/moqian/LeanSort/.lake/packages/cslib/.lake/build/lib/lean:/Users/moqian/LeanSort/.lake/build/lib/lean /Users/moqian/.elan/toolchains/leanprover--lean4---v4.34.0-rc2/bin/lean /Users/moqian/LeanSort/LeanSort/Property/Sorting.lean -o /Users/moqian/LeanSort/.lake/build/lib/lean/LeanSort/Property/Sorting.olean -i /Users/moqian/LeanSort/.lake/build/lib/lean/LeanSort/Property/Sorting.ilean -c /Users/moqian/LeanSort/.lake/build/ir/LeanSort/Property/Sorting.c --setup /Users/moqian/LeanSort/.lake/build/ir/LeanSort/Property/Sorting.setup.json --json",
   "level": "trace"}],
 "inputs":
 [["deps",
   [["leansort/LeanSort:extraDep",
     [["@leansort:extraDep", "00000000000006bb"]]],
    ["imports",
     [["LeanSort.Property.Basic transitive imports (legacy)",
       "00000000000006bb"],
      ["LeanSort.Property.Basic:importAllArts", "15faf8eb43bbc2e1"],
      ["LeanSort.Model.SortingResult transitive imports (legacy)",
       "b3d7a295e7ee80c6"],
      ["LeanSort.Model.SortingResult:importAllArts", "ba0c5035a6dc7f2e"]]]]],
  ["libs",
   [["import dynlibs", "00000000000006bb"],
    ["package external libraries", "00000000000006bb"],
    ["module dynlibs", "00000000000006bb"],
    ["module plugins", "00000000000006bb"]]],
  ["Lean 4.34.0, commit 6a10ac8c22beadecabdbb0919c2b50214762f91d",
   "365244c167ac8c1d"],
  ["/Users/moqian/LeanSort/LeanSort/Property/Sorting.lean", "8892a8ead1ad73a7"],
  ["options", "00000000000006bb"],
  ["isModule: false", "feefd2a0d3a1847e"],
  ["Module.name: LeanSort.Property.Sorting", "b81ecbfb54a64352"],
  ["Package.id?: (some leansort)", "c099074cf6e8ec59"],
  ["Module.leanArgs: #[]", "00000000000006bb"]],
 "depHash": "4ea466a5467bc2a6"}