'LeanSort.LearnedSelection.dispatch_correct' depends on axioms: [propext, Classical.choice, Quot.sound]
'LeanSort.LearnedSelection.arbitrary_selector_correct' depends on axioms: [propext, Classical.choice, Quot.sound]
'LeanSort.LearnedSelection.run_correct' depends on axioms: [propext, Classical.choice, Quot.sound]
'LeanSort.LearnedSelection.fallback_correct' depends on axioms: [propext, Classical.choice, Quot.sound]
'LeanSort.LearnedSelection.invalid_fallback' depends on axioms: [propext, Classical.choice, Quot.sound]
'LeanSort.LearnedSelection.kernel_bound' depends on axioms: [propext, Classical.choice, Quot.sound]
'LeanSort.LearnedSelection.kernel_execution' depends on axioms: [propext, Classical.choice, Quot.sound]
'LeanSort.LearnedSelection.certificate' depends on axioms: [propext, Classical.choice, Quot.sound]
'LeanSort.LearnedSelection.feature_counted_refines' depends on axioms: [propext, Quot.sound]
'LeanSort.LearnedSelection.feature_plain_refines' depends on axioms: [propext, Quot.sound]
'LeanSort.LearnedSelection.features_agree' depends on axioms: [propext, Quot.sound]
'LeanSort.LearnedSelection.selection_eval' depends on axioms: [propext, Classical.choice, Quot.sound]
'LeanSort.LearnedSelection.selection_execution' depends on axioms: [propext, Classical.choice, Quot.sound]
'LeanSort.LearnedSelection.selection_bound' depends on axioms: [propext, Classical.choice, Quot.sound]
'LeanSort.LearnedSelection.feature_step_cost' depends on axioms: [propext]
'LeanSort.LearnedSelection.feature_fold_cost' depends on axioms: [propext]
'LeanSort.LearnedSelection.feature_cost' depends on axioms: [propext, Quot.sound]
'LeanSort.LearnedSelection.probePairs_length_le' depends on axioms: [propext]
'LeanSort.LearnedSelection.feature_cost_le' depends on axioms: [propext, Quot.sound]
'LeanSort.LearnedSelection.selection_bound_80' depends on axioms: [propext, Classical.choice, Quot.sound]
'LeanSort.Direct.run_counted_eq' depends on axioms: [propext, Classical.choice, Quot.sound]
'LeanSort.Direct.correct' depends on axioms: [propext, Classical.choice, Quot.sound]
'LeanSort.Direct.cost_bound' depends on axioms: [propext, Classical.choice, Quot.sound]
