{"synthetic": false,
 "schemaVersion": "2025-09-10",
 "outputs":
 {"o": ["562d163d3f666e43.olean"],
  "m": false,
  "i": "658789d97bfee1e5.ilean",
  "c": "0c203d6761e92c46.c"},
 "log":
 [{"message":
   ".> LEAN_PATH=/Users/moqian/LeanSort/.lake/packages/Cli/.lake/build/lib/lean:/Users/moqian/LeanSort/.lake/packages/batteries/.lake/build/lib/lean:/Users/moqian/LeanSort/.lake/packages/Qq/.lake/build/lib/lean:/Users/moqian/LeanSort/.lake/packages/aesop/.lake/build/lib/lean:/Users/moqian/LeanSort/.lake/packages/proofwidgets/.lake/build/lib/lean:/Users/moqian/LeanSort/.lake/packages/importGraph/.lake/build/lib/lean:/Users/moqian/LeanSort/.lake/packages/LeanSearchClient/.lake/build/lib/lean:/Users/moqian/LeanSort/.lake/packages/plausible/.lake/build/lib/lean:/Users/moqian/LeanSort/.lake/packages/mathlib/.lake/build/lib/lean:/Users/moqian/LeanSort/.lake/packages/cslib/.lake/build/lib/lean:/Users/moqian/LeanSort/.lake/build/lib/lean /Users/moqian/.elan/toolchains/leanprover--lean4---v4.34.0-rc2/bin/lean /Users/moqian/LeanSort/LeanSort/Verification/Properties/Composition.lean -o /Users/moqian/LeanSort/.lake/build/lib/lean/LeanSort/Verification/Properties/Composition.olean -i /Users/moqian/LeanSort/.lake/build/lib/lean/LeanSort/Verification/Properties/Composition.ilean -c /Users/moqian/LeanSort/.lake/build/ir/LeanSort/Verification/Properties/Composition.c --setup /Users/moqian/LeanSort/.lake/build/ir/LeanSort/Verification/Properties/Composition.setup.json --json",
   "level": "trace"}],
 "inputs":
 [["deps",
   [["leansort/LeanSort:extraDep",
     [["@leansort:extraDep", "00000000000006bb"]]],
    ["imports",
     [["LeanSort.Property.Sorting transitive imports (legacy)",
       "4ab3ad42ec5cda47"],
      ["LeanSort.Property.Sorting:importAllArts", "1d67d94339f6b663"],
      ["LeanSort.Verification.Shared.RearrangementLemmas transitive imports (legacy)",
       "d7ed03c9a15d7c22"],
      ["LeanSort.Verification.Shared.RearrangementLemmas:importAllArts",
       "6f622c80dc11b0f3"]]]]],
  ["libs",
   [["import dynlibs", "00000000000006bb"],
    ["package external libraries", "00000000000006bb"],
    ["module dynlibs", "00000000000006bb"],
    ["module plugins", "00000000000006bb"]]],
  ["Lean 4.34.0, commit 6a10ac8c22beadecabdbb0919c2b50214762f91d",
   "365244c167ac8c1d"],
  ["/Users/moqian/LeanSort/LeanSort/Verification/Properties/Composition.lean",
   "982ad951741266dc"],
  ["options", "00000000000006bb"],
  ["isModule: false", "feefd2a0d3a1847e"],
  ["Module.name: LeanSort.Verification.Properties.Composition",
   "7e84fbc4d4eb48b2"],
  ["Package.id?: (some leansort)", "c099074cf6e8ec59"],
  ["Module.leanArgs: #[]", "00000000000006bb"]],
 "depHash": "d0606dc69d5a60d6"}