{"synthetic": false,
 "schemaVersion": "2025-09-10",
 "outputs":
 {"o": ["cffc83203c5d141c.olean"],
  "m": false,
  "i": "c7302a360d1df43c.ilean",
  "c": "1e0a4995c8c8c321.c"},
 "log":
 [{"message":
   ".> LEAN_PATH=/Users/moqian/LeanSort/.lake/packages/Cli/.lake/build/lib/lean:/Users/moqian/LeanSort/.lake/packages/batteries/.lake/build/lib/lean:/Users/moqian/LeanSort/.lake/packages/Qq/.lake/build/lib/lean:/Users/moqian/LeanSort/.lake/packages/aesop/.lake/build/lib/lean:/Users/moqian/LeanSort/.lake/packages/proofwidgets/.lake/build/lib/lean:/Users/moqian/LeanSort/.lake/packages/importGraph/.lake/build/lib/lean:/Users/moqian/LeanSort/.lake/packages/LeanSearchClient/.lake/build/lib/lean:/Users/moqian/LeanSort/.lake/packages/plausible/.lake/build/lib/lean:/Users/moqian/LeanSort/.lake/packages/mathlib/.lake/build/lib/lean:/Users/moqian/LeanSort/.lake/packages/cslib/.lake/build/lib/lean:/Users/moqian/LeanSort/.lake/build/lib/lean /Users/moqian/.elan/toolchains/leanprover--lean4---v4.34.0-rc2/bin/lean /Users/moqian/LeanSort/LeanSort/Verification/Properties/Cost.lean -o /Users/moqian/LeanSort/.lake/build/lib/lean/LeanSort/Verification/Properties/Cost.olean -i /Users/moqian/LeanSort/.lake/build/lib/lean/LeanSort/Verification/Properties/Cost.ilean -c /Users/moqian/LeanSort/.lake/build/ir/LeanSort/Verification/Properties/Cost.c --setup /Users/moqian/LeanSort/.lake/build/ir/LeanSort/Verification/Properties/Cost.setup.json --json",
   "level": "trace"}],
 "inputs":
 [["deps",
   [["leansort/LeanSort:extraDep",
     [["@leansort:extraDep", "00000000000006bb"]]],
    ["imports",
     [["LeanSort.Search.Constraints transitive imports (legacy)",
       "302f1ae8512e1ff7"],
      ["LeanSort.Search.Constraints:importAllArts", "197f1c1353948b13"],
      ["LeanSort.Verification.Properties.Bounds transitive imports (legacy)",
       "af60fead85f8a063"],
      ["LeanSort.Verification.Properties.Bounds:importAllArts",
       "7c4d0f6dcb7ab63f"]]]]],
  ["libs",
   [["import dynlibs", "00000000000006bb"],
    ["package external libraries", "00000000000006bb"],
    ["module dynlibs", "00000000000006bb"],
    ["module plugins", "00000000000006bb"]]],
  ["Lean 4.34.0, commit 6a10ac8c22beadecabdbb0919c2b50214762f91d",
   "365244c167ac8c1d"],
  ["/Users/moqian/LeanSort/LeanSort/Verification/Properties/Cost.lean",
   "04ca3cc4edbf3239"],
  ["options", "00000000000006bb"],
  ["isModule: false", "feefd2a0d3a1847e"],
  ["Module.name: LeanSort.Verification.Properties.Cost", "841116acdf9d24e4"],
  ["Package.id?: (some leansort)", "c099074cf6e8ec59"],
  ["Module.leanArgs: #[]", "00000000000006bb"]],
 "depHash": "bd4de5a3eaa1e024"}