'CostPlanGenerated.p000_two_insertion_certificate' depends on axioms: [propext, Classical.choice, Quot.sound]
'CostPlanGenerated.p000_two_insertion_correct' depends on axioms: [propext, Classical.choice, Quot.sound]
'CostPlanGenerated.p000_two_insertion_cost' depends on axioms: [propext, Classical.choice, Quot.sound]
'CostPlanGenerated.p000_two_insertion_conditional' depends on axioms: [propext, Classical.choice, Quot.sound]
'CostPlanGenerated.p000_two_insertion_operational' depends on axioms: [propext, Quot.sound]
'CostPlanGenerated.p000_two_insertion_quadratic' depends on axioms: [propext, Classical.choice, Quot.sound]
'CostPlanGenerated.p001_two_guarded_certificate' depends on axioms: [propext, Classical.choice, Quot.sound]
'CostPlanGenerated.p001_two_guarded_correct' depends on axioms: [propext, Classical.choice, Quot.sound]
'CostPlanGenerated.p001_two_guarded_cost' depends on axioms: [propext, Classical.choice, Quot.sound]
'CostPlanGenerated.p001_two_guarded_conditional' depends on axioms: [propext, Classical.choice, Quot.sound]
'CostPlanGenerated.p001_two_guarded_operational' depends on axioms: [propext, Quot.sound]
'CostPlanGenerated.p001_two_guarded_quadratic' depends on axioms: [propext, Classical.choice, Quot.sound]
'CostPlanGenerated.p001_two_guarded_nlog' depends on axioms: [propext, Classical.choice, Quot.sound]
'CostPlanGenerated.p001_two_guarded_conditional_linear' depends on axioms: [propext, Classical.choice, Quot.sound]
'CostPlanGenerated.p002_merge_halves_certificate' depends on axioms: [propext, Classical.choice, Quot.sound]
'CostPlanGenerated.p002_merge_halves_correct' depends on axioms: [propext, Classical.choice, Quot.sound]
'CostPlanGenerated.p002_merge_halves_cost' depends on axioms: [propext, Classical.choice, Quot.sound]
'CostPlanGenerated.p002_merge_halves_conditional' depends on axioms: [propext, Classical.choice, Quot.sound]
'CostPlanGenerated.p002_merge_halves_operational' depends on axioms: [propext, Quot.sound]
'CostPlanGenerated.p002_merge_halves_quadratic' depends on axioms: [propext, Classical.choice, Quot.sound]
'CostPlanGenerated.p002_merge_halves_nlog' depends on axioms: [propext, Classical.choice, Quot.sound]
'CostPlanGenerated.p003_guarded_merge_certificate' depends on axioms: [propext, Classical.choice, Quot.sound]
'CostPlanGenerated.p003_guarded_merge_correct' depends on axioms: [propext, Classical.choice, Quot.sound]
'CostPlanGenerated.p003_guarded_merge_cost' depends on axioms: [propext, Classical.choice, Quot.sound]
'CostPlanGenerated.p003_guarded_merge_conditional' depends on axioms: [propext, Classical.choice, Quot.sound]
'CostPlanGenerated.p003_guarded_merge_operational' depends on axioms: [propext, Quot.sound]
'CostPlanGenerated.p003_guarded_merge_quadratic' depends on axioms: [propext, Classical.choice, Quot.sound]
'CostPlanGenerated.p003_guarded_merge_nlog' depends on axioms: [propext, Classical.choice, Quot.sound]
'CostPlanGenerated.p003_guarded_merge_conditional_linear' depends on axioms: [propext, Classical.choice, Quot.sound]
'CostPlanGenerated.p004_prefix_insertion_merge_certificate' depends on axioms: [propext, Classical.choice, Quot.sound]
'CostPlanGenerated.p004_prefix_insertion_merge_correct' depends on axioms: [propext, Classical.choice, Quot.sound]
'CostPlanGenerated.p004_prefix_insertion_merge_cost' depends on axioms: [propext, Classical.choice, Quot.sound]
'CostPlanGenerated.p004_prefix_insertion_merge_conditional' depends on axioms: [propext, Classical.choice, Quot.sound]
'CostPlanGenerated.p004_prefix_insertion_merge_operational' depends on axioms: [propext, Quot.sound]
'CostPlanGenerated.p004_prefix_insertion_merge_quadratic' depends on axioms: [propext, Classical.choice, Quot.sound]
'CostPlanGenerated.p005_three_guarded_certificate' depends on axioms: [propext, Classical.choice, Quot.sound]
'CostPlanGenerated.p005_three_guarded_correct' depends on axioms: [propext, Classical.choice, Quot.sound]
'CostPlanGenerated.p005_three_guarded_cost' depends on axioms: [propext, Classical.choice, Quot.sound]
'CostPlanGenerated.p005_three_guarded_conditional' depends on axioms: [propext, Classical.choice, Quot.sound]
'CostPlanGenerated.p005_three_guarded_operational' depends on axioms: [propext, Quot.sound]
'CostPlanGenerated.p005_three_guarded_quadratic' depends on axioms: [propext, Classical.choice, Quot.sound]
'CostPlanGenerated.p005_three_guarded_nlog' depends on axioms: [propext, Classical.choice, Quot.sound]
'CostPlanGenerated.p005_three_guarded_conditional_linear' depends on axioms: [propext, Classical.choice, Quot.sound]
'CostPlanGenerated.p006_four_guarded_certificate' depends on axioms: [propext, Classical.choice, Quot.sound]
'CostPlanGenerated.p006_four_guarded_correct' depends on axioms: [propext, Classical.choice, Quot.sound]
'CostPlanGenerated.p006_four_guarded_cost' depends on axioms: [propext, Classical.choice, Quot.sound]
'CostPlanGenerated.p006_four_guarded_conditional' depends on axioms: [propext, Classical.choice, Quot.sound]
'CostPlanGenerated.p006_four_guarded_operational' depends on axioms: [propext, Quot.sound]
'CostPlanGenerated.p006_four_guarded_quadratic' depends on axioms: [propext, Classical.choice, Quot.sound]
'CostPlanGenerated.p006_four_guarded_nlog' depends on axioms: [propext, Classical.choice, Quot.sound]
'CostPlanGenerated.p006_four_guarded_conditional_linear' depends on axioms: [propext, Classical.choice, Quot.sound]
'CostPlanGenerated.p007_mixed_hybrid_certificate' depends on axioms: [propext, Classical.choice, Quot.sound]
'CostPlanGenerated.p007_mixed_hybrid_correct' depends on axioms: [propext, Classical.choice, Quot.sound]
'CostPlanGenerated.p007_mixed_hybrid_cost' depends on axioms: [propext, Classical.choice, Quot.sound]
'CostPlanGenerated.p007_mixed_hybrid_conditional' depends on axioms: [propext, Classical.choice, Quot.sound]
'CostPlanGenerated.p007_mixed_hybrid_operational' depends on axioms: [propext, Quot.sound]
'CostPlanGenerated.p007_mixed_hybrid_quadratic' depends on axioms: [propext, Classical.choice, Quot.sound]
'CostPlanGenerated.p007_mixed_hybrid_nlog' depends on axioms: [propext, Classical.choice, Quot.sound]
'CostPlanGenerated.p008_split_certificate' depends on axioms: [propext, Classical.choice, Quot.sound]
'CostPlanGenerated.p008_split_correct' depends on axioms: [propext, Classical.choice, Quot.sound]
'CostPlanGenerated.p008_split_cost' depends on axioms: [propext, Classical.choice, Quot.sound]
'CostPlanGenerated.p008_split_conditional' depends on axioms: [propext, Classical.choice, Quot.sound]
'CostPlanGenerated.p008_split_operational' depends on axioms: [propext, Quot.sound]
'CostPlanGenerated.p008_split_quadratic' depends on axioms: [propext, Classical.choice, Quot.sound]
'CostPlanGenerated.p008_split_nlog' depends on axioms: [propext, Classical.choice, Quot.sound]
'CostPlanGenerated.p009_guarded_split_certificate' depends on axioms: [propext, Classical.choice, Quot.sound]
'CostPlanGenerated.p009_guarded_split_correct' depends on axioms: [propext, Classical.choice, Quot.sound]
'CostPlanGenerated.p009_guarded_split_cost' depends on axioms: [propext, Classical.choice, Quot.sound]
'CostPlanGenerated.p009_guarded_split_conditional' depends on axioms: [propext, Classical.choice, Quot.sound]
'CostPlanGenerated.p009_guarded_split_operational' depends on axioms: [propext, Quot.sound]
'CostPlanGenerated.p009_guarded_split_quadratic' depends on axioms: [propext, Classical.choice, Quot.sound]
'CostPlanGenerated.p009_guarded_split_nlog' depends on axioms: [propext, Classical.choice, Quot.sound]
'CostPlanGenerated.p009_guarded_split_conditional_linear' depends on axioms: [propext, Classical.choice, Quot.sound]
'CostPlanGenerated.p010_checked_blocks_certificate' depends on axioms: [propext, Classical.choice, Quot.sound]
'CostPlanGenerated.p010_checked_blocks_correct' depends on axioms: [propext, Classical.choice, Quot.sound]
'CostPlanGenerated.p010_checked_blocks_cost' depends on axioms: [propext, Classical.choice, Quot.sound]
'CostPlanGenerated.p010_checked_blocks_conditional' depends on axioms: [propext, Classical.choice, Quot.sound]
'CostPlanGenerated.p010_checked_blocks_operational' depends on axioms: [propext, Quot.sound]
'CostPlanGenerated.p010_checked_blocks_quadratic' depends on axioms: [propext, Classical.choice, Quot.sound]
'CostPlanGenerated.p010_checked_blocks_nlog' depends on axioms: [propext, Classical.choice, Quot.sound]
'CostPlanGenerated.p010_checked_blocks_conditional_linear' depends on axioms: [propext, Classical.choice, Quot.sound]
'CostPlanGenerated.p011_nested_certificate' depends on axioms: [propext, Classical.choice, Quot.sound]
'CostPlanGenerated.p011_nested_correct' depends on axioms: [propext, Classical.choice, Quot.sound]
'CostPlanGenerated.p011_nested_cost' depends on axioms: [propext, Classical.choice, Quot.sound]
'CostPlanGenerated.p011_nested_conditional' depends on axioms: [propext, Classical.choice, Quot.sound]
'CostPlanGenerated.p011_nested_operational' depends on axioms: [propext, Quot.sound]
'CostPlanGenerated.p011_nested_quadratic' depends on axioms: [propext, Classical.choice, Quot.sound]
'CostPlanGenerated.p011_nested_nlog' depends on axioms: [propext, Classical.choice, Quot.sound]
'CostPlanGenerated.p012_split_certificate' depends on axioms: [propext, Classical.choice, Quot.sound]
'CostPlanGenerated.p012_split_correct' depends on axioms: [propext, Classical.choice, Quot.sound]
'CostPlanGenerated.p012_split_cost' depends on axioms: [propext, Classical.choice, Quot.sound]
'CostPlanGenerated.p012_split_conditional' depends on axioms: [propext, Classical.choice, Quot.sound]
'CostPlanGenerated.p012_split_operational' depends on axioms: [propext, Quot.sound]
'CostPlanGenerated.p012_split_quadratic' depends on axioms: [propext, Classical.choice, Quot.sound]
'CostPlanGenerated.p013_guarded_split_certificate' depends on axioms: [propext, Classical.choice, Quot.sound]
'CostPlanGenerated.p013_guarded_split_correct' depends on axioms: [propext, Classical.choice, Quot.sound]
'CostPlanGenerated.p013_guarded_split_cost' depends on axioms: [propext, Classical.choice, Quot.sound]
'CostPlanGenerated.p013_guarded_split_conditional' depends on axioms: [propext, Classical.choice, Quot.sound]
'CostPlanGenerated.p013_guarded_split_operational' depends on axioms: [propext, Quot.sound]
'CostPlanGenerated.p013_guarded_split_quadratic' depends on axioms: [propext, Classical.choice, Quot.sound]
'CostPlanGenerated.p013_guarded_split_conditional_linear' depends on axioms: [propext, Classical.choice, Quot.sound]
'CostPlanGenerated.p014_checked_blocks_certificate' depends on axioms: [propext, Classical.choice, Quot.sound]
'CostPlanGenerated.p014_checked_blocks_correct' depends on axioms: [propext, Classical.choice, Quot.sound]
'CostPlanGenerated.p014_checked_blocks_cost' depends on axioms: [propext, Classical.choice, Quot.sound]
'CostPlanGenerated.p014_checked_blocks_conditional' depends on axioms: [propext, Classical.choice, Quot.sound]
'CostPlanGenerated.p014_checked_blocks_operational' depends on axioms: [propext, Quot.sound]
'CostPlanGenerated.p014_checked_blocks_quadratic' depends on axioms: [propext, Classical.choice, Quot.sound]
'CostPlanGenerated.p014_checked_blocks_conditional_linear' depends on axioms: [propext, Classical.choice, Quot.sound]
'CostPlanGenerated.p015_nested_certificate' depends on axioms: [propext, Classical.choice, Quot.sound]
'CostPlanGenerated.p015_nested_correct' depends on axioms: [propext, Classical.choice, Quot.sound]
'CostPlanGenerated.p015_nested_cost' depends on axioms: [propext, Classical.choice, Quot.sound]
'CostPlanGenerated.p015_nested_conditional' depends on axioms: [propext, Classical.choice, Quot.sound]
'CostPlanGenerated.p015_nested_operational' depends on axioms: [propext, Quot.sound]
'CostPlanGenerated.p015_nested_quadratic' depends on axioms: [propext, Classical.choice, Quot.sound]
'CostPlanGenerated.p016_split_certificate' depends on axioms: [propext, Classical.choice, Quot.sound]
'CostPlanGenerated.p016_split_correct' depends on axioms: [propext, Classical.choice, Quot.sound]
'CostPlanGenerated.p016_split_cost' depends on axioms: [propext, Classical.choice, Quot.sound]
'CostPlanGenerated.p016_split_conditional' depends on axioms: [propext, Classical.choice, Quot.sound]
'CostPlanGenerated.p016_split_operational' depends on axioms: [propext, Quot.sound]
'CostPlanGenerated.p016_split_quadratic' depends on axioms: [propext, Classical.choice, Quot.sound]
'CostPlanGenerated.p016_split_nlog' depends on axioms: [propext, Classical.choice, Quot.sound]
'CostPlanGenerated.p017_guarded_split_certificate' depends on axioms: [propext, Classical.choice, Quot.sound]
'CostPlanGenerated.p017_guarded_split_correct' depends on axioms: [propext, Classical.choice, Quot.sound]
'CostPlanGenerated.p017_guarded_split_cost' depends on axioms: [propext, Classical.choice, Quot.sound]
'CostPlanGenerated.p017_guarded_split_conditional' depends on axioms: [propext, Classical.choice, Quot.sound]
'CostPlanGenerated.p017_guarded_split_operational' depends on axioms: [propext, Quot.sound]
'CostPlanGenerated.p017_guarded_split_quadratic' depends on axioms: [propext, Classical.choice, Quot.sound]
'CostPlanGenerated.p017_guarded_split_nlog' depends on axioms: [propext, Classical.choice, Quot.sound]
'CostPlanGenerated.p017_guarded_split_conditional_linear' depends on axioms: [propext, Classical.choice, Quot.sound]
'CostPlanGenerated.p018_checked_blocks_certificate' depends on axioms: [propext, Classical.choice, Quot.sound]
'CostPlanGenerated.p018_checked_blocks_correct' depends on axioms: [propext, Classical.choice, Quot.sound]
'CostPlanGenerated.p018_checked_blocks_cost' depends on axioms: [propext, Classical.choice, Quot.sound]
'CostPlanGenerated.p018_checked_blocks_conditional' depends on axioms: [propext, Classical.choice, Quot.sound]
'CostPlanGenerated.p018_checked_blocks_operational' depends on axioms: [propext, Quot.sound]
'CostPlanGenerated.p018_checked_blocks_quadratic' depends on axioms: [propext, Classical.choice, Quot.sound]
'CostPlanGenerated.p018_checked_blocks_nlog' depends on axioms: [propext, Classical.choice, Quot.sound]
'CostPlanGenerated.p018_checked_blocks_conditional_linear' depends on axioms: [propext, Classical.choice, Quot.sound]
'CostPlanGenerated.p019_nested_certificate' depends on axioms: [propext, Classical.choice, Quot.sound]
'CostPlanGenerated.p019_nested_correct' depends on axioms: [propext, Classical.choice, Quot.sound]
'CostPlanGenerated.p019_nested_cost' depends on axioms: [propext, Classical.choice, Quot.sound]
'CostPlanGenerated.p019_nested_conditional' depends on axioms: [propext, Classical.choice, Quot.sound]
'CostPlanGenerated.p019_nested_operational' depends on axioms: [propext, Quot.sound]
'CostPlanGenerated.p019_nested_quadratic' depends on axioms: [propext, Classical.choice, Quot.sound]
'CostPlanGenerated.p019_nested_nlog' depends on axioms: [propext, Classical.choice, Quot.sound]
'CostPlanGenerated.p020_split_certificate' depends on axioms: [propext, Classical.choice, Quot.sound]
'CostPlanGenerated.p020_split_correct' depends on axioms: [propext, Classical.choice, Quot.sound]
'CostPlanGenerated.p020_split_cost' depends on axioms: [propext, Classical.choice, Quot.sound]
'CostPlanGenerated.p020_split_conditional' depends on axioms: [propext, Classical.choice, Quot.sound]
'CostPlanGenerated.p020_split_operational' depends on axioms: [propext, Quot.sound]
'CostPlanGenerated.p020_split_quadratic' depends on axioms: [propext, Classical.choice, Quot.sound]
'CostPlanGenerated.p021_guarded_split_certificate' depends on axioms: [propext, Classical.choice, Quot.sound]
'CostPlanGenerated.p021_guarded_split_correct' depends on axioms: [propext, Classical.choice, Quot.sound]
'CostPlanGenerated.p021_guarded_split_cost' depends on axioms: [propext, Classical.choice, Quot.sound]
'CostPlanGenerated.p021_guarded_split_conditional' depends on axioms: [propext, Classical.choice, Quot.sound]
'CostPlanGenerated.p021_guarded_split_operational' depends on axioms: [propext, Quot.sound]
'CostPlanGenerated.p021_guarded_split_quadratic' depends on axioms: [propext, Classical.choice, Quot.sound]
'CostPlanGenerated.p021_guarded_split_conditional_linear' depends on axioms: [propext, Classical.choice, Quot.sound]
'CostPlanGenerated.p022_checked_blocks_certificate' depends on axioms: [propext, Classical.choice, Quot.sound]
'CostPlanGenerated.p022_checked_blocks_correct' depends on axioms: [propext, Classical.choice, Quot.sound]
'CostPlanGenerated.p022_checked_blocks_cost' depends on axioms: [propext, Classical.choice, Quot.sound]
'CostPlanGenerated.p022_checked_blocks_conditional' depends on axioms: [propext, Classical.choice, Quot.sound]
'CostPlanGenerated.p022_checked_blocks_operational' depends on axioms: [propext, Quot.sound]
'CostPlanGenerated.p022_checked_blocks_quadratic' depends on axioms: [propext, Classical.choice, Quot.sound]
'CostPlanGenerated.p022_checked_blocks_conditional_linear' depends on axioms: [propext, Classical.choice, Quot.sound]
'CostPlanGenerated.p023_nested_certificate' depends on axioms: [propext, Classical.choice, Quot.sound]
'CostPlanGenerated.p023_nested_correct' depends on axioms: [propext, Classical.choice, Quot.sound]
'CostPlanGenerated.p023_nested_cost' depends on axioms: [propext, Classical.choice, Quot.sound]
'CostPlanGenerated.p023_nested_conditional' depends on axioms: [propext, Classical.choice, Quot.sound]
'CostPlanGenerated.p023_nested_operational' depends on axioms: [propext, Quot.sound]
'CostPlanGenerated.p023_nested_quadratic' depends on axioms: [propext, Classical.choice, Quot.sound]
'CostPlanGenerated.p024_split_certificate' depends on axioms: [propext, Classical.choice, Quot.sound]
'CostPlanGenerated.p024_split_correct' depends on axioms: [propext, Classical.choice, Quot.sound]
'CostPlanGenerated.p024_split_cost' depends on axioms: [propext, Classical.choice, Quot.sound]
'CostPlanGenerated.p024_split_conditional' depends on axioms: [propext, Classical.choice, Quot.sound]
'CostPlanGenerated.p024_split_operational' depends on axioms: [propext, Quot.sound]
'CostPlanGenerated.p024_split_quadratic' depends on axioms: [propext, Classical.choice, Quot.sound]
'CostPlanGenerated.p024_split_nlog' depends on axioms: [propext, Classical.choice, Quot.sound]
'CostPlanGenerated.p025_guarded_split_certificate' depends on axioms: [propext, Classical.choice, Quot.sound]
'CostPlanGenerated.p025_guarded_split_correct' depends on axioms: [propext, Classical.choice, Quot.sound]
'CostPlanGenerated.p025_guarded_split_cost' depends on axioms: [propext, Classical.choice, Quot.sound]
'CostPlanGenerated.p025_guarded_split_conditional' depends on axioms: [propext, Classical.choice, Quot.sound]
'CostPlanGenerated.p025_guarded_split_operational' depends on axioms: [propext, Quot.sound]
'CostPlanGenerated.p025_guarded_split_quadratic' depends on axioms: [propext, Classical.choice, Quot.sound]
'CostPlanGenerated.p025_guarded_split_nlog' depends on axioms: [propext, Classical.choice, Quot.sound]
'CostPlanGenerated.p025_guarded_split_conditional_linear' depends on axioms: [propext, Classical.choice, Quot.sound]
'CostPlanGenerated.p026_checked_blocks_certificate' depends on axioms: [propext, Classical.choice, Quot.sound]
'CostPlanGenerated.p026_checked_blocks_correct' depends on axioms: [propext, Classical.choice, Quot.sound]
'CostPlanGenerated.p026_checked_blocks_cost' depends on axioms: [propext, Classical.choice, Quot.sound]
'CostPlanGenerated.p026_checked_blocks_conditional' depends on axioms: [propext, Classical.choice, Quot.sound]
'CostPlanGenerated.p026_checked_blocks_operational' depends on axioms: [propext, Quot.sound]
'CostPlanGenerated.p026_checked_blocks_quadratic' depends on axioms: [propext, Classical.choice, Quot.sound]
'CostPlanGenerated.p026_checked_blocks_nlog' depends on axioms: [propext, Classical.choice, Quot.sound]
'CostPlanGenerated.p026_checked_blocks_conditional_linear' depends on axioms: [propext, Classical.choice, Quot.sound]
'CostPlanGenerated.p027_nested_certificate' depends on axioms: [propext, Classical.choice, Quot.sound]
'CostPlanGenerated.p027_nested_correct' depends on axioms: [propext, Classical.choice, Quot.sound]
'CostPlanGenerated.p027_nested_cost' depends on axioms: [propext, Classical.choice, Quot.sound]
'CostPlanGenerated.p027_nested_conditional' depends on axioms: [propext, Classical.choice, Quot.sound]
'CostPlanGenerated.p027_nested_operational' depends on axioms: [propext, Quot.sound]
'CostPlanGenerated.p027_nested_quadratic' depends on axioms: [propext, Classical.choice, Quot.sound]
'CostPlanGenerated.p027_nested_nlog' depends on axioms: [propext, Classical.choice, Quot.sound]
'CostPlanGenerated.p028_split_certificate' depends on axioms: [propext, Classical.choice, Quot.sound]
'CostPlanGenerated.p028_split_correct' depends on axioms: [propext, Classical.choice, Quot.sound]
'CostPlanGenerated.p028_split_cost' depends on axioms: [propext, Classical.choice, Quot.sound]
'CostPlanGenerated.p028_split_conditional' depends on axioms: [propext, Classical.choice, Quot.sound]
'CostPlanGenerated.p028_split_operational' depends on axioms: [propext, Quot.sound]
'CostPlanGenerated.p028_split_quadratic' depends on axioms: [propext, Classical.choice, Quot.sound]
'CostPlanGenerated.p028_split_nlog' depends on axioms: [propext, Classical.choice, Quot.sound]
'CostPlanGenerated.p029_guarded_split_certificate' depends on axioms: [propext, Classical.choice, Quot.sound]
'CostPlanGenerated.p029_guarded_split_correct' depends on axioms: [propext, Classical.choice, Quot.sound]
'CostPlanGenerated.p029_guarded_split_cost' depends on axioms: [propext, Classical.choice, Quot.sound]
'CostPlanGenerated.p029_guarded_split_conditional' depends on axioms: [propext, Classical.choice, Quot.sound]
'CostPlanGenerated.p029_guarded_split_operational' depends on axioms: [propext, Quot.sound]
'CostPlanGenerated.p029_guarded_split_quadratic' depends on axioms: [propext, Classical.choice, Quot.sound]
'CostPlanGenerated.p029_guarded_split_nlog' depends on axioms: [propext, Classical.choice, Quot.sound]
'CostPlanGenerated.p029_guarded_split_conditional_linear' depends on axioms: [propext, Classical.choice, Quot.sound]
'CostPlanGenerated.p030_checked_blocks_certificate' depends on axioms: [propext, Classical.choice, Quot.sound]
'CostPlanGenerated.p030_checked_blocks_correct' depends on axioms: [propext, Classical.choice, Quot.sound]
'CostPlanGenerated.p030_checked_blocks_cost' depends on axioms: [propext, Classical.choice, Quot.sound]
'CostPlanGenerated.p030_checked_blocks_conditional' depends on axioms: [propext, Classical.choice, Quot.sound]
'CostPlanGenerated.p030_checked_blocks_operational' depends on axioms: [propext, Quot.sound]
'CostPlanGenerated.p030_checked_blocks_quadratic' depends on axioms: [propext, Classical.choice, Quot.sound]
'CostPlanGenerated.p030_checked_blocks_nlog' depends on axioms: [propext, Classical.choice, Quot.sound]
'CostPlanGenerated.p030_checked_blocks_conditional_linear' depends on axioms: [propext, Classical.choice, Quot.sound]
'CostPlanGenerated.p031_nested_certificate' depends on axioms: [propext, Classical.choice, Quot.sound]
'CostPlanGenerated.p031_nested_correct' depends on axioms: [propext, Classical.choice, Quot.sound]
'CostPlanGenerated.p031_nested_cost' depends on axioms: [propext, Classical.choice, Quot.sound]
'CostPlanGenerated.p031_nested_conditional' depends on axioms: [propext, Classical.choice, Quot.sound]
'CostPlanGenerated.p031_nested_operational' depends on axioms: [propext, Quot.sound]
'CostPlanGenerated.p031_nested_quadratic' depends on axioms: [propext, Classical.choice, Quot.sound]
'CostPlanGenerated.p031_nested_nlog' depends on axioms: [propext, Classical.choice, Quot.sound]
'CostPlanGenerated.p032_split_certificate' depends on axioms: [propext, Classical.choice, Quot.sound]
'CostPlanGenerated.p032_split_correct' depends on axioms: [propext, Classical.choice, Quot.sound]
'CostPlanGenerated.p032_split_cost' depends on axioms: [propext, Classical.choice, Quot.sound]
'CostPlanGenerated.p032_split_conditional' depends on axioms: [propext, Classical.choice, Quot.sound]
'CostPlanGenerated.p032_split_operational' depends on axioms: [propext, Quot.sound]
'CostPlanGenerated.p032_split_quadratic' depends on axioms: [propext, Classical.choice, Quot.sound]
'CostPlanGenerated.p032_split_nlog' depends on axioms: [propext, Classical.choice, Quot.sound]
'CostPlanGenerated.p033_guarded_split_certificate' depends on axioms: [propext, Classical.choice, Quot.sound]
'CostPlanGenerated.p033_guarded_split_correct' depends on axioms: [propext, Classical.choice, Quot.sound]
'CostPlanGenerated.p033_guarded_split_cost' depends on axioms: [propext, Classical.choice, Quot.sound]
'CostPlanGenerated.p033_guarded_split_conditional' depends on axioms: [propext, Classical.choice, Quot.sound]
'CostPlanGenerated.p033_guarded_split_operational' depends on axioms: [propext, Quot.sound]
'CostPlanGenerated.p033_guarded_split_quadratic' depends on axioms: [propext, Classical.choice, Quot.sound]
'CostPlanGenerated.p033_guarded_split_nlog' depends on axioms: [propext, Classical.choice, Quot.sound]
'CostPlanGenerated.p033_guarded_split_conditional_linear' depends on axioms: [propext, Classical.choice, Quot.sound]
'CostPlanGenerated.p034_checked_blocks_certificate' depends on axioms: [propext, Classical.choice, Quot.sound]
'CostPlanGenerated.p034_checked_blocks_correct' depends on axioms: [propext, Classical.choice, Quot.sound]
'CostPlanGenerated.p034_checked_blocks_cost' depends on axioms: [propext, Classical.choice, Quot.sound]
'CostPlanGenerated.p034_checked_blocks_conditional' depends on axioms: [propext, Classical.choice, Quot.sound]
'CostPlanGenerated.p034_checked_blocks_operational' depends on axioms: [propext, Quot.sound]
'CostPlanGenerated.p034_checked_blocks_quadratic' depends on axioms: [propext, Classical.choice, Quot.sound]
'CostPlanGenerated.p034_checked_blocks_nlog' depends on axioms: [propext, Classical.choice, Quot.sound]
'CostPlanGenerated.p034_checked_blocks_conditional_linear' depends on axioms: [propext, Classical.choice, Quot.sound]
'CostPlanGenerated.p035_nested_certificate' depends on axioms: [propext, Classical.choice, Quot.sound]
'CostPlanGenerated.p035_nested_correct' depends on axioms: [propext, Classical.choice, Quot.sound]
'CostPlanGenerated.p035_nested_cost' depends on axioms: [propext, Classical.choice, Quot.sound]
'CostPlanGenerated.p035_nested_conditional' depends on axioms: [propext, Classical.choice, Quot.sound]
'CostPlanGenerated.p035_nested_operational' depends on axioms: [propext, Quot.sound]
'CostPlanGenerated.p035_nested_quadratic' depends on axioms: [propext, Classical.choice, Quot.sound]
'CostPlanGenerated.p035_nested_nlog' depends on axioms: [propext, Classical.choice, Quot.sound]
'CostPlanGenerated.p036_guarded_split_certificate' depends on axioms: [propext, Classical.choice, Quot.sound]
'CostPlanGenerated.p036_guarded_split_correct' depends on axioms: [propext, Classical.choice, Quot.sound]
'CostPlanGenerated.p036_guarded_split_cost' depends on axioms: [propext, Classical.choice, Quot.sound]
'CostPlanGenerated.p036_guarded_split_conditional' depends on axioms: [propext, Classical.choice, Quot.sound]
'CostPlanGenerated.p036_guarded_split_operational' depends on axioms: [propext, Quot.sound]
'CostPlanGenerated.p036_guarded_split_quadratic' depends on axioms: [propext, Classical.choice, Quot.sound]
'CostPlanGenerated.p036_guarded_split_nlog' depends on axioms: [propext, Classical.choice, Quot.sound]
'CostPlanGenerated.p036_guarded_split_conditional_linear' depends on axioms: [propext, Classical.choice, Quot.sound]
'CostPlanGenerated.p037_nested_certificate' depends on axioms: [propext, Classical.choice, Quot.sound]
'CostPlanGenerated.p037_nested_correct' depends on axioms: [propext, Classical.choice, Quot.sound]
'CostPlanGenerated.p037_nested_cost' depends on axioms: [propext, Classical.choice, Quot.sound]
'CostPlanGenerated.p037_nested_conditional' depends on axioms: [propext, Classical.choice, Quot.sound]
'CostPlanGenerated.p037_nested_operational' depends on axioms: [propext, Quot.sound]
'CostPlanGenerated.p037_nested_quadratic' depends on axioms: [propext, Classical.choice, Quot.sound]
'CostPlanGenerated.p037_nested_nlog' depends on axioms: [propext, Classical.choice, Quot.sound]
'CostPlanGenerated.p038_split_certificate' depends on axioms: [propext, Classical.choice, Quot.sound]
'CostPlanGenerated.p038_split_correct' depends on axioms: [propext, Classical.choice, Quot.sound]
'CostPlanGenerated.p038_split_cost' depends on axioms: [propext, Classical.choice, Quot.sound]
'CostPlanGenerated.p038_split_conditional' depends on axioms: [propext, Classical.choice, Quot.sound]
'CostPlanGenerated.p038_split_operational' depends on axioms: [propext, Quot.sound]
'CostPlanGenerated.p038_split_quadratic' depends on axioms: [propext, Classical.choice, Quot.sound]
'CostPlanGenerated.p039_guarded_split_certificate' depends on axioms: [propext, Classical.choice, Quot.sound]
'CostPlanGenerated.p039_guarded_split_correct' depends on axioms: [propext, Classical.choice, Quot.sound]
'CostPlanGenerated.p039_guarded_split_cost' depends on axioms: [propext, Classical.choice, Quot.sound]
'CostPlanGenerated.p039_guarded_split_conditional' depends on axioms: [propext, Classical.choice, Quot.sound]
'CostPlanGenerated.p039_guarded_split_operational' depends on axioms: [propext, Quot.sound]
'CostPlanGenerated.p039_guarded_split_quadratic' depends on axioms: [propext, Classical.choice, Quot.sound]
'CostPlanGenerated.p039_guarded_split_conditional_linear' depends on axioms: [propext, Classical.choice, Quot.sound]
'CostPlanGenerated.p040_checked_blocks_certificate' depends on axioms: [propext, Classical.choice, Quot.sound]
'CostPlanGenerated.p040_checked_blocks_correct' depends on axioms: [propext, Classical.choice, Quot.sound]
'CostPlanGenerated.p040_checked_blocks_cost' depends on axioms: [propext, Classical.choice, Quot.sound]
'CostPlanGenerated.p040_checked_blocks_conditional' depends on axioms: [propext, Classical.choice, Quot.sound]
'CostPlanGenerated.p040_checked_blocks_operational' depends on axioms: [propext, Quot.sound]
'CostPlanGenerated.p040_checked_blocks_quadratic' depends on axioms: [propext, Classical.choice, Quot.sound]
'CostPlanGenerated.p040_checked_blocks_conditional_linear' depends on axioms: [propext, Classical.choice, Quot.sound]
'CostPlanGenerated.p041_nested_certificate' depends on axioms: [propext, Classical.choice, Quot.sound]
'CostPlanGenerated.p041_nested_correct' depends on axioms: [propext, Classical.choice, Quot.sound]
'CostPlanGenerated.p041_nested_cost' depends on axioms: [propext, Classical.choice, Quot.sound]
'CostPlanGenerated.p041_nested_conditional' depends on axioms: [propext, Classical.choice, Quot.sound]
'CostPlanGenerated.p041_nested_operational' depends on axioms: [propext, Quot.sound]
'CostPlanGenerated.p041_nested_quadratic' depends on axioms: [propext, Classical.choice, Quot.sound]
'CostPlanGenerated.p042_split_certificate' depends on axioms: [propext, Classical.choice, Quot.sound]
'CostPlanGenerated.p042_split_correct' depends on axioms: [propext, Classical.choice, Quot.sound]
'CostPlanGenerated.p042_split_cost' depends on axioms: [propext, Classical.choice, Quot.sound]
'CostPlanGenerated.p042_split_conditional' depends on axioms: [propext, Classical.choice, Quot.sound]
'CostPlanGenerated.p042_split_operational' depends on axioms: [propext, Quot.sound]
'CostPlanGenerated.p042_split_quadratic' depends on axioms: [propext, Classical.choice, Quot.sound]
'CostPlanGenerated.p042_split_nlog' depends on axioms: [propext, Classical.choice, Quot.sound]
'CostPlanGenerated.p043_guarded_split_certificate' depends on axioms: [propext, Classical.choice, Quot.sound]
'CostPlanGenerated.p043_guarded_split_correct' depends on axioms: [propext, Classical.choice, Quot.sound]
'CostPlanGenerated.p043_guarded_split_cost' depends on axioms: [propext, Classical.choice, Quot.sound]
'CostPlanGenerated.p043_guarded_split_conditional' depends on axioms: [propext, Classical.choice, Quot.sound]
'CostPlanGenerated.p043_guarded_split_operational' depends on axioms: [propext, Quot.sound]
'CostPlanGenerated.p043_guarded_split_quadratic' depends on axioms: [propext, Classical.choice, Quot.sound]
'CostPlanGenerated.p043_guarded_split_nlog' depends on axioms: [propext, Classical.choice, Quot.sound]
'CostPlanGenerated.p043_guarded_split_conditional_linear' depends on axioms: [propext, Classical.choice, Quot.sound]
'CostPlanGenerated.p044_checked_blocks_certificate' depends on axioms: [propext, Classical.choice, Quot.sound]
'CostPlanGenerated.p044_checked_blocks_correct' depends on axioms: [propext, Classical.choice, Quot.sound]
'CostPlanGenerated.p044_checked_blocks_cost' depends on axioms: [propext, Classical.choice, Quot.sound]
'CostPlanGenerated.p044_checked_blocks_conditional' depends on axioms: [propext, Classical.choice, Quot.sound]
'CostPlanGenerated.p044_checked_blocks_operational' depends on axioms: [propext, Quot.sound]
'CostPlanGenerated.p044_checked_blocks_quadratic' depends on axioms: [propext, Classical.choice, Quot.sound]
'CostPlanGenerated.p044_checked_blocks_nlog' depends on axioms: [propext, Classical.choice, Quot.sound]
'CostPlanGenerated.p044_checked_blocks_conditional_linear' depends on axioms: [propext, Classical.choice, Quot.sound]
'CostPlanGenerated.p045_nested_certificate' depends on axioms: [propext, Classical.choice, Quot.sound]
'CostPlanGenerated.p045_nested_correct' depends on axioms: [propext, Classical.choice, Quot.sound]
'CostPlanGenerated.p045_nested_cost' depends on axioms: [propext, Classical.choice, Quot.sound]
'CostPlanGenerated.p045_nested_conditional' depends on axioms: [propext, Classical.choice, Quot.sound]
'CostPlanGenerated.p045_nested_operational' depends on axioms: [propext, Quot.sound]
'CostPlanGenerated.p045_nested_quadratic' depends on axioms: [propext, Classical.choice, Quot.sound]
'CostPlanGenerated.p045_nested_nlog' depends on axioms: [propext, Classical.choice, Quot.sound]
'CostPlanGenerated.p046_split_certificate' depends on axioms: [propext, Classical.choice, Quot.sound]
'CostPlanGenerated.p046_split_correct' depends on axioms: [propext, Classical.choice, Quot.sound]
'CostPlanGenerated.p046_split_cost' depends on axioms: [propext, Classical.choice, Quot.sound]
'CostPlanGenerated.p046_split_conditional' depends on axioms: [propext, Classical.choice, Quot.sound]
'CostPlanGenerated.p046_split_operational' depends on axioms: [propext, Quot.sound]
'CostPlanGenerated.p046_split_quadratic' depends on axioms: [propext, Classical.choice, Quot.sound]
'CostPlanGenerated.p046_split_nlog' depends on axioms: [propext, Classical.choice, Quot.sound]
'CostPlanGenerated.p047_guarded_split_certificate' depends on axioms: [propext, Classical.choice, Quot.sound]
'CostPlanGenerated.p047_guarded_split_correct' depends on axioms: [propext, Classical.choice, Quot.sound]
'CostPlanGenerated.p047_guarded_split_cost' depends on axioms: [propext, Classical.choice, Quot.sound]
'CostPlanGenerated.p047_guarded_split_conditional' depends on axioms: [propext, Classical.choice, Quot.sound]
'CostPlanGenerated.p047_guarded_split_operational' depends on axioms: [propext, Quot.sound]
'CostPlanGenerated.p047_guarded_split_quadratic' depends on axioms: [propext, Classical.choice, Quot.sound]
'CostPlanGenerated.p047_guarded_split_nlog' depends on axioms: [propext, Classical.choice, Quot.sound]
'CostPlanGenerated.p047_guarded_split_conditional_linear' depends on axioms: [propext, Classical.choice, Quot.sound]
'CostPlanGenerated.p048_checked_blocks_certificate' depends on axioms: [propext, Classical.choice, Quot.sound]
'CostPlanGenerated.p048_checked_blocks_correct' depends on axioms: [propext, Classical.choice, Quot.sound]
'CostPlanGenerated.p048_checked_blocks_cost' depends on axioms: [propext, Classical.choice, Quot.sound]
'CostPlanGenerated.p048_checked_blocks_conditional' depends on axioms: [propext, Classical.choice, Quot.sound]
'CostPlanGenerated.p048_checked_blocks_operational' depends on axioms: [propext, Quot.sound]
'CostPlanGenerated.p048_checked_blocks_quadratic' depends on axioms: [propext, Classical.choice, Quot.sound]
'CostPlanGenerated.p048_checked_blocks_nlog' depends on axioms: [propext, Classical.choice, Quot.sound]
'CostPlanGenerated.p048_checked_blocks_conditional_linear' depends on axioms: [propext, Classical.choice, Quot.sound]
'CostPlanGenerated.p049_nested_certificate' depends on axioms: [propext, Classical.choice, Quot.sound]
'CostPlanGenerated.p049_nested_correct' depends on axioms: [propext, Classical.choice, Quot.sound]
'CostPlanGenerated.p049_nested_cost' depends on axioms: [propext, Classical.choice, Quot.sound]
'CostPlanGenerated.p049_nested_conditional' depends on axioms: [propext, Classical.choice, Quot.sound]
'CostPlanGenerated.p049_nested_operational' depends on axioms: [propext, Quot.sound]
'CostPlanGenerated.p049_nested_quadratic' depends on axioms: [propext, Classical.choice, Quot.sound]
'CostPlanGenerated.p049_nested_nlog' depends on axioms: [propext, Classical.choice, Quot.sound]
'CostPlanGenerated.p050_split_certificate' depends on axioms: [propext, Classical.choice, Quot.sound]
'CostPlanGenerated.p050_split_correct' depends on axioms: [propext, Classical.choice, Quot.sound]
'CostPlanGenerated.p050_split_cost' depends on axioms: [propext, Classical.choice, Quot.sound]
'CostPlanGenerated.p050_split_conditional' depends on axioms: [propext, Classical.choice, Quot.sound]
'CostPlanGenerated.p050_split_operational' depends on axioms: [propext, Quot.sound]
'CostPlanGenerated.p050_split_quadratic' depends on axioms: [propext, Classical.choice, Quot.sound]
'CostPlanGenerated.p051_guarded_split_certificate' depends on axioms: [propext, Classical.choice, Quot.sound]
'CostPlanGenerated.p051_guarded_split_correct' depends on axioms: [propext, Classical.choice, Quot.sound]
'CostPlanGenerated.p051_guarded_split_cost' depends on axioms: [propext, Classical.choice, Quot.sound]
'CostPlanGenerated.p051_guarded_split_conditional' depends on axioms: [propext, Classical.choice, Quot.sound]
'CostPlanGenerated.p051_guarded_split_operational' depends on axioms: [propext, Quot.sound]
'CostPlanGenerated.p051_guarded_split_quadratic' depends on axioms: [propext, Classical.choice, Quot.sound]
'CostPlanGenerated.p051_guarded_split_conditional_linear' depends on axioms: [propext, Classical.choice, Quot.sound]
'CostPlanGenerated.p052_checked_blocks_certificate' depends on axioms: [propext, Classical.choice, Quot.sound]
'CostPlanGenerated.p052_checked_blocks_correct' depends on axioms: [propext, Classical.choice, Quot.sound]
'CostPlanGenerated.p052_checked_blocks_cost' depends on axioms: [propext, Classical.choice, Quot.sound]
'CostPlanGenerated.p052_checked_blocks_conditional' depends on axioms: [propext, Classical.choice, Quot.sound]
'CostPlanGenerated.p052_checked_blocks_operational' depends on axioms: [propext, Quot.sound]
'CostPlanGenerated.p052_checked_blocks_quadratic' depends on axioms: [propext, Classical.choice, Quot.sound]
'CostPlanGenerated.p052_checked_blocks_conditional_linear' depends on axioms: [propext, Classical.choice, Quot.sound]
'CostPlanGenerated.p053_nested_certificate' depends on axioms: [propext, Classical.choice, Quot.sound]
'CostPlanGenerated.p053_nested_correct' depends on axioms: [propext, Classical.choice, Quot.sound]
'CostPlanGenerated.p053_nested_cost' depends on axioms: [propext, Classical.choice, Quot.sound]
'CostPlanGenerated.p053_nested_conditional' depends on axioms: [propext, Classical.choice, Quot.sound]
'CostPlanGenerated.p053_nested_operational' depends on axioms: [propext, Quot.sound]
'CostPlanGenerated.p053_nested_quadratic' depends on axioms: [propext, Classical.choice, Quot.sound]
'CostPlanGenerated.p054_split_certificate' depends on axioms: [propext, Classical.choice, Quot.sound]
'CostPlanGenerated.p054_split_correct' depends on axioms: [propext, Classical.choice, Quot.sound]
'CostPlanGenerated.p054_split_cost' depends on axioms: [propext, Classical.choice, Quot.sound]
'CostPlanGenerated.p054_split_conditional' depends on axioms: [propext, Classical.choice, Quot.sound]
'CostPlanGenerated.p054_split_operational' depends on axioms: [propext, Quot.sound]
'CostPlanGenerated.p054_split_quadratic' depends on axioms: [propext, Classical.choice, Quot.sound]
'CostPlanGenerated.p055_guarded_split_certificate' depends on axioms: [propext, Classical.choice, Quot.sound]
'CostPlanGenerated.p055_guarded_split_correct' depends on axioms: [propext, Classical.choice, Quot.sound]
'CostPlanGenerated.p055_guarded_split_cost' depends on axioms: [propext, Classical.choice, Quot.sound]
'CostPlanGenerated.p055_guarded_split_conditional' depends on axioms: [propext, Classical.choice, Quot.sound]
'CostPlanGenerated.p055_guarded_split_operational' depends on axioms: [propext, Quot.sound]
'CostPlanGenerated.p055_guarded_split_quadratic' depends on axioms: [propext, Classical.choice, Quot.sound]
'CostPlanGenerated.p055_guarded_split_conditional_linear' depends on axioms: [propext, Classical.choice, Quot.sound]
'CostPlanGenerated.p056_checked_blocks_certificate' depends on axioms: [propext, Classical.choice, Quot.sound]
'CostPlanGenerated.p056_checked_blocks_correct' depends on axioms: [propext, Classical.choice, Quot.sound]
'CostPlanGenerated.p056_checked_blocks_cost' depends on axioms: [propext, Classical.choice, Quot.sound]
'CostPlanGenerated.p056_checked_blocks_conditional' depends on axioms: [propext, Classical.choice, Quot.sound]
'CostPlanGenerated.p056_checked_blocks_operational' depends on axioms: [propext, Quot.sound]
'CostPlanGenerated.p056_checked_blocks_quadratic' depends on axioms: [propext, Classical.choice, Quot.sound]
'CostPlanGenerated.p056_checked_blocks_conditional_linear' depends on axioms: [propext, Classical.choice, Quot.sound]
'CostPlanGenerated.p057_nested_certificate' depends on axioms: [propext, Classical.choice, Quot.sound]
'CostPlanGenerated.p057_nested_correct' depends on axioms: [propext, Classical.choice, Quot.sound]
'CostPlanGenerated.p057_nested_cost' depends on axioms: [propext, Classical.choice, Quot.sound]
'CostPlanGenerated.p057_nested_conditional' depends on axioms: [propext, Classical.choice, Quot.sound]
'CostPlanGenerated.p057_nested_operational' depends on axioms: [propext, Quot.sound]
'CostPlanGenerated.p057_nested_quadratic' depends on axioms: [propext, Classical.choice, Quot.sound]
'CostPlanGenerated.p058_split_certificate' depends on axioms: [propext, Classical.choice, Quot.sound]
'CostPlanGenerated.p058_split_correct' depends on axioms: [propext, Classical.choice, Quot.sound]
'CostPlanGenerated.p058_split_cost' depends on axioms: [propext, Classical.choice, Quot.sound]
'CostPlanGenerated.p058_split_conditional' depends on axioms: [propext, Classical.choice, Quot.sound]
'CostPlanGenerated.p058_split_operational' depends on axioms: [propext, Quot.sound]
'CostPlanGenerated.p058_split_quadratic' depends on axioms: [propext, Classical.choice, Quot.sound]
'CostPlanGenerated.p058_split_nlog' depends on axioms: [propext, Classical.choice, Quot.sound]
'CostPlanGenerated.p059_guarded_split_certificate' depends on axioms: [propext, Classical.choice, Quot.sound]
'CostPlanGenerated.p059_guarded_split_correct' depends on axioms: [propext, Classical.choice, Quot.sound]
'CostPlanGenerated.p059_guarded_split_cost' depends on axioms: [propext, Classical.choice, Quot.sound]
'CostPlanGenerated.p059_guarded_split_conditional' depends on axioms: [propext, Classical.choice, Quot.sound]
'CostPlanGenerated.p059_guarded_split_operational' depends on axioms: [propext, Quot.sound]
'CostPlanGenerated.p059_guarded_split_quadratic' depends on axioms: [propext, Classical.choice, Quot.sound]
'CostPlanGenerated.p059_guarded_split_nlog' depends on axioms: [propext, Classical.choice, Quot.sound]
'CostPlanGenerated.p059_guarded_split_conditional_linear' depends on axioms: [propext, Classical.choice, Quot.sound]
'CostPlanGenerated.p060_checked_blocks_certificate' depends on axioms: [propext, Classical.choice, Quot.sound]
'CostPlanGenerated.p060_checked_blocks_correct' depends on axioms: [propext, Classical.choice, Quot.sound]
'CostPlanGenerated.p060_checked_blocks_cost' depends on axioms: [propext, Classical.choice, Quot.sound]
'CostPlanGenerated.p060_checked_blocks_conditional' depends on axioms: [propext, Classical.choice, Quot.sound]
'CostPlanGenerated.p060_checked_blocks_operational' depends on axioms: [propext, Quot.sound]
'CostPlanGenerated.p060_checked_blocks_quadratic' depends on axioms: [propext, Classical.choice, Quot.sound]
'CostPlanGenerated.p060_checked_blocks_nlog' depends on axioms: [propext, Classical.choice, Quot.sound]
'CostPlanGenerated.p060_checked_blocks_conditional_linear' depends on axioms: [propext, Classical.choice, Quot.sound]
'CostPlanGenerated.p061_nested_certificate' depends on axioms: [propext, Classical.choice, Quot.sound]
'CostPlanGenerated.p061_nested_correct' depends on axioms: [propext, Classical.choice, Quot.sound]
'CostPlanGenerated.p061_nested_cost' depends on axioms: [propext, Classical.choice, Quot.sound]
'CostPlanGenerated.p061_nested_conditional' depends on axioms: [propext, Classical.choice, Quot.sound]
'CostPlanGenerated.p061_nested_operational' depends on axioms: [propext, Quot.sound]
'CostPlanGenerated.p061_nested_quadratic' depends on axioms: [propext, Classical.choice, Quot.sound]
'CostPlanGenerated.p061_nested_nlog' depends on axioms: [propext, Classical.choice, Quot.sound]
'CostPlanGenerated.p062_split_certificate' depends on axioms: [propext, Classical.choice, Quot.sound]
'CostPlanGenerated.p062_split_correct' depends on axioms: [propext, Classical.choice, Quot.sound]
'CostPlanGenerated.p062_split_cost' depends on axioms: [propext, Classical.choice, Quot.sound]
'CostPlanGenerated.p062_split_conditional' depends on axioms: [propext, Classical.choice, Quot.sound]
'CostPlanGenerated.p062_split_operational' depends on axioms: [propext, Quot.sound]
'CostPlanGenerated.p062_split_quadratic' depends on axioms: [propext, Classical.choice, Quot.sound]
'CostPlanGenerated.p062_split_nlog' depends on axioms: [propext, Classical.choice, Quot.sound]
'CostPlanGenerated.p063_guarded_split_certificate' depends on axioms: [propext, Classical.choice, Quot.sound]
'CostPlanGenerated.p063_guarded_split_correct' depends on axioms: [propext, Classical.choice, Quot.sound]
'CostPlanGenerated.p063_guarded_split_cost' depends on axioms: [propext, Classical.choice, Quot.sound]
'CostPlanGenerated.p063_guarded_split_conditional' depends on axioms: [propext, Classical.choice, Quot.sound]
'CostPlanGenerated.p063_guarded_split_operational' depends on axioms: [propext, Quot.sound]
'CostPlanGenerated.p063_guarded_split_quadratic' depends on axioms: [propext, Classical.choice, Quot.sound]
'CostPlanGenerated.p063_guarded_split_nlog' depends on axioms: [propext, Classical.choice, Quot.sound]
'CostPlanGenerated.p063_guarded_split_conditional_linear' depends on axioms: [propext, Classical.choice, Quot.sound]
'CostPlanGenerated.p064_checked_blocks_certificate' depends on axioms: [propext, Classical.choice, Quot.sound]
'CostPlanGenerated.p064_checked_blocks_correct' depends on axioms: [propext, Classical.choice, Quot.sound]
'CostPlanGenerated.p064_checked_blocks_cost' depends on axioms: [propext, Classical.choice, Quot.sound]
'CostPlanGenerated.p064_checked_blocks_conditional' depends on axioms: [propext, Classical.choice, Quot.sound]
'CostPlanGenerated.p064_checked_blocks_operational' depends on axioms: [propext, Quot.sound]
'CostPlanGenerated.p064_checked_blocks_quadratic' depends on axioms: [propext, Classical.choice, Quot.sound]
'CostPlanGenerated.p064_checked_blocks_nlog' depends on axioms: [propext, Classical.choice, Quot.sound]
'CostPlanGenerated.p064_checked_blocks_conditional_linear' depends on axioms: [propext, Classical.choice, Quot.sound]
'CostPlanGenerated.p065_nested_certificate' depends on axioms: [propext, Classical.choice, Quot.sound]
'CostPlanGenerated.p065_nested_correct' depends on axioms: [propext, Classical.choice, Quot.sound]
'CostPlanGenerated.p065_nested_cost' depends on axioms: [propext, Classical.choice, Quot.sound]
'CostPlanGenerated.p065_nested_conditional' depends on axioms: [propext, Classical.choice, Quot.sound]
'CostPlanGenerated.p065_nested_operational' depends on axioms: [propext, Quot.sound]
'CostPlanGenerated.p065_nested_quadratic' depends on axioms: [propext, Classical.choice, Quot.sound]
'CostPlanGenerated.p065_nested_nlog' depends on axioms: [propext, Classical.choice, Quot.sound]
'CostPlanGenerated.p066_split_certificate' depends on axioms: [propext, Classical.choice, Quot.sound]
'CostPlanGenerated.p066_split_correct' depends on axioms: [propext, Classical.choice, Quot.sound]
'CostPlanGenerated.p066_split_cost' depends on axioms: [propext, Classical.choice, Quot.sound]
'CostPlanGenerated.p066_split_conditional' depends on axioms: [propext, Classical.choice, Quot.sound]
'CostPlanGenerated.p066_split_operational' depends on axioms: [propext, Quot.sound]
'CostPlanGenerated.p066_split_quadratic' depends on axioms: [propext, Classical.choice, Quot.sound]
'CostPlanGenerated.p067_guarded_split_certificate' depends on axioms: [propext, Classical.choice, Quot.sound]
'CostPlanGenerated.p067_guarded_split_correct' depends on axioms: [propext, Classical.choice, Quot.sound]
'CostPlanGenerated.p067_guarded_split_cost' depends on axioms: [propext, Classical.choice, Quot.sound]
'CostPlanGenerated.p067_guarded_split_conditional' depends on axioms: [propext, Classical.choice, Quot.sound]
'CostPlanGenerated.p067_guarded_split_operational' depends on axioms: [propext, Quot.sound]
'CostPlanGenerated.p067_guarded_split_quadratic' depends on axioms: [propext, Classical.choice, Quot.sound]
'CostPlanGenerated.p067_guarded_split_conditional_linear' depends on axioms: [propext, Classical.choice, Quot.sound]
'CostPlanGenerated.p068_checked_blocks_certificate' depends on axioms: [propext, Classical.choice, Quot.sound]
'CostPlanGenerated.p068_checked_blocks_correct' depends on axioms: [propext, Classical.choice, Quot.sound]
'CostPlanGenerated.p068_checked_blocks_cost' depends on axioms: [propext, Classical.choice, Quot.sound]
'CostPlanGenerated.p068_checked_blocks_conditional' depends on axioms: [propext, Classical.choice, Quot.sound]
'CostPlanGenerated.p068_checked_blocks_operational' depends on axioms: [propext, Quot.sound]
'CostPlanGenerated.p068_checked_blocks_quadratic' depends on axioms: [propext, Classical.choice, Quot.sound]
'CostPlanGenerated.p068_checked_blocks_conditional_linear' depends on axioms: [propext, Classical.choice, Quot.sound]
'CostPlanGenerated.p069_nested_certificate' depends on axioms: [propext, Classical.choice, Quot.sound]
'CostPlanGenerated.p069_nested_correct' depends on axioms: [propext, Classical.choice, Quot.sound]
'CostPlanGenerated.p069_nested_cost' depends on axioms: [propext, Classical.choice, Quot.sound]
'CostPlanGenerated.p069_nested_conditional' depends on axioms: [propext, Classical.choice, Quot.sound]
'CostPlanGenerated.p069_nested_operational' depends on axioms: [propext, Quot.sound]
'CostPlanGenerated.p069_nested_quadratic' depends on axioms: [propext, Classical.choice, Quot.sound]
'CostPlanGenerated.p070_split_certificate' depends on axioms: [propext, Classical.choice, Quot.sound]
'CostPlanGenerated.p070_split_correct' depends on axioms: [propext, Classical.choice, Quot.sound]
'CostPlanGenerated.p070_split_cost' depends on axioms: [propext, Classical.choice, Quot.sound]
'CostPlanGenerated.p070_split_conditional' depends on axioms: [propext, Classical.choice, Quot.sound]
'CostPlanGenerated.p070_split_operational' depends on axioms: [propext, Quot.sound]
'CostPlanGenerated.p070_split_quadratic' depends on axioms: [propext, Classical.choice, Quot.sound]
'CostPlanGenerated.p070_split_nlog' depends on axioms: [propext, Classical.choice, Quot.sound]
'CostPlanGenerated.p071_guarded_split_certificate' depends on axioms: [propext, Classical.choice, Quot.sound]
'CostPlanGenerated.p071_guarded_split_correct' depends on axioms: [propext, Classical.choice, Quot.sound]
'CostPlanGenerated.p071_guarded_split_cost' depends on axioms: [propext, Classical.choice, Quot.sound]
'CostPlanGenerated.p071_guarded_split_conditional' depends on axioms: [propext, Classical.choice, Quot.sound]
'CostPlanGenerated.p071_guarded_split_operational' depends on axioms: [propext, Quot.sound]
'CostPlanGenerated.p071_guarded_split_quadratic' depends on axioms: [propext, Classical.choice, Quot.sound]
'CostPlanGenerated.p071_guarded_split_nlog' depends on axioms: [propext, Classical.choice, Quot.sound]
'CostPlanGenerated.p071_guarded_split_conditional_linear' depends on axioms: [propext, Classical.choice, Quot.sound]
'CostPlanGenerated.p072_checked_blocks_certificate' depends on axioms: [propext, Classical.choice, Quot.sound]
'CostPlanGenerated.p072_checked_blocks_correct' depends on axioms: [propext, Classical.choice, Quot.sound]
'CostPlanGenerated.p072_checked_blocks_cost' depends on axioms: [propext, Classical.choice, Quot.sound]
'CostPlanGenerated.p072_checked_blocks_conditional' depends on axioms: [propext, Classical.choice, Quot.sound]
'CostPlanGenerated.p072_checked_blocks_operational' depends on axioms: [propext, Quot.sound]
'CostPlanGenerated.p072_checked_blocks_quadratic' depends on axioms: [propext, Classical.choice, Quot.sound]
'CostPlanGenerated.p072_checked_blocks_nlog' depends on axioms: [propext, Classical.choice, Quot.sound]
'CostPlanGenerated.p072_checked_blocks_conditional_linear' depends on axioms: [propext, Classical.choice, Quot.sound]
'CostPlanGenerated.p073_nested_certificate' depends on axioms: [propext, Classical.choice, Quot.sound]
'CostPlanGenerated.p073_nested_correct' depends on axioms: [propext, Classical.choice, Quot.sound]
'CostPlanGenerated.p073_nested_cost' depends on axioms: [propext, Classical.choice, Quot.sound]
'CostPlanGenerated.p073_nested_conditional' depends on axioms: [propext, Classical.choice, Quot.sound]
'CostPlanGenerated.p073_nested_operational' depends on axioms: [propext, Quot.sound]
'CostPlanGenerated.p073_nested_quadratic' depends on axioms: [propext, Classical.choice, Quot.sound]
'CostPlanGenerated.p073_nested_nlog' depends on axioms: [propext, Classical.choice, Quot.sound]
'CostPlanGenerated.p074_split_certificate' depends on axioms: [propext, Classical.choice, Quot.sound]
'CostPlanGenerated.p074_split_correct' depends on axioms: [propext, Classical.choice, Quot.sound]
'CostPlanGenerated.p074_split_cost' depends on axioms: [propext, Classical.choice, Quot.sound]
'CostPlanGenerated.p074_split_conditional' depends on axioms: [propext, Classical.choice, Quot.sound]
'CostPlanGenerated.p074_split_operational' depends on axioms: [propext, Quot.sound]
'CostPlanGenerated.p074_split_quadratic' depends on axioms: [propext, Classical.choice, Quot.sound]
'CostPlanGenerated.p074_split_nlog' depends on axioms: [propext, Classical.choice, Quot.sound]
'CostPlanGenerated.p075_guarded_split_certificate' depends on axioms: [propext, Classical.choice, Quot.sound]
'CostPlanGenerated.p075_guarded_split_correct' depends on axioms: [propext, Classical.choice, Quot.sound]
'CostPlanGenerated.p075_guarded_split_cost' depends on axioms: [propext, Classical.choice, Quot.sound]
'CostPlanGenerated.p075_guarded_split_conditional' depends on axioms: [propext, Classical.choice, Quot.sound]
'CostPlanGenerated.p075_guarded_split_operational' depends on axioms: [propext, Quot.sound]
'CostPlanGenerated.p075_guarded_split_quadratic' depends on axioms: [propext, Classical.choice, Quot.sound]
'CostPlanGenerated.p075_guarded_split_nlog' depends on axioms: [propext, Classical.choice, Quot.sound]
'CostPlanGenerated.p075_guarded_split_conditional_linear' depends on axioms: [propext, Classical.choice, Quot.sound]
'CostPlanGenerated.p076_checked_blocks_certificate' depends on axioms: [propext, Classical.choice, Quot.sound]
'CostPlanGenerated.p076_checked_blocks_correct' depends on axioms: [propext, Classical.choice, Quot.sound]
'CostPlanGenerated.p076_checked_blocks_cost' depends on axioms: [propext, Classical.choice, Quot.sound]
'CostPlanGenerated.p076_checked_blocks_conditional' depends on axioms: [propext, Classical.choice, Quot.sound]
'CostPlanGenerated.p076_checked_blocks_operational' depends on axioms: [propext, Quot.sound]
'CostPlanGenerated.p076_checked_blocks_quadratic' depends on axioms: [propext, Classical.choice, Quot.sound]
'CostPlanGenerated.p076_checked_blocks_nlog' depends on axioms: [propext, Classical.choice, Quot.sound]
'CostPlanGenerated.p076_checked_blocks_conditional_linear' depends on axioms: [propext, Classical.choice, Quot.sound]
'CostPlanGenerated.p077_nested_certificate' depends on axioms: [propext, Classical.choice, Quot.sound]
'CostPlanGenerated.p077_nested_correct' depends on axioms: [propext, Classical.choice, Quot.sound]
'CostPlanGenerated.p077_nested_cost' depends on axioms: [propext, Classical.choice, Quot.sound]
'CostPlanGenerated.p077_nested_conditional' depends on axioms: [propext, Classical.choice, Quot.sound]
'CostPlanGenerated.p077_nested_operational' depends on axioms: [propext, Quot.sound]
'CostPlanGenerated.p077_nested_quadratic' depends on axioms: [propext, Classical.choice, Quot.sound]
'CostPlanGenerated.p077_nested_nlog' depends on axioms: [propext, Classical.choice, Quot.sound]
'CostPlanGenerated.p078_split_certificate' depends on axioms: [propext, Classical.choice, Quot.sound]
'CostPlanGenerated.p078_split_correct' depends on axioms: [propext, Classical.choice, Quot.sound]
'CostPlanGenerated.p078_split_cost' depends on axioms: [propext, Classical.choice, Quot.sound]
'CostPlanGenerated.p078_split_conditional' depends on axioms: [propext, Classical.choice, Quot.sound]
'CostPlanGenerated.p078_split_operational' depends on axioms: [propext, Quot.sound]
'CostPlanGenerated.p078_split_quadratic' depends on axioms: [propext, Classical.choice, Quot.sound]
'CostPlanGenerated.p079_guarded_split_certificate' depends on axioms: [propext, Classical.choice, Quot.sound]
'CostPlanGenerated.p079_guarded_split_correct' depends on axioms: [propext, Classical.choice, Quot.sound]
'CostPlanGenerated.p079_guarded_split_cost' depends on axioms: [propext, Classical.choice, Quot.sound]
'CostPlanGenerated.p079_guarded_split_conditional' depends on axioms: [propext, Classical.choice, Quot.sound]
'CostPlanGenerated.p079_guarded_split_operational' depends on axioms: [propext, Quot.sound]
'CostPlanGenerated.p079_guarded_split_quadratic' depends on axioms: [propext, Classical.choice, Quot.sound]
'CostPlanGenerated.p079_guarded_split_conditional_linear' depends on axioms: [propext, Classical.choice, Quot.sound]
'CostPlanGenerated.p080_checked_blocks_certificate' depends on axioms: [propext, Classical.choice, Quot.sound]
'CostPlanGenerated.p080_checked_blocks_correct' depends on axioms: [propext, Classical.choice, Quot.sound]
'CostPlanGenerated.p080_checked_blocks_cost' depends on axioms: [propext, Classical.choice, Quot.sound]
'CostPlanGenerated.p080_checked_blocks_conditional' depends on axioms: [propext, Classical.choice, Quot.sound]
'CostPlanGenerated.p080_checked_blocks_operational' depends on axioms: [propext, Quot.sound]
'CostPlanGenerated.p080_checked_blocks_quadratic' depends on axioms: [propext, Classical.choice, Quot.sound]
'CostPlanGenerated.p080_checked_blocks_conditional_linear' depends on axioms: [propext, Classical.choice, Quot.sound]
'CostPlanGenerated.p081_nested_certificate' depends on axioms: [propext, Classical.choice, Quot.sound]
'CostPlanGenerated.p081_nested_correct' depends on axioms: [propext, Classical.choice, Quot.sound]
'CostPlanGenerated.p081_nested_cost' depends on axioms: [propext, Classical.choice, Quot.sound]
'CostPlanGenerated.p081_nested_conditional' depends on axioms: [propext, Classical.choice, Quot.sound]
'CostPlanGenerated.p081_nested_operational' depends on axioms: [propext, Quot.sound]
'CostPlanGenerated.p081_nested_quadratic' depends on axioms: [propext, Classical.choice, Quot.sound]
'CostPlanGenerated.p082_split_certificate' depends on axioms: [propext, Classical.choice, Quot.sound]
'CostPlanGenerated.p082_split_correct' depends on axioms: [propext, Classical.choice, Quot.sound]
'CostPlanGenerated.p082_split_cost' depends on axioms: [propext, Classical.choice, Quot.sound]
'CostPlanGenerated.p082_split_conditional' depends on axioms: [propext, Classical.choice, Quot.sound]
'CostPlanGenerated.p082_split_operational' depends on axioms: [propext, Quot.sound]
'CostPlanGenerated.p082_split_quadratic' depends on axioms: [propext, Classical.choice, Quot.sound]
'CostPlanGenerated.p082_split_nlog' depends on axioms: [propext, Classical.choice, Quot.sound]
'CostPlanGenerated.p083_guarded_split_certificate' depends on axioms: [propext, Classical.choice, Quot.sound]
'CostPlanGenerated.p083_guarded_split_correct' depends on axioms: [propext, Classical.choice, Quot.sound]
'CostPlanGenerated.p083_guarded_split_cost' depends on axioms: [propext, Classical.choice, Quot.sound]
'CostPlanGenerated.p083_guarded_split_conditional' depends on axioms: [propext, Classical.choice, Quot.sound]
'CostPlanGenerated.p083_guarded_split_operational' depends on axioms: [propext, Quot.sound]
'CostPlanGenerated.p083_guarded_split_quadratic' depends on axioms: [propext, Classical.choice, Quot.sound]
'CostPlanGenerated.p083_guarded_split_nlog' depends on axioms: [propext, Classical.choice, Quot.sound]
'CostPlanGenerated.p083_guarded_split_conditional_linear' depends on axioms: [propext, Classical.choice, Quot.sound]
'CostPlanGenerated.p084_checked_blocks_certificate' depends on axioms: [propext, Classical.choice, Quot.sound]
'CostPlanGenerated.p084_checked_blocks_correct' depends on axioms: [propext, Classical.choice, Quot.sound]
'CostPlanGenerated.p084_checked_blocks_cost' depends on axioms: [propext, Classical.choice, Quot.sound]
'CostPlanGenerated.p084_checked_blocks_conditional' depends on axioms: [propext, Classical.choice, Quot.sound]
'CostPlanGenerated.p084_checked_blocks_operational' depends on axioms: [propext, Quot.sound]
'CostPlanGenerated.p084_checked_blocks_quadratic' depends on axioms: [propext, Classical.choice, Quot.sound]
'CostPlanGenerated.p084_checked_blocks_nlog' depends on axioms: [propext, Classical.choice, Quot.sound]
'CostPlanGenerated.p084_checked_blocks_conditional_linear' depends on axioms: [propext, Classical.choice, Quot.sound]
'CostPlanGenerated.p085_nested_certificate' depends on axioms: [propext, Classical.choice, Quot.sound]
'CostPlanGenerated.p085_nested_correct' depends on axioms: [propext, Classical.choice, Quot.sound]
'CostPlanGenerated.p085_nested_cost' depends on axioms: [propext, Classical.choice, Quot.sound]
'CostPlanGenerated.p085_nested_conditional' depends on axioms: [propext, Classical.choice, Quot.sound]
'CostPlanGenerated.p085_nested_operational' depends on axioms: [propext, Quot.sound]
'CostPlanGenerated.p085_nested_quadratic' depends on axioms: [propext, Classical.choice, Quot.sound]
'CostPlanGenerated.p085_nested_nlog' depends on axioms: [propext, Classical.choice, Quot.sound]
'CostPlanGenerated.p086_split_certificate' depends on axioms: [propext, Classical.choice, Quot.sound]
'CostPlanGenerated.p086_split_correct' depends on axioms: [propext, Classical.choice, Quot.sound]
'CostPlanGenerated.p086_split_cost' depends on axioms: [propext, Classical.choice, Quot.sound]
'CostPlanGenerated.p086_split_conditional' depends on axioms: [propext, Classical.choice, Quot.sound]
'CostPlanGenerated.p086_split_operational' depends on axioms: [propext, Quot.sound]
'CostPlanGenerated.p086_split_quadratic' depends on axioms: [propext, Classical.choice, Quot.sound]
'CostPlanGenerated.p086_split_nlog' depends on axioms: [propext, Classical.choice, Quot.sound]
'CostPlanGenerated.p087_guarded_split_certificate' depends on axioms: [propext, Classical.choice, Quot.sound]
'CostPlanGenerated.p087_guarded_split_correct' depends on axioms: [propext, Classical.choice, Quot.sound]
'CostPlanGenerated.p087_guarded_split_cost' depends on axioms: [propext, Classical.choice, Quot.sound]
'CostPlanGenerated.p087_guarded_split_conditional' depends on axioms: [propext, Classical.choice, Quot.sound]
'CostPlanGenerated.p087_guarded_split_operational' depends on axioms: [propext, Quot.sound]
'CostPlanGenerated.p087_guarded_split_quadratic' depends on axioms: [propext, Classical.choice, Quot.sound]
'CostPlanGenerated.p087_guarded_split_nlog' depends on axioms: [propext, Classical.choice, Quot.sound]
'CostPlanGenerated.p087_guarded_split_conditional_linear' depends on axioms: [propext, Classical.choice, Quot.sound]
'CostPlanGenerated.p088_checked_blocks_certificate' depends on axioms: [propext, Classical.choice, Quot.sound]
'CostPlanGenerated.p088_checked_blocks_correct' depends on axioms: [propext, Classical.choice, Quot.sound]
'CostPlanGenerated.p088_checked_blocks_cost' depends on axioms: [propext, Classical.choice, Quot.sound]
'CostPlanGenerated.p088_checked_blocks_conditional' depends on axioms: [propext, Classical.choice, Quot.sound]
'CostPlanGenerated.p088_checked_blocks_operational' depends on axioms: [propext, Quot.sound]
'CostPlanGenerated.p088_checked_blocks_quadratic' depends on axioms: [propext, Classical.choice, Quot.sound]
'CostPlanGenerated.p088_checked_blocks_nlog' depends on axioms: [propext, Classical.choice, Quot.sound]
'CostPlanGenerated.p088_checked_blocks_conditional_linear' depends on axioms: [propext, Classical.choice, Quot.sound]
'CostPlanGenerated.p089_nested_certificate' depends on axioms: [propext, Classical.choice, Quot.sound]
'CostPlanGenerated.p089_nested_correct' depends on axioms: [propext, Classical.choice, Quot.sound]
'CostPlanGenerated.p089_nested_cost' depends on axioms: [propext, Classical.choice, Quot.sound]
'CostPlanGenerated.p089_nested_conditional' depends on axioms: [propext, Classical.choice, Quot.sound]
'CostPlanGenerated.p089_nested_operational' depends on axioms: [propext, Quot.sound]
'CostPlanGenerated.p089_nested_quadratic' depends on axioms: [propext, Classical.choice, Quot.sound]
'CostPlanGenerated.p089_nested_nlog' depends on axioms: [propext, Classical.choice, Quot.sound]
'CostPlanGenerated.p090_split_certificate' depends on axioms: [propext, Classical.choice, Quot.sound]
'CostPlanGenerated.p090_split_correct' depends on axioms: [propext, Classical.choice, Quot.sound]
'CostPlanGenerated.p090_split_cost' depends on axioms: [propext, Classical.choice, Quot.sound]
'CostPlanGenerated.p090_split_conditional' depends on axioms: [propext, Classical.choice, Quot.sound]
'CostPlanGenerated.p090_split_operational' depends on axioms: [propext, Quot.sound]
'CostPlanGenerated.p090_split_quadratic' depends on axioms: [propext, Classical.choice, Quot.sound]
'CostPlanGenerated.p090_split_nlog' depends on axioms: [propext, Classical.choice, Quot.sound]
'CostPlanGenerated.p091_guarded_split_certificate' depends on axioms: [propext, Classical.choice, Quot.sound]
'CostPlanGenerated.p091_guarded_split_correct' depends on axioms: [propext, Classical.choice, Quot.sound]
'CostPlanGenerated.p091_guarded_split_cost' depends on axioms: [propext, Classical.choice, Quot.sound]
'CostPlanGenerated.p091_guarded_split_conditional' depends on axioms: [propext, Classical.choice, Quot.sound]
'CostPlanGenerated.p091_guarded_split_operational' depends on axioms: [propext, Quot.sound]
'CostPlanGenerated.p091_guarded_split_quadratic' depends on axioms: [propext, Classical.choice, Quot.sound]
'CostPlanGenerated.p091_guarded_split_nlog' depends on axioms: [propext, Classical.choice, Quot.sound]
'CostPlanGenerated.p091_guarded_split_conditional_linear' depends on axioms: [propext, Classical.choice, Quot.sound]
'CostPlanGenerated.p092_checked_blocks_certificate' depends on axioms: [propext, Classical.choice, Quot.sound]
'CostPlanGenerated.p092_checked_blocks_correct' depends on axioms: [propext, Classical.choice, Quot.sound]
'CostPlanGenerated.p092_checked_blocks_cost' depends on axioms: [propext, Classical.choice, Quot.sound]
'CostPlanGenerated.p092_checked_blocks_conditional' depends on axioms: [propext, Classical.choice, Quot.sound]
'CostPlanGenerated.p092_checked_blocks_operational' depends on axioms: [propext, Quot.sound]
'CostPlanGenerated.p092_checked_blocks_quadratic' depends on axioms: [propext, Classical.choice, Quot.sound]
'CostPlanGenerated.p092_checked_blocks_nlog' depends on axioms: [propext, Classical.choice, Quot.sound]
'CostPlanGenerated.p092_checked_blocks_conditional_linear' depends on axioms: [propext, Classical.choice, Quot.sound]
'CostPlanGenerated.p093_nested_certificate' depends on axioms: [propext, Classical.choice, Quot.sound]
'CostPlanGenerated.p093_nested_correct' depends on axioms: [propext, Classical.choice, Quot.sound]
'CostPlanGenerated.p093_nested_cost' depends on axioms: [propext, Classical.choice, Quot.sound]
'CostPlanGenerated.p093_nested_conditional' depends on axioms: [propext, Classical.choice, Quot.sound]
'CostPlanGenerated.p093_nested_operational' depends on axioms: [propext, Quot.sound]
'CostPlanGenerated.p093_nested_quadratic' depends on axioms: [propext, Classical.choice, Quot.sound]
'CostPlanGenerated.p093_nested_nlog' depends on axioms: [propext, Classical.choice, Quot.sound]
'CostPlanGenerated.p094_split_certificate' depends on axioms: [propext, Classical.choice, Quot.sound]
'CostPlanGenerated.p094_split_correct' depends on axioms: [propext, Classical.choice, Quot.sound]
'CostPlanGenerated.p094_split_cost' depends on axioms: [propext, Classical.choice, Quot.sound]
'CostPlanGenerated.p094_split_conditional' depends on axioms: [propext, Classical.choice, Quot.sound]
'CostPlanGenerated.p094_split_operational' depends on axioms: [propext, Quot.sound]
'CostPlanGenerated.p094_split_quadratic' depends on axioms: [propext, Classical.choice, Quot.sound]
'CostPlanGenerated.p095_guarded_split_certificate' depends on axioms: [propext, Classical.choice, Quot.sound]
'CostPlanGenerated.p095_guarded_split_correct' depends on axioms: [propext, Classical.choice, Quot.sound]
'CostPlanGenerated.p095_guarded_split_cost' depends on axioms: [propext, Classical.choice, Quot.sound]
'CostPlanGenerated.p095_guarded_split_conditional' depends on axioms: [propext, Classical.choice, Quot.sound]
'CostPlanGenerated.p095_guarded_split_operational' depends on axioms: [propext, Quot.sound]
'CostPlanGenerated.p095_guarded_split_quadratic' depends on axioms: [propext, Classical.choice, Quot.sound]
'CostPlanGenerated.p095_guarded_split_conditional_linear' depends on axioms: [propext, Classical.choice, Quot.sound]
'CostPlanGenerated.p096_checked_blocks_certificate' depends on axioms: [propext, Classical.choice, Quot.sound]
'CostPlanGenerated.p096_checked_blocks_correct' depends on axioms: [propext, Classical.choice, Quot.sound]
'CostPlanGenerated.p096_checked_blocks_cost' depends on axioms: [propext, Classical.choice, Quot.sound]
'CostPlanGenerated.p096_checked_blocks_conditional' depends on axioms: [propext, Classical.choice, Quot.sound]
'CostPlanGenerated.p096_checked_blocks_operational' depends on axioms: [propext, Quot.sound]
'CostPlanGenerated.p096_checked_blocks_quadratic' depends on axioms: [propext, Classical.choice, Quot.sound]
'CostPlanGenerated.p096_checked_blocks_conditional_linear' depends on axioms: [propext, Classical.choice, Quot.sound]
'CostPlanGenerated.p097_nested_certificate' depends on axioms: [propext, Classical.choice, Quot.sound]
'CostPlanGenerated.p097_nested_correct' depends on axioms: [propext, Classical.choice, Quot.sound]
'CostPlanGenerated.p097_nested_cost' depends on axioms: [propext, Classical.choice, Quot.sound]
'CostPlanGenerated.p097_nested_conditional' depends on axioms: [propext, Classical.choice, Quot.sound]
'CostPlanGenerated.p097_nested_operational' depends on axioms: [propext, Quot.sound]
'CostPlanGenerated.p097_nested_quadratic' depends on axioms: [propext, Classical.choice, Quot.sound]
'CostPlanGenerated.p098_split_certificate' depends on axioms: [propext, Classical.choice, Quot.sound]
'CostPlanGenerated.p098_split_correct' depends on axioms: [propext, Classical.choice, Quot.sound]
'CostPlanGenerated.p098_split_cost' depends on axioms: [propext, Classical.choice, Quot.sound]
'CostPlanGenerated.p098_split_conditional' depends on axioms: [propext, Classical.choice, Quot.sound]
'CostPlanGenerated.p098_split_operational' depends on axioms: [propext, Quot.sound]
'CostPlanGenerated.p098_split_quadratic' depends on axioms: [propext, Classical.choice, Quot.sound]
'CostPlanGenerated.p098_split_nlog' depends on axioms: [propext, Classical.choice, Quot.sound]
'CostPlanGenerated.p099_guarded_split_certificate' depends on axioms: [propext, Classical.choice, Quot.sound]
'CostPlanGenerated.p099_guarded_split_correct' depends on axioms: [propext, Classical.choice, Quot.sound]
'CostPlanGenerated.p099_guarded_split_cost' depends on axioms: [propext, Classical.choice, Quot.sound]
'CostPlanGenerated.p099_guarded_split_conditional' depends on axioms: [propext, Classical.choice, Quot.sound]
'CostPlanGenerated.p099_guarded_split_operational' depends on axioms: [propext, Quot.sound]
'CostPlanGenerated.p099_guarded_split_quadratic' depends on axioms: [propext, Classical.choice, Quot.sound]
'CostPlanGenerated.p099_guarded_split_nlog' depends on axioms: [propext, Classical.choice, Quot.sound]
'CostPlanGenerated.p099_guarded_split_conditional_linear' depends on axioms: [propext, Classical.choice, Quot.sound]
'CostPlanGenerated.single_merge_certificate' depends on axioms: [propext, Classical.choice, Quot.sound]
'CostPlanGenerated.single_merge_correct' depends on axioms: [propext, Classical.choice, Quot.sound]
'CostPlanGenerated.single_merge_cost' depends on axioms: [propext, Classical.choice, Quot.sound]
'CostPlanGenerated.single_merge_conditional' depends on axioms: [propext, Classical.choice, Quot.sound]
'CostPlanGenerated.single_merge_operational' depends on axioms: [propext, Quot.sound]
'CostPlanGenerated.single_merge_quadratic' depends on axioms: [propext, Classical.choice, Quot.sound]
'CostPlanGenerated.single_merge_nlog' depends on axioms: [propext, Classical.choice, Quot.sound]
'CostPlanGenerated.single_insertion_certificate' depends on axioms: [propext, Classical.choice, Quot.sound]
'CostPlanGenerated.single_insertion_correct' depends on axioms: [propext, Classical.choice, Quot.sound]
'CostPlanGenerated.single_insertion_cost' depends on axioms: [propext, Classical.choice, Quot.sound]
'CostPlanGenerated.single_insertion_conditional' depends on axioms: [propext, Classical.choice, Quot.sound]
'CostPlanGenerated.single_insertion_operational' depends on axioms: [propext, Quot.sound]
'CostPlanGenerated.single_insertion_quadratic' depends on axioms: [propext, Classical.choice, Quot.sound]
'CostPlanGenerated.single_hybrid_4_certificate' depends on axioms: [propext, Classical.choice, Quot.sound]
'CostPlanGenerated.single_hybrid_4_correct' depends on axioms: [propext, Classical.choice, Quot.sound]
'CostPlanGenerated.single_hybrid_4_cost' depends on axioms: [propext, Classical.choice, Quot.sound]
'CostPlanGenerated.single_hybrid_4_conditional' depends on axioms: [propext, Classical.choice, Quot.sound]
'CostPlanGenerated.single_hybrid_4_operational' depends on axioms: [propext, Quot.sound]
'CostPlanGenerated.single_hybrid_4_quadratic' depends on axioms: [propext, Classical.choice, Quot.sound]
'CostPlanGenerated.single_hybrid_4_nlog' depends on axioms: [propext, Classical.choice, Quot.sound]
'CostPlanGenerated.single_hybrid_8_certificate' depends on axioms: [propext, Classical.choice, Quot.sound]
'CostPlanGenerated.single_hybrid_8_correct' depends on axioms: [propext, Classical.choice, Quot.sound]
'CostPlanGenerated.single_hybrid_8_cost' depends on axioms: [propext, Classical.choice, Quot.sound]
'CostPlanGenerated.single_hybrid_8_conditional' depends on axioms: [propext, Classical.choice, Quot.sound]
'CostPlanGenerated.single_hybrid_8_operational' depends on axioms: [propext, Quot.sound]
'CostPlanGenerated.single_hybrid_8_quadratic' depends on axioms: [propext, Classical.choice, Quot.sound]
'CostPlanGenerated.single_hybrid_8_nlog' depends on axioms: [propext, Classical.choice, Quot.sound]
'CostPlanGenerated.single_hybrid_16_certificate' depends on axioms: [propext, Classical.choice, Quot.sound]
'CostPlanGenerated.single_hybrid_16_correct' depends on axioms: [propext, Classical.choice, Quot.sound]
'CostPlanGenerated.single_hybrid_16_cost' depends on axioms: [propext, Classical.choice, Quot.sound]
'CostPlanGenerated.single_hybrid_16_conditional' depends on axioms: [propext, Classical.choice, Quot.sound]
'CostPlanGenerated.single_hybrid_16_operational' depends on axioms: [propext, Quot.sound]
'CostPlanGenerated.single_hybrid_16_quadratic' depends on axioms: [propext, Classical.choice, Quot.sound]
'CostPlanGenerated.single_hybrid_16_nlog' depends on axioms: [propext, Classical.choice, Quot.sound]
'LeanSort.CostedPlan.Examples.twoInsertion_smaller_envelope' depends on axioms: [propext, Classical.choice, Quot.sound]
'LeanSort.CostedPlan.Examples.twoGuarded_smaller_envelope' depends on axioms: [propext, Classical.choice, Quot.sound]
'LeanSort.CostedPlan.Examples.smaller_envelope_but_more_operations' depends on axioms: [propext, Quot.sound]
