{"synthetic": false,
 "schemaVersion": "2025-09-10",
 "outputs":
 {"o": ["63c3a5bc64e9d22a.olean"],
  "m": false,
  "i": "6d5934afdf5419da.ilean",
  "c": "ee787e7573f8de5e.c"},
 "log":
 [{"message":
   ".> LEAN_PATH=/Users/moqian/LeanSort/.lake/packages/Cli/.lake/build/lib/lean:/Users/moqian/LeanSort/.lake/packages/batteries/.lake/build/lib/lean:/Users/moqian/LeanSort/.lake/packages/Qq/.lake/build/lib/lean:/Users/moqian/LeanSort/.lake/packages/aesop/.lake/build/lib/lean:/Users/moqian/LeanSort/.lake/packages/proofwidgets/.lake/build/lib/lean:/Users/moqian/LeanSort/.lake/packages/importGraph/.lake/build/lib/lean:/Users/moqian/LeanSort/.lake/packages/LeanSearchClient/.lake/build/lib/lean:/Users/moqian/LeanSort/.lake/packages/plausible/.lake/build/lib/lean:/Users/moqian/LeanSort/.lake/packages/mathlib/.lake/build/lib/lean:/Users/moqian/LeanSort/.lake/packages/cslib/.lake/build/lib/lean:/Users/moqian/LeanSort/.lake/build/lib/lean /Users/moqian/.elan/toolchains/leanprover--lean4---v4.34.0-rc2/bin/lean /Users/moqian/LeanSort/LeanSort/Algorithm/BudgetSelection/Features.lean -o /Users/moqian/LeanSort/.lake/build/lib/lean/LeanSort/Algorithm/BudgetSelection/Features.olean -i /Users/moqian/LeanSort/.lake/build/lib/lean/LeanSort/Algorithm/BudgetSelection/Features.ilean -c /Users/moqian/LeanSort/.lake/build/ir/LeanSort/Algorithm/BudgetSelection/Features.c --setup /Users/moqian/LeanSort/.lake/build/ir/LeanSort/Algorithm/BudgetSelection/Features.setup.json --json",
   "level": "trace"}],
 "inputs":
 [["deps",
   [["leansort/LeanSort:extraDep",
     [["@leansort:extraDep", "00000000000006bb"]]],
    ["imports",
     [["LeanSort.Algorithm.LearnedSelection.Model transitive imports (legacy)",
       "c72b337c01040f17"],
      ["LeanSort.Algorithm.LearnedSelection.Model:importAllArts",
       "a9ee75d2ecb0debf"]]]]],
  ["libs",
   [["import dynlibs", "00000000000006bb"],
    ["package external libraries", "00000000000006bb"],
    ["module dynlibs", "00000000000006bb"],
    ["module plugins", "00000000000006bb"]]],
  ["Lean 4.34.0, commit 6a10ac8c22beadecabdbb0919c2b50214762f91d",
   "365244c167ac8c1d"],
  ["/Users/moqian/LeanSort/LeanSort/Algorithm/BudgetSelection/Features.lean",
   "7ff88165d43aa86a"],
  ["options", "00000000000006bb"],
  ["isModule: false", "feefd2a0d3a1847e"],
  ["Module.name: LeanSort.Algorithm.BudgetSelection.Features",
   "a51ee89540a556a2"],
  ["Package.id?: (some leansort)", "c099074cf6e8ec59"],
  ["Module.leanArgs: #[]", "00000000000006bb"]],
 "depHash": "d76dd5715ad62489"}