{"synthetic": false,
 "schemaVersion": "2025-09-10",
 "outputs":
 {"o": ["9748f0801cc8f6c2.olean"],
  "m": false,
  "i": "7bfaef1625b265a9.ilean",
  "c": "4478f0ce6466bf76.c"},
 "log":
 [{"message":
   ".> LEAN_PATH=/Users/moqian/LeanSort/.lake/packages/Cli/.lake/build/lib/lean:/Users/moqian/LeanSort/.lake/packages/batteries/.lake/build/lib/lean:/Users/moqian/LeanSort/.lake/packages/Qq/.lake/build/lib/lean:/Users/moqian/LeanSort/.lake/packages/aesop/.lake/build/lib/lean:/Users/moqian/LeanSort/.lake/packages/proofwidgets/.lake/build/lib/lean:/Users/moqian/LeanSort/.lake/packages/importGraph/.lake/build/lib/lean:/Users/moqian/LeanSort/.lake/packages/LeanSearchClient/.lake/build/lib/lean:/Users/moqian/LeanSort/.lake/packages/plausible/.lake/build/lib/lean:/Users/moqian/LeanSort/.lake/packages/mathlib/.lake/build/lib/lean:/Users/moqian/LeanSort/.lake/packages/cslib/.lake/build/lib/lean:/Users/moqian/LeanSort/.lake/build/lib/lean /Users/moqian/.elan/toolchains/leanprover--lean4---v4.34.0-rc2/bin/lean /Users/moqian/LeanSort/LeanSort/Verification/CostedPlan/ChecksCost.lean -o /Users/moqian/LeanSort/.lake/build/lib/lean/LeanSort/Verification/CostedPlan/ChecksCost.olean -i /Users/moqian/LeanSort/.lake/build/lib/lean/LeanSort/Verification/CostedPlan/ChecksCost.ilean -c /Users/moqian/LeanSort/.lake/build/ir/LeanSort/Verification/CostedPlan/ChecksCost.c --setup /Users/moqian/LeanSort/.lake/build/ir/LeanSort/Verification/CostedPlan/ChecksCost.setup.json --json",
   "level": "trace"}],
 "inputs":
 [["deps",
   [["leansort/LeanSort:extraDep",
     [["@leansort:extraDep", "00000000000006bb"]]],
    ["imports",
     [["LeanSort.Algorithm.PlanChecks transitive imports (legacy)",
       "e2baf92df31b4816"],
      ["LeanSort.Algorithm.PlanChecks:importAllArts", "29d5aa489fb21c96"],
      ["LeanSort.Verification.Comparison.Phases transitive imports (legacy)",
       "fdc607d65b8b948f"],
      ["LeanSort.Verification.Comparison.Phases:importAllArts",
       "551e3524f62cee5f"],
      ["LeanSort.Verification.CostedPlan.Cost transitive imports (legacy)",
       "1fd87196a12e2e67"],
      ["LeanSort.Verification.CostedPlan.Cost:importAllArts",
       "3fb458842971910e"]]]]],
  ["libs",
   [["import dynlibs", "00000000000006bb"],
    ["package external libraries", "00000000000006bb"],
    ["module dynlibs", "00000000000006bb"],
    ["module plugins", "00000000000006bb"]]],
  ["Lean 4.34.0, commit 6a10ac8c22beadecabdbb0919c2b50214762f91d",
   "365244c167ac8c1d"],
  ["/Users/moqian/LeanSort/LeanSort/Verification/CostedPlan/ChecksCost.lean",
   "248f7a60a60d364c"],
  ["options", "00000000000006bb"],
  ["isModule: false", "feefd2a0d3a1847e"],
  ["Module.name: LeanSort.Verification.CostedPlan.ChecksCost",
   "6d3fb49d382dd202"],
  ["Package.id?: (some leansort)", "c099074cf6e8ec59"],
  ["Module.leanArgs: #[]", "00000000000006bb"]],
 "depHash": "74f2727f500b772f"}