{"synthetic": false,
 "schemaVersion": "2025-09-10",
 "outputs":
 {"o": ["6d2270244e9cfaba.olean"],
  "m": false,
  "i": "ef6d048192046dad.ilean",
  "c": "41a6b9e137b117f8.c"},
 "log":
 [{"message":
   ".> LEAN_PATH=/Users/moqian/LeanSort/.lake/packages/Cli/.lake/build/lib/lean:/Users/moqian/LeanSort/.lake/packages/batteries/.lake/build/lib/lean:/Users/moqian/LeanSort/.lake/packages/Qq/.lake/build/lib/lean:/Users/moqian/LeanSort/.lake/packages/aesop/.lake/build/lib/lean:/Users/moqian/LeanSort/.lake/packages/proofwidgets/.lake/build/lib/lean:/Users/moqian/LeanSort/.lake/packages/importGraph/.lake/build/lib/lean:/Users/moqian/LeanSort/.lake/packages/LeanSearchClient/.lake/build/lib/lean:/Users/moqian/LeanSort/.lake/packages/plausible/.lake/build/lib/lean:/Users/moqian/LeanSort/.lake/packages/mathlib/.lake/build/lib/lean:/Users/moqian/LeanSort/.lake/packages/cslib/.lake/build/lib/lean:/Users/moqian/LeanSort/.lake/build/lib/lean /Users/moqian/.elan/toolchains/leanprover--lean4---v4.34.0-rc2/bin/lean /Users/moqian/LeanSort/LeanSort/Verification/CostedPlan/Examples.lean -o /Users/moqian/LeanSort/.lake/build/lib/lean/LeanSort/Verification/CostedPlan/Examples.olean -i /Users/moqian/LeanSort/.lake/build/lib/lean/LeanSort/Verification/CostedPlan/Examples.ilean -c /Users/moqian/LeanSort/.lake/build/ir/LeanSort/Verification/CostedPlan/Examples.c --setup /Users/moqian/LeanSort/.lake/build/ir/LeanSort/Verification/CostedPlan/Examples.setup.json --json",
   "level": "trace"}],
 "inputs":
 [["deps",
   [["leansort/LeanSort:extraDep",
     [["@leansort:extraDep", "00000000000006bb"]]],
    ["imports",
     [["LeanSort.Verification.CostedPlan.Conditions transitive imports (legacy)",
       "a85cafb9f597f090"],
      ["LeanSort.Verification.CostedPlan.Conditions:importAllArts",
       "8541a87d90e7a97b"],
      ["LeanSort.Verification.CostedPlan.ChecksCost transitive imports (legacy)",
       "f275df7c2a456c98"],
      ["LeanSort.Verification.CostedPlan.ChecksCost:importAllArts",
       "fe48c2734ff252f3"]]]]],
  ["libs",
   [["import dynlibs", "00000000000006bb"],
    ["package external libraries", "00000000000006bb"],
    ["module dynlibs", "00000000000006bb"],
    ["module plugins", "00000000000006bb"]]],
  ["Lean 4.34.0, commit 6a10ac8c22beadecabdbb0919c2b50214762f91d",
   "365244c167ac8c1d"],
  ["/Users/moqian/LeanSort/LeanSort/Verification/CostedPlan/Examples.lean",
   "f6bb975559f19e2f"],
  ["options", "00000000000006bb"],
  ["isModule: false", "feefd2a0d3a1847e"],
  ["Module.name: LeanSort.Verification.CostedPlan.Examples",
   "23a351ee1e29f794"],
  ["Package.id?: (some leansort)", "c099074cf6e8ec59"],
  ["Module.leanArgs: #[]", "00000000000006bb"]],
 "depHash": "f626f55e3bbc6666"}