{"synthetic": false,
 "schemaVersion": "2025-09-10",
 "outputs":
 {"o": ["194ced8441875f2c.olean"],
  "m": false,
  "i": "31c57ac46da32a3f.ilean",
  "c": "34a747ad23e3425e.c"},
 "log":
 [{"message":
   ".> LEAN_PATH=/Users/moqian/LeanSort/.lake/packages/Cli/.lake/build/lib/lean:/Users/moqian/LeanSort/.lake/packages/batteries/.lake/build/lib/lean:/Users/moqian/LeanSort/.lake/packages/Qq/.lake/build/lib/lean:/Users/moqian/LeanSort/.lake/packages/aesop/.lake/build/lib/lean:/Users/moqian/LeanSort/.lake/packages/proofwidgets/.lake/build/lib/lean:/Users/moqian/LeanSort/.lake/packages/importGraph/.lake/build/lib/lean:/Users/moqian/LeanSort/.lake/packages/LeanSearchClient/.lake/build/lib/lean:/Users/moqian/LeanSort/.lake/packages/plausible/.lake/build/lib/lean:/Users/moqian/LeanSort/.lake/packages/mathlib/.lake/build/lib/lean:/Users/moqian/LeanSort/.lake/build/lib/lean /Users/moqian/.elan/toolchains/leanprover--lean4---v4.34.0-rc2/bin/lean /Users/moqian/LeanSort/LeanSort/Verification/Pancake/Correctness.lean -o /Users/moqian/LeanSort/.lake/build/lib/lean/LeanSort/Verification/Pancake/Correctness.olean -i /Users/moqian/LeanSort/.lake/build/lib/lean/LeanSort/Verification/Pancake/Correctness.ilean -c /Users/moqian/LeanSort/.lake/build/ir/LeanSort/Verification/Pancake/Correctness.c --setup /Users/moqian/LeanSort/.lake/build/ir/LeanSort/Verification/Pancake/Correctness.setup.json --json",
   "level": "trace"}],
 "inputs":
 [["deps",
   [["leansort/LeanSort:extraDep",
     [["@leansort:extraDep", "00000000000006bb"]]],
    ["imports",
     [["LeanSort.Verification.Pancake.Equations transitive imports (legacy)",
       "5c78fbd25b992fa5"],
      ["LeanSort.Verification.Pancake.Equations:importAllArts",
       "3d00449f73877050"],
      ["LeanSort.Model.SortingResult transitive imports (legacy)",
       "b3d7a295e7ee80c6"],
      ["LeanSort.Model.SortingResult:importAllArts", "ba0c5035a6dc7f2e"]]]]],
  ["libs",
   [["import dynlibs", "00000000000006bb"],
    ["package external libraries", "00000000000006bb"],
    ["module dynlibs", "00000000000006bb"],
    ["module plugins", "00000000000006bb"]]],
  ["Lean 4.34.0, commit 6a10ac8c22beadecabdbb0919c2b50214762f91d",
   "365244c167ac8c1d"],
  ["/Users/moqian/LeanSort/LeanSort/Verification/Pancake/Correctness.lean",
   "8bfa17c5e02d6344"],
  ["options", "00000000000006bb"],
  ["isModule: false", "feefd2a0d3a1847e"],
  ["Module.name: LeanSort.Verification.Pancake.Correctness",
   "5bd3edd2172207f3"],
  ["Package.id?: (some leansort)", "c099074cf6e8ec59"],
  ["Module.leanArgs: #[]", "00000000000006bb"]],
 "depHash": "a072f89d04aad539"}