{"synthetic": false,
 "schemaVersion": "2025-09-10",
 "outputs":
 {"o": ["7ac768891547aef9.olean"],
  "m": false,
  "i": "684c1060ae181610.ilean",
  "c": "7159999d047ef355.c"},
 "log":
 [{"message":
   ".> LEAN_PATH=/Users/moqian/LeanSort/.lake/packages/Cli/.lake/build/lib/lean:/Users/moqian/LeanSort/.lake/packages/batteries/.lake/build/lib/lean:/Users/moqian/LeanSort/.lake/packages/Qq/.lake/build/lib/lean:/Users/moqian/LeanSort/.lake/packages/aesop/.lake/build/lib/lean:/Users/moqian/LeanSort/.lake/packages/proofwidgets/.lake/build/lib/lean:/Users/moqian/LeanSort/.lake/packages/importGraph/.lake/build/lib/lean:/Users/moqian/LeanSort/.lake/packages/LeanSearchClient/.lake/build/lib/lean:/Users/moqian/LeanSort/.lake/packages/plausible/.lake/build/lib/lean:/Users/moqian/LeanSort/.lake/packages/mathlib/.lake/build/lib/lean:/Users/moqian/LeanSort/.lake/build/lib/lean /Users/moqian/.elan/toolchains/leanprover--lean4---v4.34.0-rc2/bin/lean /Users/moqian/LeanSort/LeanSort/Verification/Pancake/Trace.lean -o /Users/moqian/LeanSort/.lake/build/lib/lean/LeanSort/Verification/Pancake/Trace.olean -i /Users/moqian/LeanSort/.lake/build/lib/lean/LeanSort/Verification/Pancake/Trace.ilean -c /Users/moqian/LeanSort/.lake/build/ir/LeanSort/Verification/Pancake/Trace.c --setup /Users/moqian/LeanSort/.lake/build/ir/LeanSort/Verification/Pancake/Trace.setup.json --json",
   "level": "trace"}],
 "inputs":
 [["deps",
   [["leansort/LeanSort:extraDep",
     [["@leansort:extraDep", "00000000000006bb"]]],
    ["imports",
     [["LeanSort.Verification.Pancake.Equations transitive imports (legacy)",
       "5c78fbd25b992fa5"],
      ["LeanSort.Verification.Pancake.Equations:importAllArts",
       "3d00449f73877050"],
      ["LeanSort.Verification.Shared.RearrangementLemmas transitive imports (legacy)",
       "d7ed03c9a15d7c22"],
      ["LeanSort.Verification.Shared.RearrangementLemmas:importAllArts",
       "6f622c80dc11b0f3"]]]]],
  ["libs",
   [["import dynlibs", "00000000000006bb"],
    ["package external libraries", "00000000000006bb"],
    ["module dynlibs", "00000000000006bb"],
    ["module plugins", "00000000000006bb"]]],
  ["Lean 4.34.0, commit 6a10ac8c22beadecabdbb0919c2b50214762f91d",
   "365244c167ac8c1d"],
  ["/Users/moqian/LeanSort/LeanSort/Verification/Pancake/Trace.lean",
   "9ff2ac73707f29d0"],
  ["options", "00000000000006bb"],
  ["isModule: false", "feefd2a0d3a1847e"],
  ["Module.name: LeanSort.Verification.Pancake.Trace", "e308ba3231b27c86"],
  ["Package.id?: (some leansort)", "c099074cf6e8ec59"],
  ["Module.leanArgs: #[]", "00000000000006bb"]],
 "depHash": "7e7927e71d7d9071"}