'LeanSort.RunAdaptive.discover_spec' depends on axioms: [propext, Quot.sound]
'LeanSort.RunAdaptive.discover_cost' depends on axioms: [propext, Classical.choice, Quot.sound]
'LeanSort.RunAdaptive.discover_no_sorting' depends on axioms: [propext, Quot.sound]
'LeanSort.RunAdaptive.discover_count_le' depends on axioms: [propext, Quot.sound]
'LeanSort.RunAdaptive.discover_of_sorted' depends on axioms: [propext, Quot.sound]
'LeanSort.RunAdaptive.runCount_eq_descents' depends on axioms: [propext, Quot.sound]
'LeanSort.RunAdaptive.runCount_zero_iff' depends on axioms: [propext, Quot.sound]
'LeanSort.RunAdaptive.countPlan_leaves' depends on axioms: [propext, Classical.choice, Quot.sound]
'LeanSort.RunAdaptive.countPlan_depth' depends on axioms: [propext, Classical.choice, Quot.sound]
'LeanSort.RunAdaptive.countPlan_budget' depends on axioms: [propext, Classical.choice, Quot.sound]
'LeanSort.RunAdaptive.lengthPlan_leaves' depends on axioms: [propext, Classical.choice, Quot.sound]
'LeanSort.RunAdaptive.MergeTree.cost_le_budget' depends on axioms: [propext, Classical.choice, Quot.sound]
'LeanSort.RunAdaptive.MergeTree.budget_le_weight_depth' depends on axioms: [propext, Classical.choice, Quot.sound]
'LeanSort.RunAdaptive.MergeTree.no_checks' depends on axioms: [propext, Classical.choice, Quot.sound]
'LeanSort.RunAdaptive.count_sort_spec' depends on axioms: [propext, Classical.choice, Quot.sound]
'LeanSort.RunAdaptive.length_sort_spec' depends on axioms: [propext, Classical.choice, Quot.sound]
'LeanSort.RunAdaptive.operational_certificate' depends on axioms: [propext]
'LeanSort.RunAdaptive.cost_decomposition' depends on axioms: [propext, Classical.choice, Quot.sound]
'LeanSort.RunAdaptive.check_cost' depends on axioms: [propext, Classical.choice, Quot.sound]
'LeanSort.RunAdaptive.sorting_cost' depends on axioms: [propext, Classical.choice, Quot.sound]
'LeanSort.RunAdaptive.cost_le_tree_budget' depends on axioms: [propext, Classical.choice, Quot.sound]
'LeanSort.RunAdaptive.count_cost_le_upper' depends on axioms: [propext, Classical.choice, Quot.sound]
'LeanSort.RunAdaptive.count_cost_le_nlog_envelope' depends on axioms: [propext, Classical.choice, Quot.sound]
'LeanSort.RunAdaptive.empty_case' depends on axioms: [propext, Classical.choice, Quot.sound]
'LeanSort.RunAdaptive.upper_le_structuralScale' depends on axioms: [propext, Classical.choice, Quot.sound]
'LeanSort.RunAdaptive.count_cost_isBigO_structural' depends on axioms: [propext, Classical.choice, Quot.sound]
'LeanSort.RunAdaptive.count_cost_isBigO_nlog' depends on axioms: [propext, Classical.choice, Quot.sound]
'LeanSort.RunAdaptive.count_cost_of_sorted' depends on axioms: [propext, Classical.choice, Quot.sound]
'LeanSort.RunAdaptive.sorted_cost_isBigO_linear' depends on axioms: [propext, Classical.choice, Quot.sound]
'LeanSort.RunAdaptive.length_cost_of_sorted' depends on axioms: [propext, Classical.choice, Quot.sound]
'LeanSort.RunAdaptive.unequal_length_witness' depends on axioms: [propext, Quot.sound]
'LeanSort.RunAdaptive.Strategy.correct' depends on axioms: [propext, Classical.choice, Quot.sound]
'LeanSort.RunAdaptive.Strategy.cost_bound' depends on axioms: [propext, Classical.choice, Quot.sound]
'LeanSort.RunAdaptive.Strategy.execution' depends on axioms: [propext, Quot.sound]
'LeanSort.RunAdaptive.Strategy.phases' depends on axioms: [propext, Quot.sound]
