{"synthetic": false,
 "schemaVersion": "2025-09-10",
 "outputs":
 {"o": ["0dee5d31a8219879.olean"],
  "m": false,
  "i": "4be3e32bf47b0b05.ilean",
  "c": "c5636e989b835592.c"},
 "log":
 [{"message":
   ".> LEAN_PATH=/Users/moqian/LeanSort/.lake/packages/Cli/.lake/build/lib/lean:/Users/moqian/LeanSort/.lake/packages/batteries/.lake/build/lib/lean:/Users/moqian/LeanSort/.lake/packages/Qq/.lake/build/lib/lean:/Users/moqian/LeanSort/.lake/packages/aesop/.lake/build/lib/lean:/Users/moqian/LeanSort/.lake/packages/proofwidgets/.lake/build/lib/lean:/Users/moqian/LeanSort/.lake/packages/importGraph/.lake/build/lib/lean:/Users/moqian/LeanSort/.lake/packages/LeanSearchClient/.lake/build/lib/lean:/Users/moqian/LeanSort/.lake/packages/plausible/.lake/build/lib/lean:/Users/moqian/LeanSort/.lake/packages/mathlib/.lake/build/lib/lean:/Users/moqian/LeanSort/.lake/build/lib/lean /Users/moqian/.elan/toolchains/leanprover--lean4---v4.34.0-rc2/bin/lean /Users/moqian/LeanSort/LeanSort/Verification/Selection/Complexity.lean -o /Users/moqian/LeanSort/.lake/build/lib/lean/LeanSort/Verification/Selection/Complexity.olean -i /Users/moqian/LeanSort/.lake/build/lib/lean/LeanSort/Verification/Selection/Complexity.ilean -c /Users/moqian/LeanSort/.lake/build/ir/LeanSort/Verification/Selection/Complexity.c --setup /Users/moqian/LeanSort/.lake/build/ir/LeanSort/Verification/Selection/Complexity.setup.json --json",
   "level": "trace"}],
 "inputs":
 [["deps",
   [["leansort/LeanSort:extraDep",
     [["@leansort:extraDep", "00000000000006bb"]]],
    ["imports",
     [["LeanSort.Verification.Selection.Cost transitive imports (legacy)",
       "eed1b1cba2851b88"],
      ["LeanSort.Verification.Selection.Cost:importAllArts",
       "00235a6b82165863"],
      ["Mathlib.Analysis.Asymptotics.Basic transitive imports (legacy)",
       "13dc3440c73143dd"],
      ["Mathlib.Analysis.Asymptotics.Basic:importAllArts",
       "748ab41a63db39e7"]]]]],
  ["libs",
   [["import dynlibs", "00000000000006bb"],
    ["package external libraries", "00000000000006bb"],
    ["module dynlibs", "00000000000006bb"],
    ["module plugins", "00000000000006bb"]]],
  ["Lean 4.34.0, commit 6a10ac8c22beadecabdbb0919c2b50214762f91d",
   "365244c167ac8c1d"],
  ["/Users/moqian/LeanSort/LeanSort/Verification/Selection/Complexity.lean",
   "72c4bedb2cd85b1b"],
  ["options", "00000000000006bb"],
  ["isModule: false", "feefd2a0d3a1847e"],
  ["Module.name: LeanSort.Verification.Selection.Complexity",
   "ef6b7e38e9319a54"],
  ["Package.id?: (some leansort)", "c099074cf6e8ec59"],
  ["Module.leanArgs: #[]", "00000000000006bb"]],
 "depHash": "15430ea8ff7f94d8"}