{"synthetic": false,
 "schemaVersion": "2025-09-10",
 "outputs":
 {"o": ["e5641150ea0621ee.olean"],
  "m": false,
  "i": "0ef00d59f509ca38.ilean",
  "c": "96310351fe067c54.c"},
 "log":
 [{"message":
   ".> LEAN_PATH=/Users/moqian/LeanSort/.lake/packages/Cli/.lake/build/lib/lean:/Users/moqian/LeanSort/.lake/packages/batteries/.lake/build/lib/lean:/Users/moqian/LeanSort/.lake/packages/Qq/.lake/build/lib/lean:/Users/moqian/LeanSort/.lake/packages/aesop/.lake/build/lib/lean:/Users/moqian/LeanSort/.lake/packages/proofwidgets/.lake/build/lib/lean:/Users/moqian/LeanSort/.lake/packages/importGraph/.lake/build/lib/lean:/Users/moqian/LeanSort/.lake/packages/LeanSearchClient/.lake/build/lib/lean:/Users/moqian/LeanSort/.lake/packages/plausible/.lake/build/lib/lean:/Users/moqian/LeanSort/.lake/packages/mathlib/.lake/build/lib/lean:/Users/moqian/LeanSort/.lake/build/lib/lean /Users/moqian/.elan/toolchains/leanprover--lean4---v4.34.0-rc2/bin/lean /Users/moqian/LeanSort/LeanSort/Verification/Selection/Cost.lean -o /Users/moqian/LeanSort/.lake/build/lib/lean/LeanSort/Verification/Selection/Cost.olean -i /Users/moqian/LeanSort/.lake/build/lib/lean/LeanSort/Verification/Selection/Cost.ilean -c /Users/moqian/LeanSort/.lake/build/ir/LeanSort/Verification/Selection/Cost.c --setup /Users/moqian/LeanSort/.lake/build/ir/LeanSort/Verification/Selection/Cost.setup.json --json",
   "level": "trace"}],
 "inputs":
 [["deps",
   [["leansort/LeanSort:extraDep",
     [["@leansort:extraDep", "00000000000006bb"]]],
    ["imports",
     [["LeanSort.Verification.Selection.Equations transitive imports (legacy)",
       "9c1cbd6398280b46"],
      ["LeanSort.Verification.Selection.Equations:importAllArts",
       "9dd39aaf64afe5a2"]]]]],
  ["libs",
   [["import dynlibs", "00000000000006bb"],
    ["package external libraries", "00000000000006bb"],
    ["module dynlibs", "00000000000006bb"],
    ["module plugins", "00000000000006bb"]]],
  ["Lean 4.34.0, commit 6a10ac8c22beadecabdbb0919c2b50214762f91d",
   "365244c167ac8c1d"],
  ["/Users/moqian/LeanSort/LeanSort/Verification/Selection/Cost.lean",
   "97b7297a87f4a92a"],
  ["options", "00000000000006bb"],
  ["isModule: false", "feefd2a0d3a1847e"],
  ["Module.name: LeanSort.Verification.Selection.Cost", "1887a8c74003ea08"],
  ["Package.id?: (some leansort)", "c099074cf6e8ec59"],
  ["Module.leanArgs: #[]", "00000000000006bb"]],
 "depHash": "3d8d12268b969b2b"}